Component: ARM Compiler 5.06 update 6 (build 750) Tool: armlink [4d35ed]

==============================================================================

Section Cross References

    main.o(i.main) refers to misc.o(i.NVIC_PriorityGroupConfig) for NVIC_PriorityGroupConfig
    main.o(i.main) refers to delay.o(i.delay_init) for delay_init
    main.o(i.main) refers to usart.o(i.uart_init) for uart_init
    main.o(i.main) refers to usart2.o(i.usart2_init) for usart2_init
    main.o(i.main) refers to usart3.o(i.usart3_init) for usart3_init
    main.o(i.main) refers to adc.o(i.Adc_Init) for Adc_Init
    main.o(i.main) refers to adc.o(i.Adc2_Init) for Adc2_Init
    main.o(i.main) refers to dac.o(i.Dac1_Init) for Dac1_Init
    main.o(i.main) refers to gpio.o(i.Line_Init) for Line_Init
    main.o(i.main) refers to gpio.o(i.Beep_Init) for Beep_Init
    main.o(i.main) refers to gpio.o(i.Moku_Init) for Moku_Init
    main.o(i.main) refers to gpio.o(i.Speech_Out) for Speech_Out
    main.o(i.main) refers to gpio.o(i.Speech_Init) for Speech_Init
    main.o(i.main) refers to timer.o(i.TIM2_Int_Init) for TIM2_Int_Init
    main.o(i.main) refers to timer.o(i.TIM3_Int_Init) for TIM3_Int_Init
    main.o(i.main) refers to timer.o(i.TIM4_Int_Init) for TIM4_Int_Init
    main.o(i.main) refers to servo.o(i.Servo_Init) for Servo_Init
    main.o(i.main) refers to servo.o(i.Drive_Servo) for Drive_Servo
    main.o(i.main) refers to esp8266.o(i.esp8266_start_AP) for esp8266_start_AP
    main.o(i.main) refers to __2printf.o(.text) for __2printf
    main.o(i.main) refers to timer.o(.data) for flag
    main.o(i.main) refers to usart.o(.data) for USART_RX_STA
    main.o(i.main) refers to usart.o(.bss) for USART_RX_BUF
    main.o(i.main) refers to speech.o(.data) for play_flag
    main.o(i.main) refers to delay.o(i.delay_ms) for delay_ms
    main.o(i.main) refers to stm32f4xx_usart.o(i.USART_GetFlagStatus) for USART_GetFlagStatus
    main.o(i.main) refers to atoi.o(.text) for atoi
    main.o(i.main) refers to usart2.o(i.u2_printf) for u2_printf
    main.o(i.main) refers to speech.o(i.Open_Loc) for Open_Loc
    main.o(i.main) refers to speech.o(i.Open_Spe) for Open_Spe
    main.o(i.main) refers to usart2.o(.data) for USART2_RX_STA
    main.o(i.main) refers to usart2.o(.bss) for USART2_RX_BUF
    main.o(i.main) refers to usart3.o(.data) for USART3_RX_STA
    main.o(i.main) refers to delay.o(i.delay_s) for delay_s
    main.o(i.main) refers to speech.o(i.Spe_Org) for Spe_Org
    main.o(i.main) refers to speech.o(i.Spe_Equ) for Spe_Equ
    main.o(i.main) refers to speech.o(i.Spe_Wit) for Spe_Wit
    main.o(i.main) refers to speech.o(i.Open_Equ) for Open_Equ
    system_stm32f4xx.o(i.SystemCoreClockUpdate) refers to system_stm32f4xx.o(.data) for SystemCoreClock
    system_stm32f4xx.o(i.SystemInit) refers to system_stm32f4xx.o(i.SetSysClock) for SetSysClock
    adc.o(i.Adc2_Init) refers to stm32f4xx_rcc.o(i.RCC_AHB1PeriphClockCmd) for RCC_AHB1PeriphClockCmd
    adc.o(i.Adc2_Init) refers to stm32f4xx_rcc.o(i.RCC_APB2PeriphClockCmd) for RCC_APB2PeriphClockCmd
    adc.o(i.Adc2_Init) refers to stm32f4xx_gpio.o(i.GPIO_Init) for GPIO_Init
    adc.o(i.Adc2_Init) refers to stm32f4xx_rcc.o(i.RCC_APB2PeriphResetCmd) for RCC_APB2PeriphResetCmd
    adc.o(i.Adc2_Init) refers to stm32f4xx_adc.o(i.ADC_CommonInit) for ADC_CommonInit
    adc.o(i.Adc2_Init) refers to stm32f4xx_adc.o(i.ADC_Init) for ADC_Init
    adc.o(i.Adc2_Init) refers to stm32f4xx_adc.o(i.ADC_Cmd) for ADC_Cmd
    adc.o(i.Adc_Init) refers to stm32f4xx_rcc.o(i.RCC_AHB1PeriphClockCmd) for RCC_AHB1PeriphClockCmd
    adc.o(i.Adc_Init) refers to stm32f4xx_rcc.o(i.RCC_APB2PeriphClockCmd) for RCC_APB2PeriphClockCmd
    adc.o(i.Adc_Init) refers to stm32f4xx_gpio.o(i.GPIO_Init) for GPIO_Init
    adc.o(i.Adc_Init) refers to stm32f4xx_rcc.o(i.RCC_APB2PeriphResetCmd) for RCC_APB2PeriphResetCmd
    adc.o(i.Adc_Init) refers to stm32f4xx_adc.o(i.ADC_CommonInit) for ADC_CommonInit
    adc.o(i.Adc_Init) refers to stm32f4xx_adc.o(i.ADC_Init) for ADC_Init
    adc.o(i.Adc_Init) refers to stm32f4xx_adc.o(i.ADC_Cmd) for ADC_Cmd
    adc.o(i.Get_Adc) refers to stm32f4xx_adc.o(i.ADC_RegularChannelConfig) for ADC_RegularChannelConfig
    adc.o(i.Get_Adc) refers to stm32f4xx_adc.o(i.ADC_SoftwareStartConv) for ADC_SoftwareStartConv
    adc.o(i.Get_Adc) refers to stm32f4xx_adc.o(i.ADC_GetFlagStatus) for ADC_GetFlagStatus
    adc.o(i.Get_Adc) refers to stm32f4xx_adc.o(i.ADC_GetConversionValue) for ADC_GetConversionValue
    adc.o(i.Get_Adc2) refers to stm32f4xx_adc.o(i.ADC_RegularChannelConfig) for ADC_RegularChannelConfig
    adc.o(i.Get_Adc2) refers to stm32f4xx_adc.o(i.ADC_SoftwareStartConv) for ADC_SoftwareStartConv
    adc.o(i.Get_Adc2) refers to stm32f4xx_adc.o(i.ADC_GetFlagStatus) for ADC_GetFlagStatus
    adc.o(i.Get_Adc2) refers to stm32f4xx_adc.o(i.ADC_GetConversionValue) for ADC_GetConversionValue
    adc.o(i.Get_Adc2_Average) refers to adc.o(i.Get_Adc2) for Get_Adc2
[...]
    _dsub1                                   0x080055d5   Thumb Code     0  daddsub_clz.o(x$fpl$dsub)
    x$fpl$f2d                                0x08005798   Section       86  f2d.o(x$fpl$f2d)
    $v0                                      0x08005798   Number         0  f2d.o(x$fpl$f2d)
    x$fpl$fnaninf                            0x080057ee   Section      140  fnaninf.o(x$fpl$fnaninf)
    $v0                                      0x080057ee   Number         0  fnaninf.o(x$fpl$fnaninf)
    x$fpl$fpinit                             0x0800587a   Section       10  fpinit.o(x$fpl$fpinit)
    $v0                                      0x0800587a   Number         0  fpinit.o(x$fpl$fpinit)
    x$fpl$fretinf                            0x08005884   Section       10  fretinf.o(x$fpl$fretinf)
    $v0                                      0x08005884   Number         0  fretinf.o(x$fpl$fretinf)
    x$fpl$printf1                            0x0800588e   Section        4  printf1.o(x$fpl$printf1)
    $v0                                      0x0800588e   Number         0  printf1.o(x$fpl$printf1)
    .constdata                               0x08005892   Section       17  __printf_flags_ss_wp.o(.constdata)
    x$fpl$usenofp                            0x08005892   Section        0  usenofp.o(x$fpl$usenofp)
    maptable                                 0x08005892   Data          17  __printf_flags_ss_wp.o(.constdata)
    .constdata                               0x080058a4   Section        8  _printf_wctomb.o(.constdata)
    initial_mbstate                          0x080058a4   Data           8  _printf_wctomb.o(.constdata)
    .constdata                               0x080058ac   Section       40  _printf_hex_int_ll_ptr.o(.constdata)
    uc_hextab                                0x080058ac   Data          20  _printf_hex_int_ll_ptr.o(.constdata)
    lc_hextab                                0x080058c0   Data          20  _printf_hex_int_ll_ptr.o(.constdata)
    .constdata                               0x080058d4   Section      148  bigflt0.o(.constdata)
    tenpwrs_x                                0x080058d4   Data          60  bigflt0.o(.constdata)
    tenpwrs_i                                0x08005910   Data          64  bigflt0.o(.constdata)
    locale$$data                             0x08005988   Section       28  lc_numeric_c.o(locale$$data)
    __lcnum_c_name                           0x0800598c   Data           2  lc_numeric_c.o(locale$$data)
    __lcnum_c_start                          0x08005994   Data           0  lc_numeric_c.o(locale$$data)
    __lcnum_c_point                          0x080059a0   Data           0  lc_numeric_c.o(locale$$data)
    __lcnum_c_thousands                      0x080059a2   Data           0  lc_numeric_c.o(locale$$data)
    __lcnum_c_grouping                       0x080059a3   Data           0  lc_numeric_c.o(locale$$data)
    locale$$data                             0x080059a4   Section      272  lc_ctype_c.o(locale$$data)
    __lcnum_c_end                            0x080059a4   Data           0  lc_numeric_c.o(locale$$data)
    __lcctype_c_name                         0x080059a8   Data           2  lc_ctype_c.o(locale$$data)
    __lcctype_c_start                        0x080059b0   Data           0  lc_ctype_c.o(locale$$data)
    __lcctype_c_end                          0x08005ab4   Data           0  lc_ctype_c.o(locale$$data)
    .data                                    0x20000000   Section       12  adc.o(.data)
    .data                                    0x2000000c   Section        2  usart2.o(.data)
    .data                                    0x2000000e   Section        2  usart3.o(.data)
    .data                                    0x20000010   Section       48  pid.o(.data)
    .data                                    0x20000040   Section       32  timer.o(.data)
    .data                                    0x20000060   Section       10  speech.o(.data)
    .data                                    0x2000006a   Section        4  delay.o(.data)
    fac_us                                   0x2000006a   Data           1  delay.o(.data)
    fac_ms                                   0x2000006c   Data           2  delay.o(.data)
    .data                                    0x20000070   Section        6  usart.o(.data)
    .data                                    0x20000076   Section       16  stm32f4xx_rcc.o(.data)
    APBAHBPrescTable                         0x20000076   Data          16  stm32f4xx_rcc.o(.data)
    .bss                                     0x20000088   Section      400  usart2.o(.bss)
    .bss                                     0x20000218   Section      400  usart3.o(.bss)
    .bss                                     0x200003a8   Section      200  usart.o(.bss)
    .bss                                     0x20000470   Section       96  libspace.o(.bss)
    HEAP                                     0x200004d0   Section      512  startup_stm32f40_41xxx.o(HEAP)
    Heap_Mem                                 0x200004d0   Data         512  startup_stm32f40_41xxx.o(HEAP)
    STACK                                    0x200006d0   Section     1024  startup_stm32f40_41xxx.o(STACK)
    Stack_Mem                                0x200006d0   Data        1024  startup_stm32f40_41xxx.o(STACK)
    __initial_sp                             0x20000ad0   Data           0  startup_stm32f40_41xxx.o(STACK)

    Global Symbols

    Symbol Name                              Value     Ov Type        Size  Object(Section)

    BuildAttributes$$THM_ISAv4$E$P$D$K$B$S$7EM$VFPi3$EXTD16$VFPS$VFMA$PE$A:L22UL41UL21$X:L11$S22US41US21$IEEE1$IW$USESV6$~STKCKD$USESV7$~SHL$OTIME$ROPI$IEEEJ$EBA8$UX$STANDARDLIB$REQ8$PRES8$EABIv2 0x00000000   Number         0  anon$$obj.o ABSOLUTE
    __ARM_use_no_argv                        0x00000000   Number         0  main.o ABSOLUTE
    _printf_flags                            0x00000000   Number         0  printf_stubs.o ABSOLUTE
    _printf_return_value                     0x00000000   Number         0  printf_stubs.o ABSOLUTE
    _printf_sizespec                         0x00000000   Number         0  printf_stubs.o ABSOLUTE
    _printf_widthprec                        0x00000000   Number         0  printf_stubs.o ABSOLUTE
    __ARM_exceptions_init                     - Undefined Weak Reference
    __alloca_initialize                       - Undefined Weak Reference
    __arm_preinit_                            - Undefined Weak Reference
    __cpp_initialize__aeabi_                  - Undefined Weak Reference
    __cxa_finalize                            - Undefined Weak Reference
    __sigvec_lookup                           - Undefined Weak Reference
    _atexit_init                              - Undefined Weak Reference
    _call_atexit_fns                          - Undefined Weak Reference
    _clock_init                               - Undefined Weak Reference
    _fp_trap_init                             - Undefined Weak Reference
    _fp_trap_shutdown                         - Undefined Weak Reference
    _get_lc_collate                           - Undefined Weak Reference
    _get_lc_monetary                          - Undefined Weak Reference
    _get_lc_time                              - Undefined Weak Reference
    _getenv_init                              - Undefined Weak Reference
    _handle_redirection                       - Undefined Weak Reference
    _init_alloc                               - Undefined Weak Reference
    _init_user_alloc                          - Undefined Weak Reference
    _initio                                   - Undefined Weak Reference
    _mutex_acquire                            - Undefined Weak Reference
    _mutex_release                            - Undefined Weak Reference
    _printf_fp_hex                            - Undefined Weak Reference
    _printf_mbtowc                            - Undefined Weak Reference
    _printf_wc                                - Undefined Weak Reference
    _rand_init                                - Undefined Weak Reference
    _signal_finish                            - Undefined Weak Reference
    _signal_init                              - Undefined Weak Reference
    _terminate_alloc                          - Undefined Weak Reference
    _terminate_user_alloc                     - Undefined Weak Reference
    _terminateio                              - Undefined Weak Reference
    __Vectors_Size                           0x00000188   Number         0  startup_stm32f40_41xxx.o ABSOLUTE
    __Vectors                                0x08000000   Data           4  startup_stm32f40_41xxx.o(RESET)
    __Vectors_End                            0x08000188   Data           0  startup_stm32f40_41xxx.o(RESET)
    __main                                   0x08000189   Thumb Code     8  __main.o(!!!main)
    __scatterload                            0x08000191   Thumb Code     0  __scatter.o(!!!scatter)
    __scatterload_rt2                        0x08000191   Thumb Code    44  __scatter.o(!!!scatter)
    __scatterload_rt2_thumb_only             0x08000191   Thumb Code     0  __scatter.o(!!!scatter)
    __scatterload_null                       0x0800019f   Thumb Code     0  __scatter.o(!!!scatter)
    __scatterload_copy                       0x080001c5   Thumb Code    26  __scatter_copy.o(!!handler_copy)
    __scatterload_zeroinit                   0x080001e1   Thumb Code    28  __scatter_zi.o(!!handler_zi)
    _printf_n                                0x080001fd   Thumb Code     0  _printf_n.o(.ARM.Collect$$_printf_percent$$00000001)
    _printf_percent                          0x080001fd   Thumb Code     0  _printf_percent.o(.ARM.Collect$$_printf_percent$$00000000)
    _printf_p                                0x08000203   Thumb Code     0  _printf_p.o(.ARM.Collect$$_printf_percent$$00000002)
    _printf_f                                0x08000209   Thumb Code     0  _printf_f.o(.ARM.Collect$$_printf_percent$$00000003)
    _printf_e                                0x0800020f   Thumb Code     0  _printf_e.o(.ARM.Collect$$_printf_percent$$00000004)
    _printf_g                                0x08000215   Thumb Code     0  _printf_g.o(.ARM.Collect$$_printf_percent$$00000005)
    _printf_a                                0x0800021b   Thumb Code     0  _printf_a.o(.ARM.Collect$$_printf_percent$$00000006)
    _printf_ll                               0x08000221   Thumb Code     0  _printf_ll.o(.ARM.Collect$$_printf_percent$$00000007)
    _printf_i                                0x0800022b   Thumb Code     0  _printf_i.o(.ARM.Collect$$_printf_percent$$00000008)
    _printf_d                                0x08000231   Thumb Code     0  _printf_d.o(.ARM.Collect$$_printf_percent$$00000009)
    _printf_u                                0x08000237   Thumb Code     0  _printf_u.o(.ARM.Collect$$_printf_percent$$0000000A)
    _printf_o                                0x0800023d   Thumb Code     0  _printf_o.o(.ARM.Collect$$_printf_percent$$0000000B)
    _printf_x                                0x08000243   Thumb Code     0  _printf_x.o(.ARM.Collect$$_printf_percent$$0000000C)
    _printf_lli                              0x08000249   Thumb Code     0  _printf_lli.o(.ARM.Collect$$_printf_percent$$0000000D)
    _printf_lld                              0x0800024f   Thumb Code     0  _printf_lld.o(.ARM.Collect$$_printf_percent$$0000000E)
    _printf_llu                              0x08000255   Thumb Code     0  _printf_llu.o(.ARM.Collect$$_printf_percent$$0000000F)
    _printf_llo                              0x0800025b   Thumb Code     0  _printf_llo.o(.ARM.Collect$$_printf_percent$$00000010)
    _printf_llx                              0x08000261   Thumb Code     0  _printf_llx.o(.ARM.Collect$$_printf_percent$$00000011)
    _printf_l                                0x08000267   Thumb Code     0  _printf_l.o(.ARM.Collect$$_printf_percent$$00000012)
    _printf_c                                0x08000271   Thumb Code     0  _printf_c.o(.ARM.Collect$$_printf_percent$$00000013)
    _printf_s                                0x08000277   Thumb Code     0  _printf_s.o(.ARM.Collect$$_printf_percent$$00000014)
    _printf_lc                               0x0800027d   Thumb Code     0  _printf_lc.o(.ARM.Collect$$_printf_percent$$00000015)
    _printf_ls                               0x08000283   Thumb Code     0  _printf_ls.o(.ARM.Collect$$_printf_percent$$00000016)
    _printf_percent_end                      0x08000289   Thumb Code     0  _printf_percent_end.o(.ARM.Collect$$_printf_percent$$00000017)
    __rt_lib_init                            0x0800028d   Thumb Code     0  libinit.o(.ARM.Collect$$libinit$$00000000)
    __rt_lib_init_fp_1                       0x0800028f   Thumb Code     0  libinit2.o(.ARM.Collect$$libinit$$00000001)
    __rt_lib_init_heap_1                     0x08000293   Thumb Code     0  libinit2.o(.ARM.Collect$$libinit$$0000000A)
    __rt_lib_init_lc_common                  0x08000293   Thumb Code     0  libinit2.o(.ARM.Collect$$libinit$$0000000F)
    __rt_lib_init_preinit_1                  0x08000293   Thumb Code     0  libinit2.o(.ARM.Collect$$libinit$$00000004)
    __rt_lib_init_rand_1                     0x08000293   Thumb Code     0  libinit2.o(.ARM.Collect$$libinit$$0000000E)
    __rt_lib_init_user_alloc_1               0x08000293   Thumb Code     0  libinit2.o(.ARM.Collect$$libinit$$0000000C)
    __rt_lib_init_lc_collate_1               0x08000299   Thumb Code     0  libinit2.o(.ARM.Collect$$libinit$$00000011)
    __rt_lib_init_lc_ctype_2                 0x08000299   Thumb Code     0  libinit2.o(.ARM.Collect$$libinit$$00000012)
    __rt_lib_init_lc_ctype_1                 0x080002a5   Thumb Code     0  libinit2.o(.ARM.Collect$$libinit$$00000013)
    __rt_lib_init_lc_monetary_1              0x080002a5   Thumb Code     0  libinit2.o(.ARM.Collect$$libinit$$00000015)
    __rt_lib_init_lc_numeric_2               0x080002a5   Thumb Code     0  libinit2.o(.ARM.Collect$$libinit$$00000016)
    __rt_lib_init_alloca_1                   0x080002af   Thumb Code     0  libinit2.o(.ARM.Collect$$libinit$$0000002E)
    __rt_lib_init_argv_1                     0x080002af   Thumb Code     0  libinit2.o(.ARM.Collect$$libinit$$0000002C)
    __rt_lib_init_atexit_1                   0x080002af   Thumb Code     0  libinit2.o(.ARM.Collect$$libinit$$0000001B)
    __rt_lib_init_clock_1                    0x080002af   Thumb Code     0  libinit2.o(.ARM.Collect$$libinit$$00000021)
    __rt_lib_init_cpp_1                      0x080002af   Thumb Code     0  libinit2.o(.ARM.Collect$$libinit$$00000032)
    __rt_lib_init_exceptions_1               0x080002af   Thumb Code     0  libinit2.o(.ARM.Collect$$libinit$$00000030)
    __rt_lib_init_fp_trap_1                  0x080002af   Thumb Code     0  libinit2.o(.ARM.Collect$$libinit$$0000001F)
    __rt_lib_init_getenv_1                   0x080002af   Thumb Code     0  libinit2.o(.ARM.Collect$$libinit$$00000023)
    __rt_lib_init_lc_numeric_1               0x080002af   Thumb Code     0  libinit2.o(.ARM.Collect$$libinit$$00000017)
    __rt_lib_init_lc_time_1                  0x080002af   Thumb Code     0  libinit2.o(.ARM.Collect$$libinit$$00000019)
    __rt_lib_init_return                     0x080002af   Thumb Code     0  libinit2.o(.ARM.Collect$$libinit$$00000033)
    __rt_lib_init_signal_1                   0x080002af   Thumb Code     0  libinit2.o(.ARM.Collect$$libinit$$0000001D)
    __rt_lib_init_stdio_1                    0x080002af   Thumb Code     0  libinit2.o(.ARM.Collect$$libinit$$00000025)
    __rt_lib_shutdown                        0x080002b1   Thumb Code     0  libshutdown.o(.ARM.Collect$$libshutdown$$00000000)
    __rt_lib_shutdown_cpp_1                  0x080002b3   Thumb Code     0  libshutdown2.o(.ARM.Collect$$libshutdown$$00000002)
    __rt_lib_shutdown_fp_trap_1              0x080002b3   Thumb Code     0  libshutdown2.o(.ARM.Collect$$libshutdown$$00000007)
    __rt_lib_shutdown_heap_1                 0x080002b3   Thumb Code     0  libshutdown2.o(.ARM.Collect$$libshutdown$$0000000F)
    __rt_lib_shutdown_return                 0x080002b3   Thumb Code     0  libshutdown2.o(.ARM.Collect$$libshutdown$$00000010)
    __rt_lib_shutdown_signal_1               0x080002b3   Thumb Code     0  libshutdown2.o(.ARM.Collect$$libshutdown$$0000000A)
    __rt_lib_shutdown_stdio_1                0x080002b3   Thumb Code     0  libshutdown2.o(.ARM.Collect$$libshutdown$$00000004)
    __rt_lib_shutdown_user_alloc_1           0x080002b3   Thumb Code     0  libshutdown2.o(.ARM.Collect$$libshutdown$$0000000C)
    __rt_entry                               0x080002b5   Thumb Code     0  __rtentry.o(.ARM.Collect$$rtentry$$00000000)
    __rt_entry_presh_1                       0x080002b5   Thumb Code     0  __rtentry2.o(.ARM.Collect$$rtentry$$00000002)
    __rt_entry_sh                            0x080002b5   Thumb Code     0  __rtentry4.o(.ARM.Collect$$rtentry$$00000004)
    __rt_entry_li                            0x080002bb   Thumb Code     0  __rtentry2.o(.ARM.Collect$$rtentry$$0000000A)
    __rt_entry_postsh_1                      0x080002bb   Thumb Code     0  __rtentry2.o(.ARM.Collect$$rtentry$$00000009)
    __rt_entry_main                          0x080002bf   Thumb Code     0  __rtentry2.o(.ARM.Collect$$rtentry$$0000000D)
    __rt_entry_postli_1                      0x080002bf   Thumb Code     0  __rtentry2.o(.ARM.Collect$$rtentry$$0000000C)
    __rt_exit                                0x080002c7   Thumb Code     0  rtexit.o(.ARM.Collect$$rtexit$$00000000)
    __rt_exit_ls                             0x080002c9   Thumb Code     0  rtexit2.o(.ARM.Collect$$rtexit$$00000003)
    __rt_exit_prels_1                        0x080002c9   Thumb Code     0  rtexit2.o(.ARM.Collect$$rtexit$$00000002)
    __rt_exit_exit                           0x080002cd   Thumb Code     0  rtexit2.o(.ARM.Collect$$rtexit$$00000004)
    Reset_Handler                            0x080002d5   Thumb Code     8  startup_stm32f40_41xxx.o(.text)
    ADC_IRQHandler                           0x080002ef   Thumb Code     0  startup_stm32f40_41xxx.o(.text)
    CAN1_RX0_IRQHandler                      0x080002ef   Thumb Code     0  startup_stm32f40_41xxx.o(.text)
    CAN1_RX1_IRQHandler                      0x080002ef   Thumb Code     0  startup_stm32f40_41xxx.o(.text)
    CAN1_SCE_IRQHandler                      0x080002ef   Thumb Code     0  startup_stm32f40_41xxx.o(.text)
    CAN1_TX_IRQHandler                       0x080002ef   Thumb Code     0  startup_stm32f40_41xxx.o(.text)
    CAN2_RX0_IRQHandler                      0x080002ef   Thumb Code     0  startup_stm32f40_41xxx.o(.text)
    CAN2_RX1_IRQHandler                      0x080002ef   Thumb Code     0  startup_stm32f40_41xxx.o(.text)
    CAN2_SCE_IRQHandler                      0x080002ef   Thumb Code     0  startup_stm32f40_41xxx.o(.text)
    CAN2_TX_IRQHandler                       0x080002ef   Thumb Code     0  startup_stm32f40_41xxx.o(.text)
    CRYP_IRQHandler                          0x080002ef   Thumb Code     0  startup_stm32f40_41xxx.o(.text)
    DCMI_IRQHandler                          0x080002ef   Thumb Code     0  startup_stm32f40_41xxx.o(.text)
    DMA1_Stream0_IRQHandler                  0x080002ef   Thumb Code     0  startup_stm32f40_41xxx.o(.text)
    DMA1_Stream1_IRQHandler                  0x080002ef   Thumb Code     0  startup_stm32f40_41xxx.o(.text)
    DMA1_Stream2_IRQHandler                  0x080002ef   Thumb Code     0  startup_stm32f40_41xxx.o(.text)
    DMA1_Stream3_IRQHandler                  0x080002ef   Thumb Code     0  startup_stm32f40_41xxx.o(.text)
    DMA1_Stream4_IRQHandler                  0x080002ef   Thumb Code     0  startup_stm32f40_41xxx.o(.text)
    DMA1_Stream5_IRQHandler                  0x080002ef   Thumb Code     0  startup_stm32f40_41xxx.o(.text)
    DMA1_Stream6_IRQHandler                  0x080002ef   Thumb Code     0  startup_stm32f40_41xxx.o(.text)
    DMA1_Stream7_IRQHandler                  0x080002ef   Thumb Code     0  startup_stm32f40_41xxx.o(.text)
    DMA2_Stream0_IRQHandler                  0x080002ef   Thumb Code     0  startup_stm32f40_41xxx.o(.text)
    DMA2_Stream1_IRQHandler                  0x080002ef   Thumb Code     0  startup_stm32f40_41xxx.o(.text)
    DMA2_Stream2_IRQHandler                  0x080002ef   Thumb Code     0  startup_stm32f40_41xxx.o(.text)
    DMA2_Stream3_IRQHandler                  0x080002ef   Thumb Code     0  startup_stm32f40_41xxx.o(.text)
    DMA2_Stream4_IRQHandler                  0x080002ef   Thumb Code     0  startup_stm32f40_41xxx.o(.text)
    DMA2_Stream5_IRQHandler                  0x080002ef   Thumb Code     0  startup_stm32f40_41xxx.o(.text)
    DMA2_Stream6_IRQHandler                  0x080002ef   Thumb Code     0  startup_stm32f40_41xxx.o(.text)
    DMA2_Stream7_IRQHandler                  0x080002ef   Thumb Code     0  startup_stm32f40_41xxx.o(.text)
    ETH_IRQHandler                           0x080002ef   Thumb Code     0  startup_stm32f40_41xxx.o(.text)
    ETH_WKUP_IRQHandler                      0x080002ef   Thumb Code     0  startup_stm32f40_41xxx.o(.text)
    EXTI0_IRQHandler                         0x080002ef   Thumb Code     0  startup_stm32f40_41xxx.o(.text)
    EXTI15_10_IRQHandler                     0x080002ef   Thumb Code     0  startup_stm32f40_41xxx.o(.text)
    EXTI1_IRQHandler                         0x080002ef   Thumb Code     0  startup_stm32f40_41xxx.o(.text)
    EXTI2_IRQHandler                         0x080002ef   Thumb Code     0  startup_stm32f40_41xxx.o(.text)
    EXTI3_IRQHandler                         0x080002ef   Thumb Code     0  startup_stm32f40_41xxx.o(.text)
    EXTI4_IRQHandler                         0x080002ef   Thumb Code     0  startup_stm32f40_41xxx.o(.text)
    EXTI9_5_IRQHandler                       0x080002ef   Thumb Code     0  startup_stm32f40_41xxx.o(.text)
    FLASH_IRQHandler                         0x080002ef   Thumb Code     0  startup_stm32f40_41xxx.o(.text)
    FPU_IRQHandler                           0x080002ef   Thumb Code     0  startup_stm32f40_41xxx.o(.text)
    FSMC_IRQHandler                          0x080002ef   Thumb Code     0  startup_stm32f40_41xxx.o(.text)
    HASH_RNG_IRQHandler                      0x080002ef   Thumb Code     0  startup_stm32f40_41xxx.o(.text)
    I2C1_ER_IRQHandler                       0x080002ef   Thumb Code     0  startup_stm32f40_41xxx.o(.text)
    I2C1_EV_IRQHandler                       0x080002ef   Thumb Code     0  startup_stm32f40_41xxx.o(.text)
    I2C2_ER_IRQHandler                       0x080002ef   Thumb Code     0  startup_stm32f40_41xxx.o(.text)
    I2C2_EV_IRQHandler                       0x080002ef   Thumb Code     0  startup_stm32f40_41xxx.o(.text)
    I2C3_ER_IRQHandler                       0x080002ef   Thumb Code     0  startup_stm32f40_41xxx.o(.text)
    I2C3_EV_IRQHandler                       0x080002ef   Thumb Code     0  startup_stm32f40_41xxx.o(.text)
    OTG_FS_IRQHandler                        0x080002ef   Thumb Code     0  startup_stm32f40_41xxx.o(.text)
    OTG_FS_WKUP_IRQHandler                   0x080002ef   Thumb Code     0  startup_stm32f40_41xxx.o(.text)
    OTG_HS_EP1_IN_IRQHandler                 0x080002ef   Thumb Code     0  startup_stm32f40_41xxx.o(.text)
    OTG_HS_EP1_OUT_IRQHandler                0x080002ef   Thumb Code     0  startup_stm32f40_41xxx.o(.text)
    OTG_HS_IRQHandler                        0x080002ef   Thumb Code     0  startup_stm32f40_41xxx.o(.text)
    OTG_HS_WKUP_IRQHandler                   0x080002ef   Thumb Code     0  startup_stm32f40_41xxx.o(.text)
    PVD_IRQHandler                           0x080002ef   Thumb Code     0  startup_stm32f40_41xxx.o(.text)
    RCC_IRQHandler                           0x080002ef   Thumb Code     0  startup_stm32f40_41xxx.o(.text)
    RTC_Alarm_IRQHandler                     0x080002ef   Thumb Code     0  startup_stm32f40_41xxx.o(.text)
    RTC_WKUP_IRQHandler                      0x080002ef   Thumb Code     0  startup_stm32f40_41xxx.o(.text)
    SDIO_IRQHandler                          0x080002ef   Thumb Code     0  startup_stm32f40_41xxx.o(.text)
    SPI1_IRQHandler                          0x080002ef   Thumb Code     0  startup_stm32f40_41xxx.o(.text)
    SPI2_IRQHandler                          0x080002ef   Thumb Code     0  startup_stm32f40_41xxx.o(.text)
    SPI3_IRQHandler                          0x080002ef   Thumb Code     0  startup_stm32f40_41xxx.o(.text)
    TAMP_STAMP_IRQHandler                    0x080002ef   Thumb Code     0  startup_stm32f40_41xxx.o(.text)
    TIM1_BRK_TIM9_IRQHandler                 0x080002ef   Thumb Code     0  startup_stm32f40_41xxx.o(.text)
    TIM1_CC_IRQHandler                       0x080002ef   Thumb Code     0  startup_stm32f40_41xxx.o(.text)
    TIM1_TRG_COM_TIM11_IRQHandler            0x080002ef   Thumb Code     0  startup_stm32f40_41xxx.o(.text)
    TIM1_UP_TIM10_IRQHandler                 0x080002ef   Thumb Code     0  startup_stm32f40_41xxx.o(.text)
    TIM5_IRQHandler                          0x080002ef   Thumb Code     0  startup_stm32f40_41xxx.o(.text)
    TIM6_DAC_IRQHandler                      0x080002ef   Thumb Code     0  startup_stm32f40_41xxx.o(.text)
    TIM7_IRQHandler                          0x080002ef   Thumb Code     0  startup_stm32f40_41xxx.o(.text)
    TIM8_BRK_TIM12_IRQHandler                0x080002ef   Thumb Code     0  startup_stm32f40_41xxx.o(.text)
    TIM8_CC_IRQHandler                       0x080002ef   Thumb Code     0  startup_stm32f40_41xxx.o(.text)
    TIM8_TRG_COM_TIM14_IRQHandler            0x080002ef   Thumb Code     0  startup_stm32f40_41xxx.o(.text)
    TIM8_UP_TIM13_IRQHandler                 0x080002ef   Thumb Code     0  startup_stm32f40_41xxx.o(.text)
    UART4_IRQHandler                         0x080002ef   Thumb Code     0  startup_stm32f40_41xxx.o(.text)
    UART5_IRQHandler                         0x080002ef   Thumb Code     0  startup_stm32f40_41xxx.o(.text)
    USART6_IRQHandler                        0x080002ef   Thumb Code     0  startup_stm32f40_41xxx.o(.text)
    WWDG_IRQHandler                          0x080002ef   Thumb Code     0  startup_stm32f40_41xxx.o(.text)
    __user_initial_stackheap                 0x080002f1   Thumb Code     0  startup_stm32f40_41xxx.o(.text)
    __use_no_semihosting                     0x08000315   Thumb Code     2  use_no_semi_2.o(.text)
    __c89vsprintf                            0x08000319   Thumb Code    32  c89vsprintf.o(.text)
    __2printf                                0x0800033d   Thumb Code    20  __2printf.o(.text)
    _printf_str                              0x08000355   Thumb Code    82  _printf_str.o(.text)
    _printf_int_dec                          0x080003a9   Thumb Code   104  _printf_dec.o(.text)
    __printf                                 0x08000421   Thumb Code   388  __printf_flags_ss_wp.o(.text)
    atoi                                     0x080005a9   Thumb Code    26  atoi.o(.text)
    strstr                                   0x080005c3   Thumb Code    36  strstr.o(.text)
    strlen                                   0x080005e7   Thumb Code    62  strlen.o(.text)
    __use_two_region_memory                  0x08000625   Thumb Code     2  heapauxi.o(.text)
    __rt_heap_escrow$2region                 0x08000627   Thumb Code     2  heapauxi.o(.text)
    __rt_heap_expand$2region                 0x08000629   Thumb Code     2  heapauxi.o(.text)
    __I$use$semihosting                      0x0800062b   Thumb Code     0  use_no_semi.o(.text)
    __use_no_semihosting_swi                 0x0800062b   Thumb Code     2  use_no_semi.o(.text)
    __aeabi_errno_addr                       0x0800062d   Thumb Code     8  rt_errno_addr_intlibspace.o(.text)
    __errno$intlibspace                      0x0800062d   Thumb Code     0  rt_errno_addr_intlibspace.o(.text)
    __rt_errno_addr$intlibspace              0x0800062d   Thumb Code     0  rt_errno_addr_intlibspace.o(.text)
    _printf_pre_padding                      0x08000635   Thumb Code    44  _printf_pad.o(.text)
    _printf_post_padding                     0x08000661   Thumb Code    34  _printf_pad.o(.text)
    _printf_truncate_signed                  0x08000683   Thumb Code    18  _printf_truncate.o(.text)
    _printf_truncate_unsigned                0x08000695   Thumb Code    18  _printf_truncate.o(.text)
    _printf_int_common                       0x080006a7   Thumb Code   178  _printf_intcommon.o(.text)
    _printf_charcount                        0x08000759   Thumb Code    40  _printf_charcount.o(.text)
    __lib_sel_fp_printf                      0x08000781   Thumb Code     2  _printf_fp_dec.o(.text)
    _printf_fp_dec_real                      0x08000933   Thumb Code   620  _printf_fp_dec.o(.text)
    _printf_char_common                      0x08000bab   Thumb Code    32  _printf_char_common.o(.text)
    _sputc                                   0x08000bd1   Thumb Code    10  _sputc.o(.text)
    _printf_cs_common                        0x08000bdb   Thumb Code    20  _printf_char.o(.text)
    _printf_char                             0x08000bef   Thumb Code    16  _printf_char.o(.text)
    _printf_string                           0x08000bff   Thumb Code     8  _printf_char.o(.text)
    _printf_char_file                        0x08000c09   Thumb Code    32  _printf_char_file.o(.text)
    _printf_wctomb                           0x08000c2d   Thumb Code   182  _printf_wctomb.o(.text)
    _printf_longlong_dec                     0x08000ce9   Thumb Code   108  _printf_longlong_dec.o(.text)
    _printf_longlong_oct                     0x08000d65   Thumb Code    66  _printf_oct_int_ll.o(.text)
    _printf_int_oct                          0x08000da7   Thumb Code    24  _printf_oct_int_ll.o(.text)
    _printf_ll_oct                           0x08000dbf   Thumb Code    12  _printf_oct_int_ll.o(.text)
    _printf_longlong_hex                     0x08000dd5   Thumb Code    86  _printf_hex_int_ll_ptr.o(.text)
    _printf_int_hex                          0x08000e2b   Thumb Code    28  _printf_hex_int_ll_ptr.o(.text)
    _printf_ll_hex                           0x08000e47   Thumb Code    12  _printf_hex_int_ll_ptr.o(.text)
    _printf_hex_ptr                          0x08000e53   Thumb Code    18  _printf_hex_int_ll_ptr.o(.text)
    strtol                                   0x08000e69   Thumb Code   112  strtol.o(.text)
    __user_libspace                          0x08000ed9   Thumb Code     8  libspace.o(.text)
    __user_perproc_libspace                  0x08000ed9   Thumb Code     0  libspace.o(.text)
    __user_perthread_libspace                0x08000ed9   Thumb Code     0  libspace.o(.text)
    __rt_ctype_table                         0x08000ee1   Thumb Code    16  rt_ctype_table.o(.text)
    __rt_locale                              0x08000ef1   Thumb Code     8  rt_locale_intlibspace.o(.text)
    _ll_udiv10                               0x08000ef9   Thumb Code   138  lludiv10.o(.text)
    _printf_fp_infnan                        0x08000f85   Thumb Code   112  _printf_fp_infnan.o(.text)
    _printf_lcs_common                       0x08001005   Thumb Code    20  _printf_wchar.o(.text)
    _printf_wchar                            0x08001019   Thumb Code    16  _printf_wchar.o(.text)
    _printf_wstring                          0x08001029   Thumb Code     8  _printf_wchar.o(.text)
    _strtoul                                 0x08001031   Thumb Code   158  _strtoul.o(.text)
    _btod_etento                             0x080010d1   Thumb Code   224  bigflt0.o(.text)
    ferror                                   0x080011b5   Thumb Code     8  ferror.o(.text)
    _wcrtomb                                 0x080011bd   Thumb Code    64  _wcrtomb.o(.text)
    __user_setup_stackheap                   0x080011fd   Thumb Code    74  sys_stackheap_outer.o(.text)
    _chval                                   0x08001247   Thumb Code    28  _chval.o(.text)
    exit                                     0x08001263   Thumb Code    18  exit.o(.text)
    strcmp                                   0x08001275   Thumb Code   128  strcmpv7m.o(.text)
    _btod_d2e                                0x080012f5   Thumb Code    62  btod.o(CL$$btod_d2e)
    _d2e_denorm_low                          0x08001333   Thumb Code    70  btod.o(CL$$btod_d2e_denorm_low)
    _d2e_norm_op1                            0x08001379   Thumb Code    96  btod.o(CL$$btod_d2e_norm_op1)
    __btod_div_common                        0x080013d9   Thumb Code   696  btod.o(CL$$btod_div_common)
    _e2e                                     0x08001711   Thumb Code   220  btod.o(CL$$btod_e2e)
    _btod_ediv                               0x080017ed   Thumb Code    42  btod.o(CL$$btod_ediv)
    _btod_emul                               0x08001817   Thumb Code    42  btod.o(CL$$btod_emul)
    __btod_mult_common                       0x08001841   Thumb Code   580  btod.o(CL$$btod_mult_common)
    ADC_Cmd                                  0x08001a85   Thumb Code    22  stm32f4xx_adc.o(i.ADC_Cmd)
    ADC_CommonInit                           0x08001a9d   Thumb Code    34  stm32f4xx_adc.o(i.ADC_CommonInit)
    ADC_GetConversionValue                   0x08001acd   Thumb Code     8  stm32f4xx_adc.o(i.ADC_GetConversionValue)
    ADC_GetFlagStatus                        0x08001ad5   Thumb Code    18  stm32f4xx_adc.o(i.ADC_GetFlagStatus)
    ADC_Init                                 0x08001ae9   Thumb Code    74  stm32f4xx_adc.o(i.ADC_Init)
    ADC_RegularChannelConfig                 0x08001b3d   Thumb Code   184  stm32f4xx_adc.o(i.ADC_RegularChannelConfig)
    ADC_SoftwareStartConv                    0x08001bf5   Thumb Code    10  stm32f4xx_adc.o(i.ADC_SoftwareStartConv)
    Adc2_Init                                0x08001c01   Thumb Code   124  adc.o(i.Adc2_Init)
    Adc_Init                                 0x08001c85   Thumb Code   124  adc.o(i.Adc_Init)
    Beep_Init                                0x08001d09   Thumb Code   150  gpio.o(i.Beep_Init)
    BusFault_Handler                         0x08001da5   Thumb Code     4  stm32f4xx_it.o(i.BusFault_Handler)
    DAC_Cmd                                  0x08001da9   Thumb Code    34  stm32f4xx_dac.o(i.DAC_Cmd)
    DAC_Init                                 0x08001dd1   Thumb Code    46  stm32f4xx_dac.o(i.DAC_Init)
    DAC_SetChannel1Data                      0x08001e05   Thumb Code    26  stm32f4xx_dac.o(i.DAC_SetChannel1Data)
    Dac1_Init                                0x08001e25   Thumb Code    84  dac.o(i.Dac1_Init)
    Dac1_Set_Vol                             0x08001e7d   Thumb Code    98  dac.o(i.Dac1_Set_Vol)
    DebugMon_Handler                         0x08001ef9   Thumb Code     2  stm32f4xx_it.o(i.DebugMon_Handler)
    Draw_PID                                 0x08001efd   Thumb Code    48  draw.o(i.Draw_PID)
    Drive_Servo                              0x08001f4d   Thumb Code    14  servo.o(i.Drive_Servo)
    GPIO_Init                                0x08001f61   Thumb Code   144  stm32f4xx_gpio.o(i.GPIO_Init)
    GPIO_PinAFConfig                         0x08001ff1   Thumb Code    70  stm32f4xx_gpio.o(i.GPIO_PinAFConfig)
    GPIO_ReadInputDataBit                    0x08002037   Thumb Code    18  stm32f4xx_gpio.o(i.GPIO_ReadInputDataBit)
    GPIO_ResetBits                           0x08002049   Thumb Code     4  stm32f4xx_gpio.o(i.GPIO_ResetBits)
    Get_Adc                                  0x0800204d   Thumb Code    44  adc.o(i.Get_Adc)
    Get_Adc2                                 0x0800207d   Thumb Code    44  adc.o(i.Get_Adc2)
    Get_Adc2_Average                         0x080020ad   Thumb Code    46  adc.o(i.Get_Adc2_Average)
    Get_Adc_Average                          0x080020db   Thumb Code    46  adc.o(i.Get_Adc_Average)
    HardFault_Handler                        0x08002109   Thumb Code     4  stm32f4xx_it.o(i.HardFault_Handler)
    Line_Init                                0x0800210d   Thumb Code   130  gpio.o(i.Line_Init)
    MemManage_Handler                        0x08002195   Thumb Code     4  stm32f4xx_it.o(i.MemManage_Handler)
    Moku_Init                                0x08002199   Thumb Code    70  gpio.o(i.Moku_Init)
    NMI_Handler                              0x080021e5   Thumb Code     2  stm32f4xx_it.o(i.NMI_Handler)
    NVIC_Init                                0x080021e9   Thumb Code   106  misc.o(i.NVIC_Init)
    NVIC_PriorityGroupConfig                 0x08002261   Thumb Code    10  misc.o(i.NVIC_PriorityGroupConfig)
    Open_Equ                                 0x08002275   Thumb Code    28  speech.o(i.Open_Equ)
    Open_Loc                                 0x0800229d   Thumb Code    28  speech.o(i.Open_Loc)
    Open_Spe                                 0x080022c5   Thumb Code    28  speech.o(i.Open_Spe)
    PendSV_Handler                           0x080022ed   Thumb Code     2  stm32f4xx_it.o(i.PendSV_Handler)
    RCC_AHB1PeriphClockCmd                   0x080022f1   Thumb Code    26  stm32f4xx_rcc.o(i.RCC_AHB1PeriphClockCmd)
    RCC_APB1PeriphClockCmd                   0x08002311   Thumb Code    26  stm32f4xx_rcc.o(i.RCC_APB1PeriphClockCmd)
    RCC_APB2PeriphClockCmd                   0x08002331   Thumb Code    26  stm32f4xx_rcc.o(i.RCC_APB2PeriphClockCmd)
    RCC_APB2PeriphResetCmd                   0x08002351   Thumb Code    26  stm32f4xx_rcc.o(i.RCC_APB2PeriphResetCmd)
    RCC_GetClocksFreq                        0x08002371   Thumb Code   214  stm32f4xx_rcc.o(i.RCC_GetClocksFreq)
    SVC_Handler                              0x08002459   Thumb Code     2  stm32f4xx_it.o(i.SVC_Handler)
    Servo_Init                               0x0800245d   Thumb Code   156  servo.o(i.Servo_Init)
    Spe_Equ                                  0x080025ed   Thumb Code    28  speech.o(i.Spe_Equ)
    Spe_Org                                  0x08002615   Thumb Code    28  speech.o(i.Spe_Org)
    Spe_Wit                                  0x0800263d   Thumb Code    28  speech.o(i.Spe_Wit)
    Speech_Init                              0x08002665   Thumb Code   122  gpio.o(i.Speech_Init)
    Speech_JG                                0x080026e9   Thumb Code   474  speech.o(i.Speech_JG)
    Speech_Out                               0x080028f9   Thumb Code   130  gpio.o(i.Speech_Out)
    Speech_SP                                0x08002981   Thumb Code   410  speech.o(i.Speech_SP)
    SysTick_CLKSourceConfig                  0x08002bc9   Thumb Code    40  misc.o(i.SysTick_CLKSourceConfig)
    SysTick_Handler                          0x08002bf1   Thumb Code     2  stm32f4xx_it.o(i.SysTick_Handler)
    SystemInit                               0x08002bf5   Thumb Code    88  system_stm32f4xx.o(i.SystemInit)
    TIM2_IRQHandler                          0x08002c5d   Thumb Code   234  timer.o(i.TIM2_IRQHandler)
    TIM2_Int_Init                            0x08002d7d   Thumb Code    90  timer.o(i.TIM2_Int_Init)
    TIM3_IRQHandler                          0x08002dd9   Thumb Code   554  timer.o(i.TIM3_IRQHandler)
    TIM3_Int_Init                            0x080030d5   Thumb Code    88  timer.o(i.TIM3_Int_Init)
    TIM4_IRQHandler                          0x08003131   Thumb Code    32  timer.o(i.TIM4_IRQHandler)
    TIM4_Int_Init                            0x08003155   Thumb Code    88  timer.o(i.TIM4_Int_Init)
    TIM_ARRPreloadConfig                     0x080031b1   Thumb Code    24  stm32f4xx_tim.o(i.TIM_ARRPreloadConfig)
    TIM_ClearITPendingBit                    0x080031c9   Thumb Code     6  stm32f4xx_tim.o(i.TIM_ClearITPendingBit)
    TIM_Cmd                                  0x080031cf   Thumb Code    24  stm32f4xx_tim.o(i.TIM_Cmd)
    TIM_GetITStatus                          0x080031e7   Thumb Code    34  stm32f4xx_tim.o(i.TIM_GetITStatus)
    TIM_ITConfig                             0x08003209   Thumb Code    18  stm32f4xx_tim.o(i.TIM_ITConfig)
    TIM_OC1Init                              0x0800321d   Thumb Code   114  stm32f4xx_tim.o(i.TIM_OC1Init)
    TIM_OC1PreloadConfig                     0x08003299   Thumb Code    18  stm32f4xx_tim.o(i.TIM_OC1PreloadConfig)
    TIM_SetCompare1                          0x080032ab   Thumb Code     4  stm32f4xx_tim.o(i.TIM_SetCompare1)
    TIM_TimeBaseInit                         0x080032b1   Thumb Code   104  stm32f4xx_tim.o(i.TIM_TimeBaseInit)
    USART1_IRQHandler                        0x08003335   Thumb Code   122  usart.o(i.USART1_IRQHandler)
    USART2_IRQHandler                        0x080033bd   Thumb Code   122  usart2.o(i.USART2_IRQHandler)
    USART3_IRQHandler                        0x08003445   Thumb Code   122  usart3.o(i.USART3_IRQHandler)
    USART_Cmd                                0x080034cd   Thumb Code    24  stm32f4xx_usart.o(i.USART_Cmd)
    USART_GetFlagStatus                      0x080034e5   Thumb Code    26  stm32f4xx_usart.o(i.USART_GetFlagStatus)
    USART_GetITStatus                        0x080034ff   Thumb Code    84  stm32f4xx_usart.o(i.USART_GetITStatus)
    USART_ITConfig                           0x08003553   Thumb Code    74  stm32f4xx_usart.o(i.USART_ITConfig)
    USART_Init                               0x0800359d   Thumb Code   204  stm32f4xx_usart.o(i.USART_Init)
    USART_ReceiveData                        0x08003671   Thumb Code    10  stm32f4xx_usart.o(i.USART_ReceiveData)
    USART_SendData                           0x0800367b   Thumb Code     8  stm32f4xx_usart.o(i.USART_SendData)
    UsageFault_Handler                       0x08003683   Thumb Code     4  stm32f4xx_it.o(i.UsageFault_Handler)
    __ARM_fpclassify                         0x08003687   Thumb Code    48  fpclassify.o(i.__ARM_fpclassify)
    _is_digit                                0x080036b7   Thumb Code    14  __printf_wp.o(i._is_digit)
    _sys_exit                                0x080036c5   Thumb Code     4  usart.o(i._sys_exit)
    angle                                    0x080036c9   Thumb Code   112  jd.o(i.angle)
    delay_init                               0x08003749   Thumb Code    52  delay.o(i.delay_init)
    delay_ms                                 0x08003785   Thumb Code    56  delay.o(i.delay_ms)
    delay_s                                  0x080037bd   Thumb Code    36  delay.o(i.delay_s)
    delay_xms                                0x080037e1   Thumb Code    72  delay.o(i.delay_xms)
    esp8266_check_cmd                        0x0800382d   Thumb Code    44  esp8266.o(i.esp8266_check_cmd)
    esp8266_send_cmd                         0x08003861   Thumb Code    92  esp8266.o(i.esp8266_send_cmd)
    esp8266_start_AP                         0x080038d5   Thumb Code    86  esp8266.o(i.esp8266_start_AP)
    fputc                                    0x08003995   Thumb Code    22  usart.o(i.fputc)
    main                                     0x080039b1   Thumb Code  4092  main.o(i.main)
    moku_go_PID                              0x080049dd   Thumb Code   200  pid.o(i.moku_go_PID)
    moku_go_dir                              0x08004aad   Thumb Code   124  pid.o(i.moku_go_dir)
    moku_go_err                              0x08004b31   Thumb Code   126  pid.o(i.moku_go_err)
    u2_printf                                0x08004bb9   Thumb Code    72  usart2.o(i.u2_printf)
    u3_printf                                0x08004c09   Thumb Code    72  usart3.o(i.u3_printf)
    uart_init                                0x08004c59   Thumb Code   164  usart.o(i.uart_init)
    usart2_init                              0x08004d05   Thumb Code   162  usart2.o(i.usart2_init)
    usart3_init                              0x08004db1   Thumb Code   164  usart3.o(i.usart3_init)
    _get_lc_numeric                          0x08004e5d   Thumb Code    44  lc_numeric_c.o(locale$$code)
    _get_lc_ctype                            0x08004e89   Thumb Code    44  lc_ctype_c.o(locale$$code)
    __aeabi_d2f                              0x08004eb5   Thumb Code     0  d2f.o(x$fpl$d2f)
    _d2f                                     0x08004eb5   Thumb Code    98  d2f.o(x$fpl$d2f)
    __aeabi_dadd                             0x08004f19   Thumb Code     0  daddsub_clz.o(x$fpl$dadd)
    _dadd                                    0x08004f19   Thumb Code   332  daddsub_clz.o(x$fpl$dadd)
    __aeabi_ddiv                             0x08005069   Thumb Code     0  ddiv.o(x$fpl$ddiv)
    _ddiv                                    0x08005069   Thumb Code   552  ddiv.o(x$fpl$ddiv)
    __aeabi_d2uiz                            0x08005319   Thumb Code     0  dfixu.o(x$fpl$dfixu)
    _dfixu                                   0x08005319   Thumb Code    90  dfixu.o(x$fpl$dfixu)
    __aeabi_i2d                              0x08005373   Thumb Code     0  dflt_clz.o(x$fpl$dflt)
    _dflt                                    0x08005373   Thumb Code    46  dflt_clz.o(x$fpl$dflt)
    __aeabi_ui2d                             0x080053a1   Thumb Code     0  dflt_clz.o(x$fpl$dfltu)
    _dfltu                                   0x080053a1   Thumb Code    38  dflt_clz.o(x$fpl$dfltu)
    __aeabi_dmul                             0x080053c9   Thumb Code     0  dmul.o(x$fpl$dmul)
    _dmul                                    0x080053c9   Thumb Code   332  dmul.o(x$fpl$dmul)
    __fpl_dnaninf                            0x0800551d   Thumb Code   156  dnaninf.o(x$fpl$dnaninf)
    __fpl_dretinf                            0x080055b9   Thumb Code    12  dretinf.o(x$fpl$dretinf)
    __aeabi_dsub                             0x080055c5   Thumb Code     0  daddsub_clz.o(x$fpl$dsub)
    _dsub                                    0x080055c5   Thumb Code   464  daddsub_clz.o(x$fpl$dsub)
    __aeabi_f2d                              0x08005799   Thumb Code     0  f2d.o(x$fpl$f2d)
    _f2d                                     0x08005799   Thumb Code    86  f2d.o(x$fpl$f2d)
    __fpl_fnaninf                            0x080057ef   Thumb Code   140  fnaninf.o(x$fpl$fnaninf)
    _fp_init                                 0x0800587b   Thumb Code    10  fpinit.o(x$fpl$fpinit)
    __fplib_config_fpu_vfp                   0x08005883   Thumb Code     0  fpinit.o(x$fpl$fpinit)
    __fplib_config_pureend_doubles           0x08005883   Thumb Code     0  fpinit.o(x$fpl$fpinit)
    __fpl_fretinf                            0x08005885   Thumb Code    10  fretinf.o(x$fpl$fretinf)
    _printf_fp_dec                           0x0800588f   Thumb Code     4  printf1.o(x$fpl$printf1)
    __I$use$fp                               0x08005892   Number         0  usenofp.o(x$fpl$usenofp)
    Region$$Table$$Base                      0x08005968   Number         0  anon$$obj.o(Region$$Table)
    Region$$Table$$Limit                     0x08005988   Number         0  anon$$obj.o(Region$$Table)
    __ctype                                  0x080059b1   Data           0  lc_ctype_c.o(locale$$data)
    adcx                                     0x20000000   Data           2  adc.o(.data)
    adcy                                     0x20000002   Data           2  adc.o(.data)
    temp                                     0x20000004   Data           4  adc.o(.data)
    temy                                     0x20000008   Data           4  adc.o(.data)
    USART2_RX_STA                            0x2000000c   Data           2  usart2.o(.data)
    USART3_RX_STA                            0x2000000e   Data           2  usart3.o(.data)
    pid_angle                                0x20000010   Data           2  pid.o(.data)
    Kp                                       0x20000014   Data           4  pid.o(.data)
    Ki                                       0x20000018   Data           4  pid.o(.data)
    Kd                                       0x2000001c   Data           4  pid.o(.data)
    v                                        0x20000020   Data           4  pid.o(.data)
    err                                      0x20000024   Data           4  pid.o(.data)
    last_err                                 0x20000028   Data           4  pid.o(.data)
    former_err                               0x2000002c   Data           4  pid.o(.data)
    pwm                                      0x20000030   Data           4  pid.o(.data)
    integral                                 0x20000034   Data           4  pid.o(.data)
    add                                      0x20000038   Data           4  pid.o(.data)
    dir                                      0x2000003c   Data           4  pid.o(.data)
    time_cnt                                 0x20000040   Data           4  timer.o(.data)
    len                                      0x20000044   Data           1  timer.o(.data)
    flag                                     0x20000045   Data           1  timer.o(.data)
    moku_flag                                0x20000046   Data           1  timer.o(.data)
    angle_flag                               0x20000047   Data           1  timer.o(.data)
    Draw_PID_flag                            0x20000048   Data           1  timer.o(.data)
    stop_flag                                0x20000049   Data           1  timer.o(.data)
    time_flag                                0x2000004a   Data           1  timer.o(.data)
    time_flag2                               0x2000004b   Data           1  timer.o(.data)
    c_angle                                  0x2000004c   Data           2  timer.o(.data)
    m_angle                                  0x2000004e   Data           2  timer.o(.data)
    a_angle                                  0x20000050   Data           2  timer.o(.data)
    cur_angle                                0x20000052   Data           2  timer.o(.data)
    tar_angle                                0x20000054   Data           2  timer.o(.data)
    line_cnt                                 0x20000056   Data           1  timer.o(.data)
    v_dir                                    0x20000058   Data           4  timer.o(.data)
    err_abs                                  0x2000005c   Data           2  timer.o(.data)
    err_v                                    0x2000005e   Data           2  timer.o(.data)
    location_flag                            0x20000060   Data           1  speech.o(.data)
    improve_flag                             0x20000061   Data           1  speech.o(.data)
    play_flag                                0x20000062   Data           1  speech.o(.data)
    denoising_flag                           0x20000063   Data           1  speech.o(.data)
    stop_flag2                               0x20000064   Data           1  speech.o(.data)
    Fc_flag                                  0x20000065   Data           1  speech.o(.data)
    nothing_flag                             0x20000066   Data           1  speech.o(.data)
    ori_flag                                 0x20000067   Data           1  speech.o(.data)
    cnt_i                                    0x20000068   Data           1  speech.o(.data)
    cnt_j                                    0x20000069   Data           1  speech.o(.data)
    __stdout                                 0x20000070   Data           4  usart.o(.data)
    USART_RX_STA                             0x20000074   Data           2  usart.o(.data)
    USART2_RX_BUF                            0x20000088   Data         200  usart2.o(.bss)
    USART2_TX_BUF                            0x20000150   Data         200  usart2.o(.bss)
    USART3_RX_BUF                            0x20000218   Data         200  usart3.o(.bss)
    USART3_TX_BUF                            0x200002e0   Data         200  usart3.o(.bss)
    USART_RX_BUF                             0x200003a8   Data         200  usart.o(.bss)
    __libspace_start                         0x20000470   Data          96  libspace.o(.bss)
    __temporary_stack_top$libspace           0x200004d0   Data           0  libspace.o(.bss)



==============================================================================

Memory Map of the image

  Image Entry point : 0x08000189

  Load Region LR_IROM1 (Base: 0x08000000, Size: 0x00005b3c, Max: 0x00080000, ABSOLUTE)

    Execution Region ER_IROM1 (Exec base: 0x08000000, Load base: 0x08000000, Size: 0x00005ab4, Max: 0x00080000, ABSOLUTE)

    Exec Addr    Load Addr    Size         Type   Attr      Idx    E Section Name        Object

    0x08000000   0x08000000   0x00000188   Data   RO          947    RESET               startup_stm32f40_41xxx.o
    0x08000188   0x08000188   0x00000008   Code   RO         2640  * !!!main             c_w.l(__main.o)
    0x08000190   0x08000190   0x00000034   Code   RO         2971    !!!scatter          c_w.l(__scatter.o)
    0x080001c4   0x080001c4   0x0000001a   Code   RO         2973    !!handler_copy      c_w.l(__scatter_copy.o)
    0x080001de   0x080001de   0x00000002   PAD
    0x080001e0   0x080001e0   0x0000001c   Code   RO         2975    !!handler_zi        c_w.l(__scatter_zi.o)
    0x080001fc   0x080001fc   0x00000000   Code   RO         2631    .ARM.Collect$$_printf_percent$$00000000  c_w.l(_printf_percent.o)
    0x080001fc   0x080001fc   0x00000006   Code   RO         2729    .ARM.Collect$$_printf_percent$$00000001  c_w.l(_printf_n.o)
    0x08000202   0x08000202   0x00000006   Code   RO         2731    .ARM.Collect$$_printf_percent$$00000002  c_w.l(_printf_p.o)
    0x08000208   0x08000208   0x00000006   Code   RO         2630    .ARM.Collect$$_printf_percent$$00000003  c_w.l(_printf_f.o)
    0x0800020e   0x0800020e   0x00000006   Code   RO         2735    .ARM.Collect$$_printf_percent$$00000004  c_w.l(_printf_e.o)
    0x08000214   0x08000214   0x00000006   Code   RO         2736    .ARM.Collect$$_printf_percent$$00000005  c_w.l(_printf_g.o)
    0x0800021a   0x0800021a   0x00000006   Code   RO         2737    .ARM.Collect$$_printf_percent$$00000006  c_w.l(_printf_a.o)
    0x08000220   0x08000220   0x0000000a   Code   RO         2742    .ARM.Collect$$_printf_percent$$00000007  c_w.l(_printf_ll.o)
    0x0800022a   0x0800022a   0x00000006   Code   RO         2733    .ARM.Collect$$_printf_percent$$00000008  c_w.l(_printf_i.o)
    0x08000230   0x08000230   0x00000006   Code   RO         2629    .ARM.Collect$$_printf_percent$$00000009  c_w.l(_printf_d.o)
    0x08000236   0x08000236   0x00000006   Code   RO         2734    .ARM.Collect$$_printf_percent$$0000000A  c_w.l(_printf_u.o)
    0x0800023c   0x0800023c   0x00000006   Code   RO         2732    .ARM.Collect$$_printf_percent$$0000000B  c_w.l(_printf_o.o)
    0x08000242   0x08000242   0x00000006   Code   RO         2730    .ARM.Collect$$_printf_percent$$0000000C  c_w.l(_printf_x.o)
    0x08000248   0x08000248   0x00000006   Code   RO         2739    .ARM.Collect$$_printf_percent$$0000000D  c_w.l(_printf_lli.o)
    0x0800024e   0x0800024e   0x00000006   Code   RO         2740    .ARM.Collect$$_printf_percent$$0000000E  c_w.l(_printf_lld.o)
    0x08000254   0x08000254   0x00000006   Code   RO         2741    .ARM.Collect$$_printf_percent$$0000000F  c_w.l(_printf_llu.o)
    0x0800025a   0x0800025a   0x00000006   Code   RO         2746    .ARM.Collect$$_printf_percent$$00000010  c_w.l(_printf_llo.o)
    0x08000260   0x08000260   0x00000006   Code   RO         2747    .ARM.Collect$$_printf_percent$$00000011  c_w.l(_printf_llx.o)
    0x08000266   0x08000266   0x0000000a   Code   RO         2743    .ARM.Collect$$_printf_percent$$00000012  c_w.l(_printf_l.o)
    0x08000270   0x08000270   0x00000006   Code   RO         2728    .ARM.Collect$$_printf_percent$$00000013  c_w.l(_printf_c.o)
    0x08000276   0x08000276   0x00000006   Code   RO         2628    .ARM.Collect$$_printf_percent$$00000014  c_w.l(_printf_s.o)
    0x0800027c   0x0800027c   0x00000006   Code   RO         2744    .ARM.Collect$$_printf_percent$$00000015  c_w.l(_printf_lc.o)
    0x08000282   0x08000282   0x00000006   Code   RO         2745    .ARM.Collect$$_printf_percent$$00000016  c_w.l(_printf_ls.o)
    0x08000288   0x08000288   0x00000004   Code   RO         2738    .ARM.Collect$$_printf_percent$$00000017  c_w.l(_printf_percent_end.o)
    0x0800028c   0x0800028c   0x00000002   Code   RO         2848    .ARM.Collect$$libinit$$00000000  c_w.l(libinit.o)
    0x0800028e   0x0800028e   0x00000004   Code   RO         2849    .ARM.Collect$$libinit$$00000001  c_w.l(libinit2.o)
    0x08000292   0x08000292   0x00000000   Code   RO         2852    .ARM.Collect$$libinit$$00000004  c_w.l(libinit2.o)
    0x08000292   0x08000292   0x00000000   Code   RO         2855    .ARM.Collect$$libinit$$0000000A  c_w.l(libinit2.o)
    0x08000292   0x08000292   0x00000000   Code   RO         2857    .ARM.Collect$$libinit$$0000000C  c_w.l(libinit2.o)
    0x08000292   0x08000292   0x00000000   Code   RO         2859    .ARM.Collect$$libinit$$0000000E  c_w.l(libinit2.o)
    0x08000292   0x08000292   0x00000006   Code   RO         2860    .ARM.Collect$$libinit$$0000000F  c_w.l(libinit2.o)
    0x08000298   0x08000298   0x00000000   Code   RO         2862    .ARM.Collect$$libinit$$00000011  c_w.l(libinit2.o)
    0x08000298   0x08000298   0x0000000c   Code   RO         2863    .ARM.Collect$$libinit$$00000012  c_w.l(libinit2.o)
    0x080002a4   0x080002a4   0x00000000   Code   RO         2864    .ARM.Collect$$libinit$$00000013  c_w.l(libinit2.o)
    0x080002a4   0x080002a4   0x00000000   Code   RO         2866    .ARM.Collect$$libinit$$00000015  c_w.l(libinit2.o)
    0x080002a4   0x080002a4   0x0000000a   Code   RO         2867    .ARM.Collect$$libinit$$00000016  c_w.l(libinit2.o)
    0x080002ae   0x080002ae   0x00000000   Code   RO         2868    .ARM.Collect$$libinit$$00000017  c_w.l(libinit2.o)
    0x080002ae   0x080002ae   0x00000000   Code   RO         2870    .ARM.Collect$$libinit$$00000019  c_w.l(libinit2.o)
    0x080002ae   0x080002ae   0x00000000   Code   RO         2872    .ARM.Collect$$libinit$$0000001B  c_w.l(libinit2.o)
    0x080002ae   0x080002ae   0x00000000   Code   RO         2874    .ARM.Collect$$libinit$$0000001D  c_w.l(libinit2.o)
    0x080002ae   0x080002ae   0x00000000   Code   RO         2876    .ARM.Collect$$libinit$$0000001F  c_w.l(libinit2.o)
    0x080002ae   0x080002ae   0x00000000   Code   RO         2878    .ARM.Collect$$libinit$$00000021  c_w.l(libinit2.o)
    0x080002ae   0x080002ae   0x00000000   Code   RO         2880    .ARM.Collect$$libinit$$00000023  c_w.l(libinit2.o)
    0x080002ae   0x080002ae   0x00000000   Code   RO         2882    .ARM.Collect$$libinit$$00000025  c_w.l(libinit2.o)
    0x080002ae   0x080002ae   0x00000000   Code   RO         2886    .ARM.Collect$$libinit$$0000002C  c_w.l(libinit2.o)
    0x080002ae   0x080002ae   0x00000000   Code   RO         2888    .ARM.Collect$$libinit$$0000002E  c_w.l(libinit2.o)
    0x080002ae   0x080002ae   0x00000000   Code   RO         2890    .ARM.Collect$$libinit$$00000030  c_w.l(libinit2.o)
    0x080002ae   0x080002ae   0x00000000   Code   RO         2892    .ARM.Collect$$libinit$$00000032  c_w.l(libinit2.o)
    0x080002ae   0x080002ae   0x00000002   Code   RO         2893    .ARM.Collect$$libinit$$00000033  c_w.l(libinit2.o)
    0x080002b0   0x080002b0   0x00000002   Code   RO         2921    .ARM.Collect$$libshutdown$$00000000  c_w.l(libshutdown.o)
    0x080002b2   0x080002b2   0x00000000   Code   RO         2930    .ARM.Collect$$libshutdown$$00000002  c_w.l(libshutdown2.o)
    0x080002b2   0x080002b2   0x00000000   Code   RO         2932    .ARM.Collect$$libshutdown$$00000004  c_w.l(libshutdown2.o)
    0x080002b2   0x080002b2   0x00000000   Code   RO         2935    .ARM.Collect$$libshutdown$$00000007  c_w.l(libshutdown2.o)
    0x080002b2   0x080002b2   0x00000000   Code   RO         2938    .ARM.Collect$$libshutdown$$0000000A  c_w.l(libshutdown2.o)
    0x080002b2   0x080002b2   0x00000000   Code   RO         2940    .ARM.Collect$$libshutdown$$0000000C  c_w.l(libshutdown2.o)
    0x080002b2   0x080002b2   0x00000000   Code   RO         2943    .ARM.Collect$$libshutdown$$0000000F  c_w.l(libshutdown2.o)
    0x080002b2   0x080002b2   0x00000002   Code   RO         2944    .ARM.Collect$$libshutdown$$00000010  c_w.l(libshutdown2.o)
    0x080002b4   0x080002b4   0x00000000   Code   RO         2672    .ARM.Collect$$rtentry$$00000000  c_w.l(__rtentry.o)
    0x080002b4   0x080002b4   0x00000000   Code   RO         2763    .ARM.Collect$$rtentry$$00000002  c_w.l(__rtentry2.o)
    0x080002b4   0x080002b4   0x00000006   Code   RO         2775    .ARM.Collect$$rtentry$$00000004  c_w.l(__rtentry4.o)
    0x080002ba   0x080002ba   0x00000000   Code   RO         2765    .ARM.Collect$$rtentry$$00000009  c_w.l(__rtentry2.o)
    0x080002ba   0x080002ba   0x00000004   Code   RO         2766    .ARM.Collect$$rtentry$$0000000A  c_w.l(__rtentry2.o)
    0x080002be   0x080002be   0x00000000   Code   RO         2768    .ARM.Collect$$rtentry$$0000000C  c_w.l(__rtentry2.o)
    0x080002be   0x080002be   0x00000008   Code   RO         2769    .ARM.Collect$$rtentry$$0000000D  c_w.l(__rtentry2.o)
    0x080002c6   0x080002c6   0x00000002   Code   RO         2894    .ARM.Collect$$rtexit$$00000000  c_w.l(rtexit.o)
    0x080002c8   0x080002c8   0x00000000   Code   RO         2901    .ARM.Collect$$rtexit$$00000002  c_w.l(rtexit2.o)
    0x080002c8   0x080002c8   0x00000004   Code   RO         2902    .ARM.Collect$$rtexit$$00000003  c_w.l(rtexit2.o)
    0x080002cc   0x080002cc   0x00000006   Code   RO         2903    .ARM.Collect$$rtexit$$00000004  c_w.l(rtexit2.o)
    0x080002d2   0x080002d2   0x00000002   PAD
    0x080002d4   0x080002d4   0x00000040   Code   RO          948    .text               startup_stm32f40_41xxx.o
    0x08000314   0x08000314   0x00000002   Code   RO         2594    .text               c_w.l(use_no_semi_2.o)
    0x08000316   0x08000316   0x00000002   PAD
    0x08000318   0x08000318   0x00000024   Code   RO         2596    .text               c_w.l(c89vsprintf.o)
    0x0800033c   0x0800033c   0x00000018   Code   RO         2598    .text               c_w.l(__2printf.o)
    0x08000354   0x08000354   0x00000052   Code   RO         2604    .text               c_w.l(_printf_str.o)
    0x080003a6   0x080003a6   0x00000002   PAD
    0x080003a8   0x080003a8   0x00000078   Code   RO         2606    .text               c_w.l(_printf_dec.o)
    0x08000420   0x08000420   0x00000188   Code   RO         2625    .text               c_w.l(__printf_flags_ss_wp.o)
    0x080005a8   0x080005a8   0x0000001a   Code   RO         2632    .text               c_w.l(atoi.o)
    0x080005c2   0x080005c2   0x00000024   Code   RO         2634    .text               c_w.l(strstr.o)
    0x080005e6   0x080005e6   0x0000003e   Code   RO         2636    .text               c_w.l(strlen.o)
    0x08000624   0x08000624   0x00000006   Code   RO         2638    .text               c_w.l(heapauxi.o)
    0x0800062a   0x0800062a   0x00000002   Code   RO         2670    .text               c_w.l(use_no_semi.o)
    0x0800062c   0x0800062c   0x00000008   Code   RO         2676    .text               c_w.l(rt_errno_addr_intlibspace.o)
    0x08000634   0x08000634   0x0000004e   Code   RO         2678    .text               c_w.l(_printf_pad.o)
    0x08000682   0x08000682   0x00000024   Code   RO         2680    .text               c_w.l(_printf_truncate.o)
    0x080006a6   0x080006a6   0x000000b2   Code   RO         2682    .text               c_w.l(_printf_intcommon.o)
    0x08000758   0x08000758   0x00000028   Code   RO         2684    .text               c_w.l(_printf_charcount.o)
    0x08000780   0x08000780   0x0000041e   Code   RO         2686    .text               c_w.l(_printf_fp_dec.o)
    0x08000b9e   0x08000b9e   0x00000002   PAD
    0x08000ba0   0x08000ba0   0x00000030   Code   RO         2688    .text               c_w.l(_printf_char_common.o)
    0x08000bd0   0x08000bd0   0x0000000a   Code   RO         2690    .text               c_w.l(_sputc.o)
    0x08000bda   0x08000bda   0x0000002c   Code   RO         2692    .text               c_w.l(_printf_char.o)
    0x08000c06   0x08000c06   0x00000002   PAD
    0x08000c08   0x08000c08   0x00000024   Code   RO         2694    .text               c_w.l(_printf_char_file.o)
    0x08000c2c   0x08000c2c   0x000000bc   Code   RO         2696    .text               c_w.l(_printf_wctomb.o)
    0x08000ce8   0x08000ce8   0x0000007c   Code   RO         2699    .text               c_w.l(_printf_longlong_dec.o)
    0x08000d64   0x08000d64   0x00000070   Code   RO         2705    .text               c_w.l(_printf_oct_int_ll.o)
    0x08000dd4   0x08000dd4   0x00000094   Code   RO         2725    .text               c_w.l(_printf_hex_int_ll_ptr.o)
    0x08000e68   0x08000e68   0x00000070   Code   RO         2748    .text               c_w.l(strtol.o)
    0x08000ed8   0x08000ed8   0x00000008   Code   RO         2759    .text               c_w.l(libspace.o)
    0x08000ee0   0x08000ee0   0x00000010   Code   RO         2777    .text               c_w.l(rt_ctype_table.o)
    0x08000ef0   0x08000ef0   0x00000008   Code   RO         2782    .text               c_w.l(rt_locale_intlibspace.o)
    0x08000ef8   0x08000ef8   0x0000008a   Code   RO         2784    .text               c_w.l(lludiv10.o)
    0x08000f82   0x08000f82   0x00000002   PAD
    0x08000f84   0x08000f84   0x00000080   Code   RO         2786    .text               c_w.l(_printf_fp_infnan.o)
    0x08001004   0x08001004   0x0000002c   Code   RO         2790    .text               c_w.l(_printf_wchar.o)
    0x08001030   0x08001030   0x0000009e   Code   RO         2792    .text               c_w.l(_strtoul.o)
    0x080010ce   0x080010ce   0x00000002   PAD
    0x080010d0   0x080010d0   0x000000e4   Code   RO         2794    .text               c_w.l(bigflt0.o)
    0x080011b4   0x080011b4   0x00000008   Code   RO         2819    .text               c_w.l(ferror.o)
    0x080011bc   0x080011bc   0x00000040   Code   RO         2823    .text               c_w.l(_wcrtomb.o)
    0x080011fc   0x080011fc   0x0000004a   Code   RO         2832    .text               c_w.l(sys_stackheap_outer.o)
    0x08001246   0x08001246   0x0000001c   Code   RO         2834    .text               c_w.l(_chval.o)
    0x08001262   0x08001262   0x00000012   Code   RO         2839    .text               c_w.l(exit.o)
    0x08001274   0x08001274   0x00000080   Code   RO         2841    .text               c_w.l(strcmpv7m.o)
    0x080012f4   0x080012f4   0x0000003e   Code   RO         2797    CL$$btod_d2e        c_w.l(btod.o)
    0x08001332   0x08001332   0x00000046   Code   RO         2799    CL$$btod_d2e_denorm_low  c_w.l(btod.o)
    0x08001378   0x08001378   0x00000060   Code   RO         2798    CL$$btod_d2e_norm_op1  c_w.l(btod.o)
    0x080013d8   0x080013d8   0x00000338   Code   RO         2807    CL$$btod_div_common  c_w.l(btod.o)
    0x08001710   0x08001710   0x000000dc   Code   RO         2804    CL$$btod_e2e        c_w.l(btod.o)
    0x080017ec   0x080017ec   0x0000002a   Code   RO         2801    CL$$btod_ediv       c_w.l(btod.o)
    0x08001816   0x08001816   0x0000002a   Code   RO         2800    CL$$btod_emul       c_w.l(btod.o)
    0x08001840   0x08001840   0x00000244   Code   RO         2806    CL$$btod_mult_common  c_w.l(btod.o)
    0x08001a84   0x08001a84   0x00000016   Code   RO         1680    i.ADC_Cmd           stm32f4xx_adc.o
    0x08001a9a   0x08001a9a   0x00000002   PAD
    0x08001a9c   0x08001a9c   0x00000030   Code   RO         1681    i.ADC_CommonInit    stm32f4xx_adc.o
    0x08001acc   0x08001acc   0x00000008   Code   RO         1692    i.ADC_GetConversionValue  stm32f4xx_adc.o
    0x08001ad4   0x08001ad4   0x00000012   Code   RO         1693    i.ADC_GetFlagStatus  stm32f4xx_adc.o
    0x08001ae6   0x08001ae6   0x00000002   PAD
    0x08001ae8   0x08001ae8   0x00000054   Code   RO         1700    i.ADC_Init          stm32f4xx_adc.o
    0x08001b3c   0x08001b3c   0x000000b8   Code   RO         1705    i.ADC_RegularChannelConfig  stm32f4xx_adc.o
    0x08001bf4   0x08001bf4   0x0000000a   Code   RO         1707    i.ADC_SoftwareStartConv  stm32f4xx_adc.o
    0x08001bfe   0x08001bfe   0x00000002   PAD
    0x08001c00   0x08001c00   0x00000084   Code   RO          321    i.Adc2_Init         adc.o
    0x08001c84   0x08001c84   0x00000084   Code   RO          322    i.Adc_Init          adc.o
    0x08001d08   0x08001d08   0x0000009c   Code   RO          537    i.Beep_Init         gpio.o
    0x08001da4   0x08001da4   0x00000004   Code   RO          187    i.BusFault_Handler  stm32f4xx_it.o
    0x08001da8   0x08001da8   0x00000028   Code   RO         1918    i.DAC_Cmd           stm32f4xx_dac.o
    0x08001dd0   0x08001dd0   0x00000034   Code   RO         1926    i.DAC_Init          stm32f4xx_dac.o
    0x08001e04   0x08001e04   0x00000020   Code   RO         1927    i.DAC_SetChannel1Data  stm32f4xx_dac.o
    0x08001e24   0x08001e24   0x00000058   Code   RO          377    i.Dac1_Init         dac.o
    0x08001e7c   0x08001e7c   0x0000007c   Code   RO          378    i.Dac1_Set_Vol      dac.o
    0x08001ef8   0x08001ef8   0x00000002   Code   RO          188    i.DebugMon_Handler  stm32f4xx_it.o
    0x08001efa   0x08001efa   0x00000002   PAD
    0x08001efc   0x08001efc   0x00000050   Code   RO          740    i.Draw_PID          draw.o
    0x08001f4c   0x08001f4c   0x00000014   Code   RO          403    i.Drive_Servo       servo.o
    0x08001f60   0x08001f60   0x00000090   Code   RO          999    i.GPIO_Init         stm32f4xx_gpio.o
    0x08001ff0   0x08001ff0   0x00000046   Code   RO         1000    i.GPIO_PinAFConfig  stm32f4xx_gpio.o
    0x08002036   0x08002036   0x00000012   Code   RO         1003    i.GPIO_ReadInputDataBit  stm32f4xx_gpio.o
    0x08002048   0x08002048   0x00000004   Code   RO         1006    i.GPIO_ResetBits    stm32f4xx_gpio.o
    0x0800204c   0x0800204c   0x00000030   Code   RO          323    i.Get_Adc           adc.o
    0x0800207c   0x0800207c   0x00000030   Code   RO          324    i.Get_Adc2          adc.o
    0x080020ac   0x080020ac   0x0000002e   Code   RO          325    i.Get_Adc2_Average  adc.o
    0x080020da   0x080020da   0x0000002e   Code   RO          326    i.Get_Adc_Average   adc.o
    0x08002108   0x08002108   0x00000004   Code   RO          189    i.HardFault_Handler  stm32f4xx_it.o
    0x0800210c   0x0800210c   0x00000088   Code   RO          538    i.Line_Init         gpio.o
    0x08002194   0x08002194   0x00000004   Code   RO          190    i.MemManage_Handler  stm32f4xx_it.o
    0x08002198   0x08002198   0x0000004c   Code   RO          539    i.Moku_Init         gpio.o
    0x080021e4   0x080021e4   0x00000002   Code   RO          191    i.NMI_Handler       stm32f4xx_it.o
    0x080021e6   0x080021e6   0x00000002   PAD
    0x080021e8   0x080021e8   0x00000078   Code   RO          954    i.NVIC_Init         misc.o
    0x08002260   0x08002260   0x00000014   Code   RO          955    i.NVIC_PriorityGroupConfig  misc.o
    0x08002274   0x08002274   0x00000028   Code   RO          766    i.Open_Equ          speech.o
    0x0800229c   0x0800229c   0x00000028   Code   RO          767    i.Open_Loc          speech.o
    0x080022c4   0x080022c4   0x00000028   Code   RO          768    i.Open_Spe          speech.o
    0x080022ec   0x080022ec   0x00000002   Code   RO          192    i.PendSV_Handler    stm32f4xx_it.o
    0x080022ee   0x080022ee   0x00000002   PAD
    0x080022f0   0x080022f0   0x00000020   Code   RO         1096    i.RCC_AHB1PeriphClockCmd  stm32f4xx_rcc.o
    0x08002310   0x08002310   0x00000020   Code   RO         1105    i.RCC_APB1PeriphClockCmd  stm32f4xx_rcc.o
    0x08002330   0x08002330   0x00000020   Code   RO         1108    i.RCC_APB2PeriphClockCmd  stm32f4xx_rcc.o
    0x08002350   0x08002350   0x00000020   Code   RO         1110    i.RCC_APB2PeriphResetCmd  stm32f4xx_rcc.o
    0x08002370   0x08002370   0x000000e8   Code   RO         1117    i.RCC_GetClocksFreq  stm32f4xx_rcc.o
    0x08002458   0x08002458   0x00000002   Code   RO          193    i.SVC_Handler       stm32f4xx_it.o
    0x0800245a   0x0800245a   0x00000002   PAD
    0x0800245c   0x0800245c   0x000000a4   Code   RO          404    i.Servo_Init        servo.o
    0x08002500   0x08002500   0x000000ec   Code   RO          284    i.SetSysClock       system_stm32f4xx.o
    0x080025ec   0x080025ec   0x00000028   Code   RO          769    i.Spe_Equ           speech.o
    0x08002614   0x08002614   0x00000028   Code   RO          770    i.Spe_Org           speech.o
    0x0800263c   0x0800263c   0x00000028   Code   RO          771    i.Spe_Wit           speech.o
    0x08002664   0x08002664   0x00000084   Code   RO          540    i.Speech_Init       gpio.o
    0x080026e8   0x080026e8   0x00000210   Code   RO          772    i.Speech_JG         speech.o
    0x080028f8   0x080028f8   0x00000088   Code   RO          541    i.Speech_Out        gpio.o
    0x08002980   0x08002980   0x00000248   Code   RO          773    i.Speech_SP         speech.o
    0x08002bc8   0x08002bc8   0x00000028   Code   RO          958    i.SysTick_CLKSourceConfig  misc.o
    0x08002bf0   0x08002bf0   0x00000002   Code   RO          194    i.SysTick_Handler   stm32f4xx_it.o
    0x08002bf2   0x08002bf2   0x00000002   PAD
    0x08002bf4   0x08002bf4   0x00000068   Code   RO          286    i.SystemInit        system_stm32f4xx.o
    0x08002c5c   0x08002c5c   0x00000120   Code   RO          681    i.TIM2_IRQHandler   timer.o
    0x08002d7c   0x08002d7c   0x0000005a   Code   RO          682    i.TIM2_Int_Init     timer.o
    0x08002dd6   0x08002dd6   0x00000002   PAD
    0x08002dd8   0x08002dd8   0x000002fc   Code   RO          683    i.TIM3_IRQHandler   timer.o
    0x080030d4   0x080030d4   0x0000005c   Code   RO          684    i.TIM3_Int_Init     timer.o
    0x08003130   0x08003130   0x00000024   Code   RO          685    i.TIM4_IRQHandler   timer.o
    0x08003154   0x08003154   0x0000005c   Code   RO          686    i.TIM4_Int_Init     timer.o
    0x080031b0   0x080031b0   0x00000018   Code   RO         2036    i.TIM_ARRPreloadConfig  stm32f4xx_tim.o
    0x080031c8   0x080031c8   0x00000006   Code   RO         2043    i.TIM_ClearITPendingBit  stm32f4xx_tim.o
    0x080031ce   0x080031ce   0x00000018   Code   RO         2048    i.TIM_Cmd           stm32f4xx_tim.o
    0x080031e6   0x080031e6   0x00000022   Code   RO         2069    i.TIM_GetITStatus   stm32f4xx_tim.o
    0x08003208   0x08003208   0x00000012   Code   RO         2073    i.TIM_ITConfig      stm32f4xx_tim.o
    0x0800321a   0x0800321a   0x00000002   PAD
    0x0800321c   0x0800321c   0x0000007c   Code   RO         2077    i.TIM_OC1Init       stm32f4xx_tim.o
    0x08003298   0x08003298   0x00000012   Code   RO         2080    i.TIM_OC1PreloadConfig  stm32f4xx_tim.o
    0x080032aa   0x080032aa   0x00000004   Code   RO         2110    i.TIM_SetCompare1   stm32f4xx_tim.o
    0x080032ae   0x080032ae   0x00000002   PAD
    0x080032b0   0x080032b0   0x00000084   Code   RO         2120    i.TIM_TimeBaseInit  stm32f4xx_tim.o
    0x08003334   0x08003334   0x00000088   Code   RO          898    i.USART1_IRQHandler  usart.o
    0x080033bc   0x080033bc   0x00000088   Code   RO          449    i.USART2_IRQHandler  usart2.o
    0x08003444   0x08003444   0x00000088   Code   RO          498    i.USART3_IRQHandler  usart3.o
    0x080034cc   0x080034cc   0x00000018   Code   RO         1490    i.USART_Cmd         stm32f4xx_usart.o
    0x080034e4   0x080034e4   0x0000001a   Code   RO         1493    i.USART_GetFlagStatus  stm32f4xx_usart.o
    0x080034fe   0x080034fe   0x00000054   Code   RO         1494    i.USART_GetITStatus  stm32f4xx_usart.o
    0x08003552   0x08003552   0x0000004a   Code   RO         1496    i.USART_ITConfig    stm32f4xx_usart.o
    0x0800359c   0x0800359c   0x000000d4   Code   RO         1497    i.USART_Init        stm32f4xx_usart.o
    0x08003670   0x08003670   0x0000000a   Code   RO         1504    i.USART_ReceiveData  stm32f4xx_usart.o
    0x0800367a   0x0800367a   0x00000008   Code   RO         1507    i.USART_SendData    stm32f4xx_usart.o
    0x08003682   0x08003682   0x00000004   Code   RO          195    i.UsageFault_Handler  stm32f4xx_it.o
    0x08003686   0x08003686   0x00000030   Code   RO         2830    i.__ARM_fpclassify  m_wm.l(fpclassify.o)
    0x080036b6   0x080036b6   0x0000000e   Code   RO         2618    i._is_digit         c_w.l(__printf_wp.o)
    0x080036c4   0x080036c4   0x00000004   Code   RO          899    i._sys_exit         usart.o
    0x080036c8   0x080036c8   0x00000080   Code   RO          429    i.angle             jd.o
    0x08003748   0x08003748   0x0000003c   Code   RO          834    i.delay_init        delay.o
    0x08003784   0x08003784   0x00000038   Code   RO          835    i.delay_ms          delay.o
    0x080037bc   0x080037bc   0x00000024   Code   RO          836    i.delay_s           delay.o
    0x080037e0   0x080037e0   0x0000004c   Code   RO          838    i.delay_xms         delay.o
    0x0800382c   0x0800382c   0x00000034   Code   RO          631    i.esp8266_check_cmd  esp8266.o
    0x08003860   0x08003860   0x00000074   Code   RO          633    i.esp8266_send_cmd  esp8266.o
    0x080038d4   0x080038d4   0x000000c0   Code   RO          635    i.esp8266_start_AP  esp8266.o
    0x08003994   0x08003994   0x0000001c   Code   RO          900    i.fputc             usart.o
    0x080039b0   0x080039b0   0x0000102c   Code   RO            3    i.main              main.o
    0x080049dc   0x080049dc   0x000000d0   Code   RO          583    i.moku_go_PID       pid.o
    0x08004aac   0x08004aac   0x00000084   Code   RO          584    i.moku_go_dir       pid.o
    0x08004b30   0x08004b30   0x00000088   Code   RO          585    i.moku_go_err       pid.o
    0x08004bb8   0x08004bb8   0x00000050   Code   RO          450    i.u2_printf         usart2.o
    0x08004c08   0x08004c08   0x00000050   Code   RO          499    i.u3_printf         usart3.o
    0x08004c58   0x08004c58   0x000000ac   Code   RO          901    i.uart_init         usart.o
    0x08004d04   0x08004d04   0x000000ac   Code   RO          451    i.usart2_init       usart2.o
    0x08004db0   0x08004db0   0x000000ac   Code   RO          500    i.usart3_init       usart3.o
    0x08004e5c   0x08004e5c   0x0000002c   Code   RO         2826    locale$$code        c_w.l(lc_numeric_c.o)
    0x08004e88   0x08004e88   0x0000002c   Code   RO         2837    locale$$code        c_w.l(lc_ctype_c.o)
    0x08004eb4   0x08004eb4   0x00000062   Code   RO         2642    x$fpl$d2f           fz_wm.l(d2f.o)
    0x08004f16   0x08004f16   0x00000002   PAD
    0x08004f18   0x08004f18   0x00000150   Code   RO         2644    x$fpl$dadd          fz_wm.l(daddsub_clz.o)
    0x08005068   0x08005068   0x000002b0   Code   RO         2651    x$fpl$ddiv          fz_wm.l(ddiv.o)
    0x08005318   0x08005318   0x0000005a   Code   RO         2654    x$fpl$dfixu         fz_wm.l(dfixu.o)
    0x08005372   0x08005372   0x0000002e   Code   RO         2659    x$fpl$dflt          fz_wm.l(dflt_clz.o)
    0x080053a0   0x080053a0   0x00000026   Code   RO         2658    x$fpl$dfltu         fz_wm.l(dflt_clz.o)
    0x080053c6   0x080053c6   0x00000002   PAD
    0x080053c8   0x080053c8   0x00000154   Code   RO         2664    x$fpl$dmul          fz_wm.l(dmul.o)
    0x0800551c   0x0800551c   0x0000009c   Code   RO         2750    x$fpl$dnaninf       fz_wm.l(dnaninf.o)
    0x080055b8   0x080055b8   0x0000000c   Code   RO         2752    x$fpl$dretinf       fz_wm.l(dretinf.o)
    0x080055c4   0x080055c4   0x000001d4   Code   RO         2646    x$fpl$dsub          fz_wm.l(daddsub_clz.o)
    0x08005798   0x08005798   0x00000056   Code   RO         2666    x$fpl$f2d           fz_wm.l(f2d.o)
    0x080057ee   0x080057ee   0x0000008c   Code   RO         2754    x$fpl$fnaninf       fz_wm.l(fnaninf.o)
    0x0800587a   0x0800587a   0x0000000a   Code   RO         2898    x$fpl$fpinit        fz_wm.l(fpinit.o)
    0x08005884   0x08005884   0x0000000a   Code   RO         2756    x$fpl$fretinf       fz_wm.l(fretinf.o)
    0x0800588e   0x0800588e   0x00000004   Code   RO         2668    x$fpl$printf1       fz_wm.l(printf1.o)
    0x08005892   0x08005892   0x00000000   Code   RO         2758    x$fpl$usenofp       fz_wm.l(usenofp.o)
    0x08005892   0x08005892   0x00000011   Data   RO         2626    .constdata          c_w.l(__printf_flags_ss_wp.o)
    0x080058a3   0x080058a3   0x00000001   PAD
    0x080058a4   0x080058a4   0x00000008   Data   RO         2697    .constdata          c_w.l(_printf_wctomb.o)
    0x080058ac   0x080058ac   0x00000028   Data   RO         2726    .constdata          c_w.l(_printf_hex_int_ll_ptr.o)
    0x080058d4   0x080058d4   0x00000094   Data   RO         2795    .constdata          c_w.l(bigflt0.o)
    0x08005968   0x08005968   0x00000020   Data   RO         2969    Region$$Table       anon$$obj.o
    0x08005988   0x08005988   0x0000001c   Data   RO         2825    locale$$data        c_w.l(lc_numeric_c.o)
    0x080059a4   0x080059a4   0x00000110   Data   RO         2836    locale$$data        c_w.l(lc_ctype_c.o)


    Execution Region RW_IRAM1 (Exec base: 0x20000000, Load base: 0x08005ab4, Size: 0x00000ad0, Max: 0x00020000, ABSOLUTE)

    Exec Addr    Load Addr    Size         Type   Attr      Idx    E Section Name        Object

    0x20000000   0x08005ab4   0x0000000c   Data   RW          327    .data               adc.o
    0x2000000c   0x08005ac0   0x00000002   Data   RW          453    .data               usart2.o
    0x2000000e   0x08005ac2   0x00000002   Data   RW          502    .data               usart3.o
    0x20000010   0x08005ac4   0x00000030   Data   RW          586    .data               pid.o
    0x20000040   0x08005af4   0x00000020   Data   RW          687    .data               timer.o
    0x20000060   0x08005b14   0x0000000a   Data   RW          774    .data               speech.o
    0x2000006a   0x08005b1e   0x00000004   Data   RW          839    .data               delay.o
    0x2000006e   0x08005b22   0x00000002   PAD
    0x20000070   0x08005b24   0x00000006   Data   RW          903    .data               usart.o
    0x20000076   0x08005b2a   0x00000010   Data   RW         1149    .data               stm32f4xx_rcc.o
    0x20000086   0x08005b3a   0x00000002   PAD
    0x20000088        -       0x00000190   Zero   RW          452    .bss                usart2.o
    0x20000218        -       0x00000190   Zero   RW          501    .bss                usart3.o
    0x200003a8        -       0x000000c8   Zero   RW          902    .bss                usart.o
    0x20000470        -       0x00000060   Zero   RW         2760    .bss                c_w.l(libspace.o)
    0x200004d0        -       0x00000200   Zero   RW          946    HEAP                startup_stm32f40_41xxx.o
    0x200006d0        -       0x00000400   Zero   RW          945    STACK               startup_stm32f40_41xxx.o


==============================================================================

Image component sizes


      Code (inc. data)   RO Data    RW Data    ZI Data      Debug   Object Name

       452         24          0         12          0       4091   adc.o
       212         30          0          0          0       1219   dac.o
       228         12          0          4          0       2522   delay.o
        80         32          0          0          0        587   draw.o
       360        138          0          0          0       2430   esp8266.o
       636         34          0          0          0       2883   gpio.o
       128         16          0          0          0        624   jd.o
      4140        816          0          0          0     304115   main.o
       180         24          0          0          0       2049   misc.o
       476         38          0         48          0       2510   pid.o
       184         14          0          0          0       1319   servo.o
      1352        300          0         10          0       5078   speech.o
        64         26        392          0       1536        836   startup_stm32f40_41xxx.o
       374         24          0          0          0       5502   stm32f4xx_adc.o
       124         18          0          0          0       2411   stm32f4xx_dac.o
       236          0          0          0          0       2936   stm32f4xx_gpio.o
        26          0          0          0          0       4010   stm32f4xx_it.o
       360         42          0         16          0       5168   stm32f4xx_rcc.o
       384         38          0          0          0       6084   stm32f4xx_tim.o
       438          8          0          0          0       5409   stm32f4xx_usart.o
       340         32          0          0          0       1453   system_stm32f4xx.o
      1362        276          0         32          0       4825   timer.o
       340         28          0          6        200       4220   usart.o
       388         32          0          2        400       3314   usart2.o
       388         30          0          2        400       2754   usart3.o

    ----------------------------------------------------------------------
     13274       2032        424        136       2536     378349   Object Totals
         0          0         32          0          0          0   (incl. Generated)
        22          0          0          4          0          0   (incl. Padding)

    ----------------------------------------------------------------------

      Code (inc. data)   RO Data    RW Data    ZI Data      Debug   Library Member Name

        24          4          0          0          0         84   __2printf.o
         8          0          0          0          0         68   __main.o
       392          4         17          0          0         92   __printf_flags_ss_wp.o
        14          0          0          0          0         68   __printf_wp.o
         0          0          0          0          0          0   __rtentry.o
        12          0          0          0          0          0   __rtentry2.o
         6          0          0          0          0          0   __rtentry4.o
        52          8          0          0          0          0   __scatter.o
        26          0          0          0          0          0   __scatter_copy.o
        28          0          0          0          0          0   __scatter_zi.o
        28          0          0          0          0         68   _chval.o
         6          0          0          0          0          0   _printf_a.o
         6          0          0          0          0          0   _printf_c.o
        44          0          0          0          0        108   _printf_char.o
        48          6          0          0          0         96   _printf_char_common.o
        36          4          0          0          0         80   _printf_char_file.o
        40          0          0          0          0         68   _printf_charcount.o
         6          0          0          0          0          0   _printf_d.o
       120         16          0          0          0         92   _printf_dec.o
         6          0          0          0          0          0   _printf_e.o
         6          0          0          0          0          0   _printf_f.o
      1054          0          0          0          0        216   _printf_fp_dec.o
       128         16          0          0          0         84   _printf_fp_infnan.o
         6          0          0          0          0          0   _printf_g.o
       148          4         40          0          0        160   _printf_hex_int_ll_ptr.o
         6          0          0          0          0          0   _printf_i.o
       178          0          0          0          0         88   _printf_intcommon.o
        10          0          0          0          0          0   _printf_l.o
         6          0          0          0          0          0   _printf_lc.o
        10          0          0          0          0          0   _printf_ll.o
         6          0          0          0          0          0   _printf_lld.o
         6          0          0          0          0          0   _printf_lli.o
         6          0          0          0          0          0   _printf_llo.o
         6          0          0          0          0          0   _printf_llu.o
         6          0          0          0          0          0   _printf_llx.o
       124         16          0          0          0         92   _printf_longlong_dec.o
         6          0          0          0          0          0   _printf_ls.o
         6          0          0          0          0          0   _printf_n.o
         6          0          0          0          0          0   _printf_o.o
       112         10          0          0          0        124   _printf_oct_int_ll.o
         6          0          0          0          0          0   _printf_p.o
        78          0          0          0          0        108   _printf_pad.o
         0          0          0          0          0          0   _printf_percent.o
         4          0          0          0          0          0   _printf_percent_end.o
         6          0          0          0          0          0   _printf_s.o
        82          0          0          0          0         80   _printf_str.o
        36          0          0          0          0         84   _printf_truncate.o
         6          0          0          0          0          0   _printf_u.o
        44          0          0          0          0        108   _printf_wchar.o
       188          6          8          0          0         92   _printf_wctomb.o
         6          0          0          0          0          0   _printf_x.o
        10          0          0          0          0         68   _sputc.o
       158          0          0          0          0         92   _strtoul.o
        64          0          0          0          0         92   _wcrtomb.o
        26          0          0          0          0         80   atoi.o
       228          4        148          0          0         96   bigflt0.o
      1936        128          0          0          0        672   btod.o
        36          4          0          0          0         76   c89vsprintf.o
        18          0          0          0          0         80   exit.o
         8          0          0          0          0         68   ferror.o
         6          0          0          0          0        152   heapauxi.o
        44         10        272          0          0         76   lc_ctype_c.o
        44         10         28          0          0         76   lc_numeric_c.o
         2          0          0          0          0          0   libinit.o
        34          0          0          0          0          0   libinit2.o
         2          0          0          0          0          0   libshutdown.o
         2          0          0          0          0          0   libshutdown2.o
         8          4          0          0         96         68   libspace.o
       138          0          0          0          0         80   lludiv10.o
        16          4          0          0          0         76   rt_ctype_table.o
         8          4          0          0          0         68   rt_errno_addr_intlibspace.o
         8          4          0          0          0         68   rt_locale_intlibspace.o
         2          0          0          0          0          0   rtexit.o
        10          0          0          0          0          0   rtexit2.o
       128          0          0          0          0         68   strcmpv7m.o
        62          0          0          0          0         76   strlen.o
        36          0          0          0          0         80   strstr.o
       112          0          0          0          0         88   strtol.o
        74          0          0          0          0         80   sys_stackheap_outer.o
         2          0          0          0          0         68   use_no_semi.o
         2          0          0          0          0         68   use_no_semi_2.o
        98          4          0          0          0        140   d2f.o
       804         16          0          0          0        368   daddsub_clz.o
       688        140          0          0          0        256   ddiv.o
        90          4          0          0          0        140   dfixu.o
        84          0          0          0          0        232   dflt_clz.o
       340         12          0          0          0        152   dmul.o
       156          4          0          0          0        140   dnaninf.o
        12          0          0          0          0        116   dretinf.o
        86          4          0          0          0        132   f2d.o
       140          4          0          0          0        132   fnaninf.o
        10          0          0          0          0        116   fpinit.o
        10          0          0          0          0        116   fretinf.o
         4          0          0          0          0        116   printf1.o
         0          0          0          0          0          0   usenofp.o
        48          0          0          0          0        124   fpclassify.o

    ----------------------------------------------------------------------
      9008        454        514          0         96       6856   Library Totals
        20          0          1          0          0          0   (incl. Padding)

    ----------------------------------------------------------------------

      Code (inc. data)   RO Data    RW Data    ZI Data      Debug   Library Name

      6418        266        513          0         96       4576   c_w.l
      2522        188          0          0          0       2156   fz_wm.l
        48          0          0          0          0        124   m_wm.l

    ----------------------------------------------------------------------
      9008        454        514          0         96       6856   Library Totals

    ----------------------------------------------------------------------

==============================================================================


      Code (inc. data)   RO Data    RW Data    ZI Data      Debug   

     22282       2486        938        136       2632     371657   Grand Totals
     22282       2486        938        136       2632     371657   ELF Image Totals
     22282       2486        938        136          0          0   ROM Totals

==============================================================================

    Total RO  Size (Code + RO Data)                23220 (  22.68kB)
    Total RW  Size (RW Data + ZI Data)              2768 (   2.70kB)
    Total ROM Size (Code + RO Data + RW Data)      23356 (  22.81kB)

==============================================================================

