Component: ARM Compiler 5.06 update 6 (build 750) Tool: armlink [4d35ed]

==============================================================================

Section Cross References

    startup_stm32f10x_md.o(STACK) refers (Special) to heapauxi.o(.text) for __use_two_region_memory
    startup_stm32f10x_md.o(HEAP) refers (Special) to heapauxi.o(.text) for __use_two_region_memory
    startup_stm32f10x_md.o(RESET) refers (Special) to heapauxi.o(.text) for __use_two_region_memory
    startup_stm32f10x_md.o(RESET) refers to startup_stm32f10x_md.o(STACK) for __initial_sp
    startup_stm32f10x_md.o(RESET) refers to startup_stm32f10x_md.o(.text) for Reset_Handler
    startup_stm32f10x_md.o(RESET) refers to stm32f10x_it.o(.text) for NMI_Handler
    startup_stm32f10x_md.o(RESET) refers to sydw.o(.text) for EXTI0_IRQHandler
    startup_stm32f10x_md.o(RESET) refers to timer.o(.text) for TIM3_IRQHandler
    startup_stm32f10x_md.o(RESET) refers to usart.o(.text) for USART1_IRQHandler
    startup_stm32f10x_md.o(RESET) refers to uart2.o(.text) for USART2_IRQHandler
    startup_stm32f10x_md.o(RESET) refers to usart3.o(.text) for USART3_IRQHandler
    startup_stm32f10x_md.o(.text) refers (Special) to heapauxi.o(.text) for __use_two_region_memory
    startup_stm32f10x_md.o(.text) refers to system_stm32f10x.o(.text) for SystemInit
    startup_stm32f10x_md.o(.text) refers to __main.o(!!!main) for __main
    startup_stm32f10x_md.o(.text) refers to startup_stm32f10x_md.o(HEAP) for Heap_Mem
    startup_stm32f10x_md.o(.text) refers to startup_stm32f10x_md.o(STACK) for Stack_Mem
    system_stm32f10x.o(.text) refers to system_stm32f10x.o(.data) for SystemCoreClock
    stm32f10x_gpio.o(.text) refers to stm32f10x_rcc.o(.text) for RCC_APB2PeriphResetCmd
    stm32f10x_rcc.o(.text) refers to stm32f10x_rcc.o(.data) for APBAHBPrescTable
    stm32f10x_spi.o(.text) refers to stm32f10x_rcc.o(.text) for RCC_APB2PeriphResetCmd
    stm32f10x_usart.o(.text) refers to stm32f10x_rcc.o(.text) for RCC_APB2PeriphResetCmd
    stm32f10x_dac.o(.text) refers to stm32f10x_rcc.o(.text) for RCC_APB1PeriphResetCmd
    stm32f10x_tim.o(.text) refers to stm32f10x_rcc.o(.text) for RCC_APB2PeriphResetCmd
    stm32f10x_adc.o(.text) refers to stm32f10x_rcc.o(.text) for RCC_APB2PeriphResetCmd
    key.o(.text) refers to stm32f10x_rcc.o(.text) for RCC_APB2PeriphClockCmd
    key.o(.text) refers to stm32f10x_gpio.o(.text) for GPIO_Init
    key.o(.text) refers to misc.o(.text) for NVIC_Init
    key.o(.text) refers to stm32f10x_exti.o(.text) for EXTI_Init
    sk9822.o(.text) refers to stm32f10x_rcc.o(.text) for RCC_APB2PeriphClockCmd
    sk9822.o(.text) refers to stm32f10x_gpio.o(.text) for GPIO_Init
    sk9822.o(.text) refers to stm32f10x_spi.o(.text) for SPI_I2S_DeInit
    micarray.o(.text) refers to stm32f10x_dma.o(.text) for DMA_Init
    micarray.o(.text) refers to stm32f10x_rcc.o(.text) for RCC_APB2PeriphClockCmd
    micarray.o(.text) refers to stm32f10x_gpio.o(.text) for GPIO_Init
    micarray.o(.text) refers to stm32f10x_spi.o(.text) for I2S_Init
    micarray.o(.text) refers to misc.o(.text) for NVIC_Init
    micarray.o(.text) refers to sydw.o(.data) for len
    delay.o(.text) refers to misc.o(.text) for SysTick_CLKSourceConfig
    delay.o(.text) refers to system_stm32f10x.o(.data) for SystemCoreClock
    delay.o(.text) refers to delay.o(.data) for fac_us
    lcd.o(.text) refers to delay.o(.text) for delay_us
    lcd.o(.text) refers to lcd.o(.bss) for lcddev
    lcd.o(.text) refers to lcd.o(.data) for POINT_COLOR
    lcd.o(.text) refers to dflt_clz.o(x$fpl$dfltu) for __aeabi_ui2d
    lcd.o(.text) refers to dmul.o(x$fpl$dmul) for __aeabi_dmul
    lcd.o(.text) refers to dfixu.o(x$fpl$dfixu) for __aeabi_d2uiz
    lcd.o(.text) refers to stm32f10x_rcc.o(.text) for RCC_AHBPeriphClockCmd
    lcd.o(.text) refers to stm32f10x_gpio.o(.text) for GPIO_Init
    lcd.o(.text) refers to stm32f10x_fsmc.o(.text) for FSMC_NORSRAMInit
    lcd.o(.text) refers to lcd.o(.constdata) for asc2_1206
    usart.o(.rev16_text) refers (Special) to use_no_semi_2.o(.text) for __use_no_semihosting
    usart.o(.revsh_text) refers (Special) to use_no_semi_2.o(.text) for __use_no_semihosting
    usart.o(.rrx_text) refers (Special) to use_no_semi_2.o(.text) for __use_no_semihosting
    usart.o(.text) refers (Special) to use_no_semi_2.o(.text) for __use_no_semihosting
    usart.o(.text) refers to stm32f10x_rcc.o(.text) for RCC_APB2PeriphClockCmd
    usart.o(.text) refers to stm32f10x_gpio.o(.text) for GPIO_Init
    usart.o(.text) refers to misc.o(.text) for NVIC_Init
    usart.o(.text) refers to stm32f10x_usart.o(.text) for USART_Init
    usart.o(.text) refers to usart.o(.data) for USART_RX_STA
    usart.o(.text) refers to usart.o(.bss) for USART_RX_BUF
    usart.o(.bss) refers (Special) to use_no_semi_2.o(.text) for __use_no_semihosting
    usart.o(.data) refers (Special) to use_no_semi_2.o(.text) for __use_no_semihosting
    malloc.o(.text) refers to malloc.o(.constdata) for memtblsize
[...]
    RCC_GetFlagStatus                        0x08000843   Thumb Code    56  stm32f10x_rcc.o(.text)
    RCC_WaitForHSEStartUp                    0x0800087b   Thumb Code    56  stm32f10x_rcc.o(.text)
    RCC_AdjustHSICalibrationValue            0x080008b3   Thumb Code    20  stm32f10x_rcc.o(.text)
    RCC_HSICmd                               0x080008c7   Thumb Code     6  stm32f10x_rcc.o(.text)
    RCC_PLLConfig                            0x080008cd   Thumb Code    24  stm32f10x_rcc.o(.text)
    RCC_PLLCmd                               0x080008e5   Thumb Code     6  stm32f10x_rcc.o(.text)
    RCC_SYSCLKConfig                         0x080008eb   Thumb Code    18  stm32f10x_rcc.o(.text)
    RCC_GetSYSCLKSource                      0x080008fd   Thumb Code    10  stm32f10x_rcc.o(.text)
    RCC_HCLKConfig                           0x08000907   Thumb Code    18  stm32f10x_rcc.o(.text)
    RCC_PCLK1Config                          0x08000919   Thumb Code    18  stm32f10x_rcc.o(.text)
    RCC_PCLK2Config                          0x0800092b   Thumb Code    20  stm32f10x_rcc.o(.text)
    RCC_ITConfig                             0x0800093f   Thumb Code    26  stm32f10x_rcc.o(.text)
    RCC_USBCLKConfig                         0x08000959   Thumb Code     8  stm32f10x_rcc.o(.text)
    RCC_ADCCLKConfig                         0x08000961   Thumb Code    18  stm32f10x_rcc.o(.text)
    RCC_LSEConfig                            0x08000973   Thumb Code    50  stm32f10x_rcc.o(.text)
    RCC_LSICmd                               0x080009a5   Thumb Code     6  stm32f10x_rcc.o(.text)
    RCC_RTCCLKConfig                         0x080009ab   Thumb Code    12  stm32f10x_rcc.o(.text)
    RCC_RTCCLKCmd                            0x080009b7   Thumb Code     8  stm32f10x_rcc.o(.text)
    RCC_GetClocksFreq                        0x080009bf   Thumb Code   192  stm32f10x_rcc.o(.text)
    RCC_AHBPeriphClockCmd                    0x08000a7f   Thumb Code    26  stm32f10x_rcc.o(.text)
    RCC_APB2PeriphClockCmd                   0x08000a99   Thumb Code    26  stm32f10x_rcc.o(.text)
    RCC_APB1PeriphClockCmd                   0x08000ab3   Thumb Code    26  stm32f10x_rcc.o(.text)
    RCC_APB2PeriphResetCmd                   0x08000acd   Thumb Code    26  stm32f10x_rcc.o(.text)
    RCC_APB1PeriphResetCmd                   0x08000ae7   Thumb Code    26  stm32f10x_rcc.o(.text)
    RCC_BackupResetCmd                       0x08000b01   Thumb Code     8  stm32f10x_rcc.o(.text)
    RCC_ClockSecuritySystemCmd               0x08000b09   Thumb Code     6  stm32f10x_rcc.o(.text)
    RCC_MCOConfig                            0x08000b0f   Thumb Code     6  stm32f10x_rcc.o(.text)
    RCC_ClearFlag                            0x08000b15   Thumb Code    14  stm32f10x_rcc.o(.text)
    RCC_GetITStatus                          0x08000b23   Thumb Code    20  stm32f10x_rcc.o(.text)
    RCC_ClearITPendingBit                    0x08000b37   Thumb Code     6  stm32f10x_rcc.o(.text)
    SPI_I2S_DeInit                           0x08000b61   Thumb Code    76  stm32f10x_spi.o(.text)
    SPI_Init                                 0x08000bad   Thumb Code    60  stm32f10x_spi.o(.text)
    I2S_Init                                 0x08000be9   Thumb Code   226  stm32f10x_spi.o(.text)
    SPI_StructInit                           0x08000ccb   Thumb Code    24  stm32f10x_spi.o(.text)
    I2S_StructInit                           0x08000ce3   Thumb Code    20  stm32f10x_spi.o(.text)
    SPI_Cmd                                  0x08000cf7   Thumb Code    24  stm32f10x_spi.o(.text)
    I2S_Cmd                                  0x08000d0f   Thumb Code    24  stm32f10x_spi.o(.text)
    SPI_I2S_ITConfig                         0x08000d27   Thumb Code    32  stm32f10x_spi.o(.text)
    SPI_I2S_DMACmd                           0x08000d47   Thumb Code    18  stm32f10x_spi.o(.text)
    SPI_I2S_SendData                         0x08000d59   Thumb Code     4  stm32f10x_spi.o(.text)
    SPI_I2S_ReceiveData                      0x08000d5d   Thumb Code     6  stm32f10x_spi.o(.text)
    SPI_NSSInternalSoftwareConfig            0x08000d63   Thumb Code    30  stm32f10x_spi.o(.text)
    SPI_SSOutputCmd                          0x08000d81   Thumb Code    24  stm32f10x_spi.o(.text)
    SPI_DataSizeConfig                       0x08000d99   Thumb Code    18  stm32f10x_spi.o(.text)
    SPI_TransmitCRC                          0x08000dab   Thumb Code    10  stm32f10x_spi.o(.text)
    SPI_CalculateCRC                         0x08000db5   Thumb Code    24  stm32f10x_spi.o(.text)
    SPI_GetCRC                               0x08000dcd   Thumb Code    16  stm32f10x_spi.o(.text)
    SPI_GetCRCPolynomial                     0x08000ddd   Thumb Code     6  stm32f10x_spi.o(.text)
    SPI_BiDirectionalLineConfig              0x08000de3   Thumb Code    28  stm32f10x_spi.o(.text)
    SPI_I2S_GetFlagStatus                    0x08000dff   Thumb Code    18  stm32f10x_spi.o(.text)
    SPI_I2S_ClearFlag                        0x08000e11   Thumb Code     6  stm32f10x_spi.o(.text)
    SPI_I2S_GetITStatus                      0x08000e17   Thumb Code    52  stm32f10x_spi.o(.text)
    SPI_I2S_ClearITPendingBit                0x08000e4b   Thumb Code    20  stm32f10x_spi.o(.text)
    NVIC_PriorityGroupConfig                 0x08000e6d   Thumb Code    10  misc.o(.text)
    NVIC_Init                                0x08000e77   Thumb Code   100  misc.o(.text)
    NVIC_SetVectorTable                      0x08000edb   Thumb Code    14  misc.o(.text)
    NVIC_SystemLPConfig                      0x08000ee9   Thumb Code    34  misc.o(.text)
    SysTick_CLKSourceConfig                  0x08000f0b   Thumb Code    40  misc.o(.text)
    DMA_DeInit                               0x08000f49   Thumb Code   324  stm32f10x_dma.o(.text)
    DMA_Init                                 0x0800108d   Thumb Code    60  stm32f10x_dma.o(.text)
    DMA_StructInit                           0x080010c9   Thumb Code    26  stm32f10x_dma.o(.text)
    DMA_Cmd                                  0x080010e3   Thumb Code    24  stm32f10x_dma.o(.text)
    DMA_ITConfig                             0x080010fb   Thumb Code    18  stm32f10x_dma.o(.text)
    DMA_SetCurrDataCounter                   0x0800110d   Thumb Code     4  stm32f10x_dma.o(.text)
    DMA_GetCurrDataCounter                   0x08001111   Thumb Code     8  stm32f10x_dma.o(.text)
    DMA_GetFlagStatus                        0x08001119   Thumb Code    40  stm32f10x_dma.o(.text)
    DMA_ClearFlag                            0x08001141   Thumb Code    22  stm32f10x_dma.o(.text)
    DMA_GetITStatus                          0x08001157   Thumb Code    40  stm32f10x_dma.o(.text)
    DMA_ClearITPendingBit                    0x0800117f   Thumb Code    22  stm32f10x_dma.o(.text)
    FSMC_NORSRAMDeInit                       0x0800119d   Thumb Code    54  stm32f10x_fsmc.o(.text)
    FSMC_NANDDeInit                          0x080011d3   Thumb Code    62  stm32f10x_fsmc.o(.text)
    FSMC_PCCARDDeInit                        0x08001211   Thumb Code    36  stm32f10x_fsmc.o(.text)
    FSMC_NORSRAMInit                         0x08001235   Thumb Code   230  stm32f10x_fsmc.o(.text)
    FSMC_NANDInit                            0x0800131b   Thumb Code   132  stm32f10x_fsmc.o(.text)
    FSMC_PCCARDInit                          0x0800139f   Thumb Code   130  stm32f10x_fsmc.o(.text)
    FSMC_NORSRAMStructInit                   0x08001421   Thumb Code   114  stm32f10x_fsmc.o(.text)
    FSMC_NANDStructInit                      0x08001493   Thumb Code    54  stm32f10x_fsmc.o(.text)
    FSMC_PCCARDStructInit                    0x080014c9   Thumb Code    60  stm32f10x_fsmc.o(.text)
    FSMC_NORSRAMCmd                          0x08001505   Thumb Code    46  stm32f10x_fsmc.o(.text)
    FSMC_NANDCmd                             0x08001533   Thumb Code    86  stm32f10x_fsmc.o(.text)
    FSMC_PCCARDCmd                           0x08001589   Thumb Code    44  stm32f10x_fsmc.o(.text)
    FSMC_NANDECCCmd                          0x080015b5   Thumb Code    90  stm32f10x_fsmc.o(.text)
    FSMC_GetECC                              0x0800160f   Thumb Code    24  stm32f10x_fsmc.o(.text)
    FSMC_ITConfig                            0x08001627   Thumb Code   128  stm32f10x_fsmc.o(.text)
    FSMC_GetFlagStatus                       0x080016a7   Thumb Code    54  stm32f10x_fsmc.o(.text)
    FSMC_ClearFlag                           0x080016dd   Thumb Code    62  stm32f10x_fsmc.o(.text)
    FSMC_GetITStatus                         0x0800171b   Thumb Code    64  stm32f10x_fsmc.o(.text)
    FSMC_ClearITPendingBit                   0x0800175b   Thumb Code    68  stm32f10x_fsmc.o(.text)
    USART_DeInit                             0x080017a9   Thumb Code   134  stm32f10x_usart.o(.text)
    USART_Init                               0x0800182f   Thumb Code   210  stm32f10x_usart.o(.text)
    USART_StructInit                         0x08001901   Thumb Code    24  stm32f10x_usart.o(.text)
    USART_ClockInit                          0x08001919   Thumb Code    34  stm32f10x_usart.o(.text)
    USART_ClockStructInit                    0x0800193b   Thumb Code    12  stm32f10x_usart.o(.text)
    USART_Cmd                                0x08001947   Thumb Code    24  stm32f10x_usart.o(.text)
    USART_ITConfig                           0x0800195f   Thumb Code    74  stm32f10x_usart.o(.text)
    USART_DMACmd                             0x080019a9   Thumb Code    18  stm32f10x_usart.o(.text)
    USART_SetAddress                         0x080019bb   Thumb Code    18  stm32f10x_usart.o(.text)
    USART_WakeUpConfig                       0x080019cd   Thumb Code    18  stm32f10x_usart.o(.text)
    USART_ReceiverWakeUpCmd                  0x080019df   Thumb Code    24  stm32f10x_usart.o(.text)
    USART_LINBreakDetectLengthConfig         0x080019f7   Thumb Code    18  stm32f10x_usart.o(.text)
    USART_LINCmd                             0x08001a09   Thumb Code    24  stm32f10x_usart.o(.text)
    USART_SendData                           0x08001a21   Thumb Code     8  stm32f10x_usart.o(.text)
    USART_ReceiveData                        0x08001a29   Thumb Code    10  stm32f10x_usart.o(.text)
    USART_SendBreak                          0x08001a33   Thumb Code    10  stm32f10x_usart.o(.text)
    USART_SetGuardTime                       0x08001a3d   Thumb Code    16  stm32f10x_usart.o(.text)
    USART_SetPrescaler                       0x08001a4d   Thumb Code    16  stm32f10x_usart.o(.text)
    USART_SmartCardCmd                       0x08001a5d   Thumb Code    24  stm32f10x_usart.o(.text)
    USART_SmartCardNACKCmd                   0x08001a75   Thumb Code    24  stm32f10x_usart.o(.text)
    USART_HalfDuplexCmd                      0x08001a8d   Thumb Code    24  stm32f10x_usart.o(.text)
    USART_OverSampling8Cmd                   0x08001aa5   Thumb Code    22  stm32f10x_usart.o(.text)
    USART_OneBitMethodCmd                    0x08001abb   Thumb Code    24  stm32f10x_usart.o(.text)
    USART_IrDAConfig                         0x08001ad3   Thumb Code    18  stm32f10x_usart.o(.text)
    USART_IrDACmd                            0x08001ae5   Thumb Code    24  stm32f10x_usart.o(.text)
    USART_GetFlagStatus                      0x08001afd   Thumb Code    26  stm32f10x_usart.o(.text)
    USART_ClearFlag                          0x08001b17   Thumb Code    18  stm32f10x_usart.o(.text)
    USART_GetITStatus                        0x08001b29   Thumb Code    84  stm32f10x_usart.o(.text)
    USART_ClearITPendingBit                  0x08001b7d   Thumb Code    52  stm32f10x_usart.o(.text)
    EXTI_DeInit                              0x08001bb1   Thumb Code    28  stm32f10x_exti.o(.text)
    EXTI_Init                                0x08001bcd   Thumb Code   142  stm32f10x_exti.o(.text)
    EXTI_StructInit                          0x08001c5b   Thumb Code    16  stm32f10x_exti.o(.text)
    EXTI_GenerateSWInterrupt                 0x08001c6b   Thumb Code    16  stm32f10x_exti.o(.text)
    EXTI_GetFlagStatus                       0x08001c7b   Thumb Code    22  stm32f10x_exti.o(.text)
    EXTI_ClearFlag                           0x08001c91   Thumb Code     8  stm32f10x_exti.o(.text)
    EXTI_GetITStatus                         0x08001c99   Thumb Code    34  stm32f10x_exti.o(.text)
    EXTI_ClearITPendingBit                   0x08001cbb   Thumb Code     8  stm32f10x_exti.o(.text)
    DAC_DeInit                               0x08001ccd   Thumb Code    22  stm32f10x_dac.o(.text)
    DAC_Init                                 0x08001ce3   Thumb Code    46  stm32f10x_dac.o(.text)
    DAC_StructInit                           0x08001d11   Thumb Code    12  stm32f10x_dac.o(.text)
    DAC_Cmd                                  0x08001d1d   Thumb Code    34  stm32f10x_dac.o(.text)
    DAC_DMACmd                               0x08001d3f   Thumb Code    38  stm32f10x_dac.o(.text)
    DAC_SoftwareTriggerCmd                   0x08001d65   Thumb Code    48  stm32f10x_dac.o(.text)
    DAC_DualSoftwareTriggerCmd               0x08001d95   Thumb Code    38  stm32f10x_dac.o(.text)
    DAC_WaveGenerationCmd                    0x08001dbb   Thumb Code    36  stm32f10x_dac.o(.text)
    DAC_SetChannel1Data                      0x08001ddf   Thumb Code    26  stm32f10x_dac.o(.text)
    DAC_SetChannel2Data                      0x08001df9   Thumb Code    26  stm32f10x_dac.o(.text)
    DAC_SetDualChannelData                   0x08001e13   Thumb Code    32  stm32f10x_dac.o(.text)
    DAC_GetDataOutputValue                   0x08001e33   Thumb Code    32  stm32f10x_dac.o(.text)
    TIM_DeInit                               0x08001e59   Thumb Code   424  stm32f10x_tim.o(.text)
    TIM_TimeBaseInit                         0x08002001   Thumb Code   122  stm32f10x_tim.o(.text)
    TIM_OC1Init                              0x0800207b   Thumb Code   132  stm32f10x_tim.o(.text)
    TIM_OC2Init                              0x080020ff   Thumb Code   154  stm32f10x_tim.o(.text)
    TIM_OC3Init                              0x08002199   Thumb Code   150  stm32f10x_tim.o(.text)
    TIM_OC4Init                              0x0800222f   Thumb Code   182  stm32f10x_tim.o(.text)
    TIM_SetIC4Prescaler                      0x080022e5   Thumb Code    26  stm32f10x_tim.o(.text)
    TIM_SetIC3Prescaler                      0x08002381   Thumb Code    18  stm32f10x_tim.o(.text)
    TIM_SetIC2Prescaler                      0x0800240d   Thumb Code    26  stm32f10x_tim.o(.text)
    TIM_SetIC1Prescaler                      0x080024a9   Thumb Code    18  stm32f10x_tim.o(.text)
    TIM_ICInit                               0x08002527   Thumb Code   150  stm32f10x_tim.o(.text)
    TIM_PWMIConfig                           0x080025bd   Thumb Code   124  stm32f10x_tim.o(.text)
    TIM_BDTRConfig                           0x08002639   Thumb Code    32  stm32f10x_tim.o(.text)
    TIM_TimeBaseStructInit                   0x08002659   Thumb Code    18  stm32f10x_tim.o(.text)
    TIM_OCStructInit                         0x0800266b   Thumb Code    20  stm32f10x_tim.o(.text)
    TIM_ICStructInit                         0x0800267f   Thumb Code    18  stm32f10x_tim.o(.text)
    TIM_BDTRStructInit                       0x08002691   Thumb Code    40  stm32f10x_tim.o(.text)
    TIM_Cmd                                  0x080026b9   Thumb Code    24  stm32f10x_tim.o(.text)
    TIM_CtrlPWMOutputs                       0x080026d1   Thumb Code    30  stm32f10x_tim.o(.text)
    TIM_ITConfig                             0x080026ef   Thumb Code    18  stm32f10x_tim.o(.text)
    TIM_GenerateEvent                        0x08002701   Thumb Code     4  stm32f10x_tim.o(.text)
    TIM_DMAConfig                            0x08002705   Thumb Code    10  stm32f10x_tim.o(.text)
    TIM_DMACmd                               0x0800270f   Thumb Code    18  stm32f10x_tim.o(.text)
    TIM_InternalClockConfig                  0x08002721   Thumb Code    12  stm32f10x_tim.o(.text)
    TIM_SelectInputTrigger                   0x0800272d   Thumb Code    18  stm32f10x_tim.o(.text)
    TIM_ITRxExternalClockConfig              0x0800273f   Thumb Code    24  stm32f10x_tim.o(.text)
    TIM_TIxExternalClockConfig               0x08002757   Thumb Code    62  stm32f10x_tim.o(.text)
    TIM_ETRConfig                            0x08002795   Thumb Code    28  stm32f10x_tim.o(.text)
    TIM_ETRClockMode1Config                  0x080027b1   Thumb Code    54  stm32f10x_tim.o(.text)
    TIM_ETRClockMode2Config                  0x080027e7   Thumb Code    32  stm32f10x_tim.o(.text)
    TIM_PrescalerConfig                      0x08002807   Thumb Code     6  stm32f10x_tim.o(.text)
    TIM_CounterModeConfig                    0x0800280d   Thumb Code    18  stm32f10x_tim.o(.text)
    TIM_EncoderInterfaceConfig               0x0800281f   Thumb Code    66  stm32f10x_tim.o(.text)
    TIM_ForcedOC1Config                      0x08002861   Thumb Code    18  stm32f10x_tim.o(.text)
    TIM_ForcedOC2Config                      0x08002873   Thumb Code    26  stm32f10x_tim.o(.text)
    TIM_ForcedOC3Config                      0x0800288d   Thumb Code    18  stm32f10x_tim.o(.text)
    TIM_ForcedOC4Config                      0x0800289f   Thumb Code    26  stm32f10x_tim.o(.text)
    TIM_ARRPreloadConfig                     0x080028b9   Thumb Code    24  stm32f10x_tim.o(.text)
    TIM_SelectCOM                            0x080028d1   Thumb Code    24  stm32f10x_tim.o(.text)
    TIM_SelectCCDMA                          0x080028e9   Thumb Code    24  stm32f10x_tim.o(.text)
    TIM_CCPreloadControl                     0x08002901   Thumb Code    24  stm32f10x_tim.o(.text)
    TIM_OC1PreloadConfig                     0x08002919   Thumb Code    18  stm32f10x_tim.o(.text)
    TIM_OC2PreloadConfig                     0x0800292b   Thumb Code    26  stm32f10x_tim.o(.text)
    TIM_OC3PreloadConfig                     0x08002945   Thumb Code    18  stm32f10x_tim.o(.text)
    TIM_OC4PreloadConfig                     0x08002957   Thumb Code    26  stm32f10x_tim.o(.text)
    TIM_OC1FastConfig                        0x08002971   Thumb Code    18  stm32f10x_tim.o(.text)
    TIM_OC2FastConfig                        0x08002983   Thumb Code    26  stm32f10x_tim.o(.text)
    TIM_OC3FastConfig                        0x0800299d   Thumb Code    18  stm32f10x_tim.o(.text)
    TIM_OC4FastConfig                        0x080029af   Thumb Code    26  stm32f10x_tim.o(.text)
    TIM_ClearOC1Ref                          0x080029c9   Thumb Code    18  stm32f10x_tim.o(.text)
    TIM_ClearOC2Ref                          0x080029db   Thumb Code    24  stm32f10x_tim.o(.text)
    TIM_ClearOC3Ref                          0x080029f3   Thumb Code    18  stm32f10x_tim.o(.text)
    TIM_ClearOC4Ref                          0x08002a05   Thumb Code    24  stm32f10x_tim.o(.text)
    TIM_OC1PolarityConfig                    0x08002a1d   Thumb Code    18  stm32f10x_tim.o(.text)
    TIM_OC1NPolarityConfig                   0x08002a2f   Thumb Code    18  stm32f10x_tim.o(.text)
    TIM_OC2PolarityConfig                    0x08002a41   Thumb Code    26  stm32f10x_tim.o(.text)
    TIM_OC2NPolarityConfig                   0x08002a5b   Thumb Code    26  stm32f10x_tim.o(.text)
    TIM_OC3PolarityConfig                    0x08002a75   Thumb Code    26  stm32f10x_tim.o(.text)
    TIM_OC3NPolarityConfig                   0x08002a8f   Thumb Code    26  stm32f10x_tim.o(.text)
    TIM_OC4PolarityConfig                    0x08002aa9   Thumb Code    26  stm32f10x_tim.o(.text)
    TIM_CCxCmd                               0x08002ac3   Thumb Code    30  stm32f10x_tim.o(.text)
    TIM_CCxNCmd                              0x08002ae1   Thumb Code    30  stm32f10x_tim.o(.text)
    TIM_SelectOCxM                           0x08002aff   Thumb Code    82  stm32f10x_tim.o(.text)
    TIM_UpdateDisableConfig                  0x08002b51   Thumb Code    24  stm32f10x_tim.o(.text)
    TIM_UpdateRequestConfig                  0x08002b69   Thumb Code    24  stm32f10x_tim.o(.text)
    TIM_SelectHallSensor                     0x08002b81   Thumb Code    24  stm32f10x_tim.o(.text)
    TIM_SelectOnePulseMode                   0x08002b99   Thumb Code    18  stm32f10x_tim.o(.text)
    TIM_SelectOutputTrigger                  0x08002bab   Thumb Code    18  stm32f10x_tim.o(.text)
    TIM_SelectSlaveMode                      0x08002bbd   Thumb Code    18  stm32f10x_tim.o(.text)
    TIM_SelectMasterSlaveMode                0x08002bcf   Thumb Code    18  stm32f10x_tim.o(.text)
    TIM_SetCounter                           0x08002be1   Thumb Code     4  stm32f10x_tim.o(.text)
    TIM_SetAutoreload                        0x08002be5   Thumb Code     4  stm32f10x_tim.o(.text)
    TIM_SetCompare1                          0x08002be9   Thumb Code     4  stm32f10x_tim.o(.text)
    TIM_SetCompare2                          0x08002bed   Thumb Code     4  stm32f10x_tim.o(.text)
    TIM_SetCompare3                          0x08002bf1   Thumb Code     4  stm32f10x_tim.o(.text)
    TIM_SetCompare4                          0x08002bf5   Thumb Code     6  stm32f10x_tim.o(.text)
    TIM_SetClockDivision                     0x08002bfb   Thumb Code    18  stm32f10x_tim.o(.text)
    TIM_GetCapture1                          0x08002c0d   Thumb Code     6  stm32f10x_tim.o(.text)
    TIM_GetCapture2                          0x08002c13   Thumb Code     6  stm32f10x_tim.o(.text)
    TIM_GetCapture3                          0x08002c19   Thumb Code     6  stm32f10x_tim.o(.text)
    TIM_GetCapture4                          0x08002c1f   Thumb Code     8  stm32f10x_tim.o(.text)
    TIM_GetCounter                           0x08002c27   Thumb Code     6  stm32f10x_tim.o(.text)
    TIM_GetPrescaler                         0x08002c2d   Thumb Code     6  stm32f10x_tim.o(.text)
    TIM_GetFlagStatus                        0x08002c33   Thumb Code    18  stm32f10x_tim.o(.text)
    TIM_ClearFlag                            0x08002c45   Thumb Code     6  stm32f10x_tim.o(.text)
    TIM_GetITStatus                          0x08002c4b   Thumb Code    34  stm32f10x_tim.o(.text)
    TIM_ClearITPendingBit                    0x08002c6d   Thumb Code     6  stm32f10x_tim.o(.text)
    NMI_Handler                              0x08002c73   Thumb Code     2  stm32f10x_it.o(.text)
    HardFault_Handler                        0x08002c75   Thumb Code     4  stm32f10x_it.o(.text)
    MemManage_Handler                        0x08002c79   Thumb Code     4  stm32f10x_it.o(.text)
    BusFault_Handler                         0x08002c7d   Thumb Code     4  stm32f10x_it.o(.text)
    UsageFault_Handler                       0x08002c81   Thumb Code     4  stm32f10x_it.o(.text)
    SVC_Handler                              0x08002c85   Thumb Code     2  stm32f10x_it.o(.text)
    DebugMon_Handler                         0x08002c87   Thumb Code     2  stm32f10x_it.o(.text)
    PendSV_Handler                           0x08002c89   Thumb Code     2  stm32f10x_it.o(.text)
    SysTick_Handler                          0x08002c8b   Thumb Code     2  stm32f10x_it.o(.text)
    ADC_DeInit                               0x08002c8d   Thumb Code    78  stm32f10x_adc.o(.text)
    ADC_Init                                 0x08002cdb   Thumb Code    70  stm32f10x_adc.o(.text)
    ADC_StructInit                           0x08002d21   Thumb Code    18  stm32f10x_adc.o(.text)
    ADC_Cmd                                  0x08002d33   Thumb Code    22  stm32f10x_adc.o(.text)
    ADC_DMACmd                               0x08002d49   Thumb Code    22  stm32f10x_adc.o(.text)
    ADC_ITConfig                             0x08002d5f   Thumb Code    24  stm32f10x_adc.o(.text)
    ADC_ResetCalibration                     0x08002d77   Thumb Code    10  stm32f10x_adc.o(.text)
    ADC_GetResetCalibrationStatus            0x08002d81   Thumb Code    20  stm32f10x_adc.o(.text)
    ADC_StartCalibration                     0x08002d95   Thumb Code    10  stm32f10x_adc.o(.text)
    ADC_GetCalibrationStatus                 0x08002d9f   Thumb Code    20  stm32f10x_adc.o(.text)
    ADC_SoftwareStartConvCmd                 0x08002db3   Thumb Code    22  stm32f10x_adc.o(.text)
    ADC_GetSoftwareStartConvStatus           0x08002dc9   Thumb Code    20  stm32f10x_adc.o(.text)
    ADC_DiscModeChannelCountConfig           0x08002ddd   Thumb Code    24  stm32f10x_adc.o(.text)
    ADC_DiscModeCmd                          0x08002df5   Thumb Code    22  stm32f10x_adc.o(.text)
    ADC_RegularChannelConfig                 0x08002e0b   Thumb Code   184  stm32f10x_adc.o(.text)
    ADC_ExternalTrigConvCmd                  0x08002ec3   Thumb Code    22  stm32f10x_adc.o(.text)
    ADC_GetConversionValue                   0x08002ed9   Thumb Code     8  stm32f10x_adc.o(.text)
    ADC_GetDualModeConversionValue           0x08002ee1   Thumb Code     8  stm32f10x_adc.o(.text)
    ADC_AutoInjectedConvCmd                  0x08002ee9   Thumb Code    22  stm32f10x_adc.o(.text)
    ADC_InjectedDiscModeCmd                  0x08002eff   Thumb Code    22  stm32f10x_adc.o(.text)
    ADC_ExternalTrigInjectedConvConfig       0x08002f15   Thumb Code    16  stm32f10x_adc.o(.text)
    ADC_ExternalTrigInjectedConvCmd          0x08002f25   Thumb Code    22  stm32f10x_adc.o(.text)
    ADC_SoftwareStartInjectedConvCmd         0x08002f3b   Thumb Code    22  stm32f10x_adc.o(.text)
    ADC_GetSoftwareStartInjectedConvCmdStatus 0x08002f51   Thumb Code    20  stm32f10x_adc.o(.text)
    ADC_InjectedChannelConfig                0x08002f65   Thumb Code   130  stm32f10x_adc.o(.text)
    ADC_InjectedSequencerLengthConfig        0x08002fe7   Thumb Code    24  stm32f10x_adc.o(.text)
    ADC_SetInjectedOffset                    0x08002fff   Thumb Code    20  stm32f10x_adc.o(.text)
    ADC_GetInjectedConversionValue           0x08003013   Thumb Code    28  stm32f10x_adc.o(.text)
    ADC_AnalogWatchdogCmd                    0x0800302f   Thumb Code    16  stm32f10x_adc.o(.text)
    ADC_AnalogWatchdogThresholdsConfig       0x0800303f   Thumb Code     6  stm32f10x_adc.o(.text)
    ADC_AnalogWatchdogSingleChannelConfig    0x08003045   Thumb Code    16  stm32f10x_adc.o(.text)
    ADC_TempSensorVrefintCmd                 0x08003055   Thumb Code    64  stm32f10x_adc.o(.text)
    ADC_GetFlagStatus                        0x08003095   Thumb Code    18  stm32f10x_adc.o(.text)
    ADC_ClearFlag                            0x080030a7   Thumb Code     6  stm32f10x_adc.o(.text)
    ADC_GetITStatus                          0x080030ad   Thumb Code    36  stm32f10x_adc.o(.text)
    ADC_ClearITPendingBit                    0x080030d1   Thumb Code    10  stm32f10x_adc.o(.text)
    key_init                                 0x080030dd   Thumb Code   200  key.o(.text)
    delay_key                                0x080031a5   Thumb Code    30  key.o(.text)
    key_scan                                 0x080031c3   Thumb Code    96  key.o(.text)
    SK9822_init                              0x0800322d   Thumb Code   128  sk9822.o(.text)
    spi1_sendbyte                            0x080032ad   Thumb Code    28  sk9822.o(.text)
    SK9822_over                              0x080032c9   Thumb Code    28  sk9822.o(.text)
    SK9822_writedata                         0x080032e5   Thumb Code    34  sk9822.o(.text)
    SK9822_start                             0x08003307   Thumb Code    28  sk9822.o(.text)
    SK9822_disp                              0x08003323   Thumb Code    36  sk9822.o(.text)
    SK9822_clear                             0x08003347   Thumb Code    36  sk9822.o(.text)
    MicArray_DMAConfig                       0x08003379   Thumb Code   106  micarray.o(.text)
    MicArray_init                            0x080033e3   Thumb Code   196  micarray.o(.text)
    delay_init                               0x080034bd   Thumb Code    50  delay.o(.text)
    delay_us                                 0x080034ef   Thumb Code    72  delay.o(.text)
    delay_ms                                 0x08003537   Thumb Code    72  delay.o(.text)
    LCD_WR_REG                               0x08003591   Thumb Code     6  lcd.o(.text)
    LCD_WR_DATA                              0x08003597   Thumb Code     8  lcd.o(.text)
    LCD_RD_DATA                              0x0800359f   Thumb Code    16  lcd.o(.text)
    LCD_WriteReg                             0x080035af   Thumb Code    10  lcd.o(.text)
    LCD_ReadReg                              0x080035b9   Thumb Code    22  lcd.o(.text)
    LCD_WriteRAM_Prepare                     0x080035cf   Thumb Code    10  lcd.o(.text)
    LCD_WriteRAM                             0x080035d9   Thumb Code     8  lcd.o(.text)
    LCD_BGR2RGB                              0x080035e1   Thumb Code    26  lcd.o(.text)
    opt_delay                                0x080035fb   Thumb Code    14  lcd.o(.text)
    LCD_SetCursor                            0x08003609   Thumb Code   418  lcd.o(.text)
    LCD_ReadPoint                            0x080037ab   Thumb Code   360  lcd.o(.text)
    LCD_DisplayOn                            0x08003913   Thumb Code   102  lcd.o(.text)
    LCD_DisplayOff                           0x08003979   Thumb Code    90  lcd.o(.text)
    LCD_Scan_Dir                             0x080039d3   Thumb Code   744  lcd.o(.text)
    LCD_DrawPoint                            0x08003cbb   Thumb Code    28  lcd.o(.text)
    LCD_Fast_DrawPoint                       0x08003cd7   Thumb Code   384  lcd.o(.text)
    LCD_SSD_BackLightSet                     0x08003e57   Thumb Code    80  lcd.o(.text)
    LCD_Display_Dir                          0x08003ea7   Thumb Code   444  lcd.o(.text)
    LCD_Set_Window                           0x08004063   Thumb Code   540  lcd.o(.text)
    LCD_Clear                                0x0800427f   Thumb Code   100  lcd.o(.text)
    LCD_Init                                 0x080042e3   Thumb Code 14158  lcd.o(.text)
    LCD_Fill                                 0x08007a31   Thumb Code   178  lcd.o(.text)
    LCD_Color_Fill                           0x08007ae3   Thumb Code   104  lcd.o(.text)
    LCD_DrawLine                             0x08007b4b   Thumb Code   176  lcd.o(.text)
    LCD_DrawRectangle                        0x08007bfb   Thumb Code    60  lcd.o(.text)
    LCD_Draw_Circle                          0x08007c37   Thumb Code   152  lcd.o(.text)
    LCD_ShowChar                             0x08007ccf   Thumb Code   272  lcd.o(.text)
    LCD_Pow                                  0x08007ddf   Thumb Code    22  lcd.o(.text)
    LCD_ShowNum                              0x08007df5   Thumb Code   148  lcd.o(.text)
    LCD_ShowxNum                             0x08007e89   Thumb Code   220  lcd.o(.text)
    LCD_ShowString                           0x08007f65   Thumb Code   102  lcd.o(.text)
    _sys_exit                                0x08007fcd   Thumb Code     4  usart.o(.text)
    fputc                                    0x08007fd1   Thumb Code    24  usart.o(.text)
    uart_init                                0x08007fe9   Thumb Code   152  usart.o(.text)
    USART1_SendByte                          0x08008081   Thumb Code    28  usart.o(.text)
    USART1_SendStr                           0x0800809d   Thumb Code    22  usart.o(.text)
    USART1_SendBytes                         0x080080b3   Thumb Code    24  usart.o(.text)
    USART1_IRQHandler                        0x080080cb   Thumb Code   122  usart.o(.text)
    _74LV4052_init                           0x08008155   Thumb Code    50  74lv4052.o(.text)
    _74LV4052_SelectChannel                  0x08008187   Thumb Code    78  74lv4052.o(.text)
    start_dma_get                            0x080081d9   Thumb Code    18  sydw.o(.text)
    find_max_voice                           0x080081eb   Thumb Code    98  sydw.o(.text)
    buff_proc                                0x0800824d   Thumb Code    72  sydw.o(.text)
    data_proc                                0x08008295   Thumb Code   424  sydw.o(.text)
    disp_proc                                0x0800843d   Thumb Code   106  sydw.o(.text)
    position_pre_ang                         0x080084a7   Thumb Code   248  sydw.o(.text)
    position_co_ang                          0x0800859f   Thumb Code   162  sydw.o(.text)
    EXTI0_IRQHandler                         0x08008641   Thumb Code    42  sydw.o(.text)
    EXTI3_IRQHandler                         0x0800866b   Thumb Code   154  sydw.o(.text)
    DMA1_Channel4_IRQHandler                 0x08008705   Thumb Code    64  sydw.o(.text)
    Servo_Init                               0x08008775   Thumb Code   130  servo.o(.text)
    Drive_Servo                              0x080087f7   Thumb Code    14  servo.o(.text)
    angle                                    0x0800880d   Thumb Code    88  jd.o(.text)
    TIM3_Init                                0x08008871   Thumb Code    72  timer.o(.text)
    TIM3_IRQHandler                          0x080088b9   Thumb Code   322  timer.o(.text)
    TIM6_IRQHandler                          0x080089fb   Thumb Code    42  timer.o(.text)
    TIM6_Int_Init                            0x08008a25   Thumb Code    88  timer.o(.text)
    MY_NVIC_SetVectorTable                   0x08008b01   Thumb Code    12  sys.o(.text)
    MY_NVIC_PriorityGroupConfig              0x08008b0d   Thumb Code    36  sys.o(.text)
    MY_NVIC_Init                             0x08008b31   Thumb Code   116  sys.o(.text)
    Ex_NVIC_Config                           0x08008ba5   Thumb Code   146  sys.o(.text)
    MYRCC_DeInit                             0x08008c37   Thumb Code    90  sys.o(.text)
    Sys_Standby                              0x08008c91   Thumb Code    68  sys.o(.text)
    Sys_Soft_Reset                           0x08008cd5   Thumb Code    12  sys.o(.text)
    JTAG_Set                                 0x08008ce1   Thumb Code    42  sys.o(.text)
    Stm32_Clock_Init                         0x08008d0b   Thumb Code   134  sys.o(.text)
    USART3_IRQHandler                        0x08008dbd   Thumb Code   122  usart3.o(.text)
    usart3_init                              0x08008e37   Thumb Code   156  usart3.o(.text)
    u3_printf                                0x08008ed3   Thumb Code    72  usart3.o(.text)
    Adc_Init                                 0x08008f31   Thumb Code   132  adc.o(.text)
    Adc2_Init                                0x08008fb5   Thumb Code   132  adc.o(.text)
    Get_Adc                                  0x08009039   Thumb Code    46  adc.o(.text)
    Get_Adc2                                 0x08009067   Thumb Code    46  adc.o(.text)
    Get_Adc_Average                          0x08009095   Thumb Code    46  adc.o(.text)
    Get_Adc2_Average                         0x080090c3   Thumb Code    46  adc.o(.text)
    moku_go_err                              0x080090fd   Thumb Code   126  pid.o(.text)
    moku_go_dir                              0x0800917b   Thumb Code   124  pid.o(.text)
    moku_go_PID                              0x080091f7   Thumb Code   190  pid.o(.text)
    Incremental_PID                          0x080092b5   Thumb Code   436  pid.o(.text)
    Position_PID                             0x08009469   Thumb Code   566  pid.o(.text)
    Line_Init                                0x080096d9   Thumb Code   134  gpio.o(.text)
    Beep_Init                                0x0800975f   Thumb Code   156  gpio.o(.text)
    uart2_init                               0x08009805   Thumb Code   154  uart2.o(.text)
    USART2_SendByte                          0x0800989f   Thumb Code    28  uart2.o(.text)
    USART2_SendStr                           0x080098bb   Thumb Code    22  uart2.o(.text)
    USART2_SendBytes                         0x080098d1   Thumb Code    24  uart2.o(.text)
    USART2_IRQHandler                        0x080098e9   Thumb Code   122  uart2.o(.text)
    Dac1_Init                                0x08009975   Thumb Code    94  dac.o(.text)
    Dac1_Set_Vol                             0x080099d3   Thumb Code    80  dac.o(.text)
    uart4_init                               0x08009a31   Thumb Code   154  uart4.o(.text)
    UART4_SendByte                           0x08009acb   Thumb Code    28  uart4.o(.text)
    UART4_SendStr                            0x08009ae7   Thumb Code    22  uart4.o(.text)
    UART4_SendBytes                          0x08009afd   Thumb Code    24  uart4.o(.text)
    UART4_IRQHandler                         0x08009b15   Thumb Code   122  uart4.o(.text)
    main                                     0x08009ba1   Thumb Code  1244  main.o(.text)
    __use_no_semihosting                     0x0800a07d   Thumb Code     2  use_no_semi_2.o(.text)
    __c89vsprintf                            0x0800a081   Thumb Code    32  c89vsprintf.o(.text)
    __2printf                                0x0800a0a5   Thumb Code    20  __2printf.o(.text)
    _printf_str                              0x0800a0bd   Thumb Code    82  _printf_str.o(.text)
    _printf_int_dec                          0x0800a111   Thumb Code   104  _printf_dec.o(.text)
    __printf                                 0x0800a189   Thumb Code   388  __printf_flags_ss_wp.o(.text)
    atoi                                     0x0800a311   Thumb Code    26  atoi.o(.text)
    strlen                                   0x0800a32b   Thumb Code    62  strlen.o(.text)
    __use_two_region_memory                  0x0800a369   Thumb Code     2  heapauxi.o(.text)
    __rt_heap_escrow$2region                 0x0800a36b   Thumb Code     2  heapauxi.o(.text)
    __rt_heap_expand$2region                 0x0800a36d   Thumb Code     2  heapauxi.o(.text)
    __I$use$semihosting                      0x0800a36f   Thumb Code     0  use_no_semi.o(.text)
    __use_no_semihosting_swi                 0x0800a36f   Thumb Code     2  use_no_semi.o(.text)
    __aeabi_errno_addr                       0x0800a371   Thumb Code     8  rt_errno_addr_intlibspace.o(.text)
    __errno$intlibspace                      0x0800a371   Thumb Code     0  rt_errno_addr_intlibspace.o(.text)
    __rt_errno_addr$intlibspace              0x0800a371   Thumb Code     0  rt_errno_addr_intlibspace.o(.text)
    _printf_pre_padding                      0x0800a379   Thumb Code    44  _printf_pad.o(.text)
    _printf_post_padding                     0x0800a3a5   Thumb Code    34  _printf_pad.o(.text)
    _printf_truncate_signed                  0x0800a3c7   Thumb Code    18  _printf_truncate.o(.text)
    _printf_truncate_unsigned                0x0800a3d9   Thumb Code    18  _printf_truncate.o(.text)
    _printf_int_common                       0x0800a3eb   Thumb Code   178  _printf_intcommon.o(.text)
    _printf_charcount                        0x0800a49d   Thumb Code    40  _printf_charcount.o(.text)
    _printf_char_common                      0x0800a4cf   Thumb Code    32  _printf_char_common.o(.text)
    _sputc                                   0x0800a4f5   Thumb Code    10  _sputc.o(.text)
    _printf_cs_common                        0x0800a4ff   Thumb Code    20  _printf_char.o(.text)
    _printf_char                             0x0800a513   Thumb Code    16  _printf_char.o(.text)
    _printf_string                           0x0800a523   Thumb Code     8  _printf_char.o(.text)
    _printf_char_file                        0x0800a52d   Thumb Code    32  _printf_char_file.o(.text)
    _printf_wctomb                           0x0800a551   Thumb Code   182  _printf_wctomb.o(.text)
    _printf_longlong_dec                     0x0800a60d   Thumb Code   108  _printf_longlong_dec.o(.text)
    _printf_longlong_oct                     0x0800a689   Thumb Code    66  _printf_oct_int_ll.o(.text)
    _printf_int_oct                          0x0800a6cb   Thumb Code    24  _printf_oct_int_ll.o(.text)
    _printf_ll_oct                           0x0800a6e3   Thumb Code    12  _printf_oct_int_ll.o(.text)
    _printf_longlong_hex                     0x0800a6f9   Thumb Code    86  _printf_hex_int_ll_ptr.o(.text)
    _printf_int_hex                          0x0800a74f   Thumb Code    28  _printf_hex_int_ll_ptr.o(.text)
    _printf_ll_hex                           0x0800a76b   Thumb Code    12  _printf_hex_int_ll_ptr.o(.text)
    _printf_hex_ptr                          0x0800a777   Thumb Code    18  _printf_hex_int_ll_ptr.o(.text)
    strtol                                   0x0800a78d   Thumb Code   112  strtol.o(.text)
    __user_libspace                          0x0800a7fd   Thumb Code     8  libspace.o(.text)
    __user_perproc_libspace                  0x0800a7fd   Thumb Code     0  libspace.o(.text)
    __user_perthread_libspace                0x0800a7fd   Thumb Code     0  libspace.o(.text)
    __rt_ctype_table                         0x0800a805   Thumb Code    16  rt_ctype_table.o(.text)
    _ll_udiv10                               0x0800a815   Thumb Code   138  lludiv10.o(.text)
    __lib_sel_fp_printf                      0x0800a89f   Thumb Code     2  _printf_fp_dec.o(.text)
    _printf_fp_dec_real                      0x0800aa51   Thumb Code   620  _printf_fp_dec.o(.text)
    _printf_lcs_common                       0x0800acbd   Thumb Code    20  _printf_wchar.o(.text)
    _printf_wchar                            0x0800acd1   Thumb Code    16  _printf_wchar.o(.text)
    _printf_wstring                          0x0800ace1   Thumb Code     8  _printf_wchar.o(.text)
    _strtoul                                 0x0800ace9   Thumb Code   158  _strtoul.o(.text)
    ferror                                   0x0800ad87   Thumb Code     8  ferror.o(.text)
    _wcrtomb                                 0x0800ad8f   Thumb Code    64  _wcrtomb.o(.text)
    __user_setup_stackheap                   0x0800adcf   Thumb Code    74  sys_stackheap_outer.o(.text)
    __rt_locale                              0x0800ae19   Thumb Code     8  rt_locale_intlibspace.o(.text)
    _printf_fp_infnan                        0x0800ae21   Thumb Code   112  _printf_fp_infnan.o(.text)
    _chval                                   0x0800aea1   Thumb Code    28  _chval.o(.text)
    _btod_etento                             0x0800aebd   Thumb Code   224  bigflt0.o(.text)
    exit                                     0x0800afa1   Thumb Code    18  exit.o(.text)
    strcmp                                   0x0800afb5   Thumb Code   128  strcmpv7m.o(.text)
    _btod_d2e                                0x0800b035   Thumb Code    62  btod.o(CL$$btod_d2e)
    _d2e_denorm_low                          0x0800b073   Thumb Code    70  btod.o(CL$$btod_d2e_denorm_low)
    _d2e_norm_op1                            0x0800b0b9   Thumb Code    96  btod.o(CL$$btod_d2e_norm_op1)
    __btod_div_common                        0x0800b119   Thumb Code   696  btod.o(CL$$btod_div_common)
    _e2e                                     0x0800b451   Thumb Code   220  btod.o(CL$$btod_e2e)
    _btod_ediv                               0x0800b52d   Thumb Code    42  btod.o(CL$$btod_ediv)
    _btod_emul                               0x0800b557   Thumb Code    42  btod.o(CL$$btod_emul)
    __btod_mult_common                       0x0800b581   Thumb Code   580  btod.o(CL$$btod_mult_common)
    __ARM_fpclassify                         0x0800b7c5   Thumb Code    40  fpclassify.o(i.__ARM_fpclassify)
    _is_digit                                0x0800b7ed   Thumb Code    14  __printf_wp.o(i._is_digit)
    _get_lc_ctype                            0x0800b7fd   Thumb Code    44  lc_ctype_c.o(locale$$code)
    _get_lc_numeric                          0x0800b829   Thumb Code    44  lc_numeric_c.o(locale$$code)
    __aeabi_d2f                              0x0800b855   Thumb Code     0  d2f.o(x$fpl$d2f)
    _d2f                                     0x0800b855   Thumb Code    98  d2f.o(x$fpl$d2f)
    __aeabi_dadd                             0x0800b8b9   Thumb Code     0  daddsub_clz.o(x$fpl$dadd)
    _dadd                                    0x0800b8b9   Thumb Code   332  daddsub_clz.o(x$fpl$dadd)
    __aeabi_ddiv                             0x0800ba09   Thumb Code     0  ddiv.o(x$fpl$ddiv)
    _ddiv                                    0x0800ba09   Thumb Code   552  ddiv.o(x$fpl$ddiv)
    __aeabi_d2uiz                            0x0800bcb9   Thumb Code     0  dfixu.o(x$fpl$dfixu)
    _dfixu                                   0x0800bcb9   Thumb Code    90  dfixu.o(x$fpl$dfixu)
    __aeabi_i2d                              0x0800bd13   Thumb Code     0  dflt_clz.o(x$fpl$dflt)
    _dflt                                    0x0800bd13   Thumb Code    46  dflt_clz.o(x$fpl$dflt)
    __aeabi_ui2d                             0x0800bd41   Thumb Code     0  dflt_clz.o(x$fpl$dfltu)
    _dfltu                                   0x0800bd41   Thumb Code    38  dflt_clz.o(x$fpl$dfltu)
    __aeabi_dmul                             0x0800bd69   Thumb Code     0  dmul.o(x$fpl$dmul)
    _dmul                                    0x0800bd69   Thumb Code   332  dmul.o(x$fpl$dmul)
    __fpl_dnaninf                            0x0800bebd   Thumb Code   156  dnaninf.o(x$fpl$dnaninf)
    __fpl_dretinf                            0x0800bf59   Thumb Code    12  dretinf.o(x$fpl$dretinf)
    __aeabi_dsub                             0x0800bf65   Thumb Code     0  daddsub_clz.o(x$fpl$dsub)
    _dsub                                    0x0800bf65   Thumb Code   464  daddsub_clz.o(x$fpl$dsub)
    __aeabi_f2d                              0x0800c139   Thumb Code     0  f2d.o(x$fpl$f2d)
    _f2d                                     0x0800c139   Thumb Code    86  f2d.o(x$fpl$f2d)
    __aeabi_fadd                             0x0800c191   Thumb Code     0  faddsub_clz.o(x$fpl$fadd)
    _fadd                                    0x0800c191   Thumb Code   196  faddsub_clz.o(x$fpl$fadd)
    __fpl_fcmp_Inf                           0x0800c255   Thumb Code    24  fcmpi.o(x$fpl$fcmpinf)
    __aeabi_fdiv                             0x0800c26d   Thumb Code     0  fdiv.o(x$fpl$fdiv)
    _fdiv                                    0x0800c26d   Thumb Code   384  fdiv.o(x$fpl$fdiv)
    __aeabi_f2iz                             0x0800c3f1   Thumb Code     0  ffix.o(x$fpl$ffix)
    _ffix                                    0x0800c3f1   Thumb Code    54  ffix.o(x$fpl$ffix)
    __aeabi_f2uiz                            0x0800c429   Thumb Code     0  ffixu.o(x$fpl$ffixu)
    _ffixu                                   0x0800c429   Thumb Code    62  ffixu.o(x$fpl$ffixu)
    __aeabi_i2f                              0x0800c469   Thumb Code     0  fflt_clz.o(x$fpl$fflt)
    _fflt                                    0x0800c469   Thumb Code    48  fflt_clz.o(x$fpl$fflt)
    __aeabi_ui2f                             0x0800c499   Thumb Code     0  fflt_clz.o(x$fpl$ffltu)
    _ffltu                                   0x0800c499   Thumb Code    38  fflt_clz.o(x$fpl$ffltu)
    __aeabi_cfcmple                          0x0800c4c1   Thumb Code     0  fleqf.o(x$fpl$fleqf)
    _fcmple                                  0x0800c4c1   Thumb Code   104  fleqf.o(x$fpl$fleqf)
    __fpl_fcmple_InfNaN                      0x0800c513   Thumb Code     0  fleqf.o(x$fpl$fleqf)
    __aeabi_fmul                             0x0800c529   Thumb Code     0  fmul.o(x$fpl$fmul)
    _fmul                                    0x0800c529   Thumb Code   258  fmul.o(x$fpl$fmul)
    __fpl_fnaninf                            0x0800c62b   Thumb Code   140  fnaninf.o(x$fpl$fnaninf)
    __fpl_fretinf                            0x0800c6b7   Thumb Code    10  fretinf.o(x$fpl$fretinf)
    __aeabi_cfrcmple                         0x0800c6c1   Thumb Code     0  frleqf.o(x$fpl$frleqf)
    _frcmple                                 0x0800c6c1   Thumb Code    98  frleqf.o(x$fpl$frleqf)
    __aeabi_fsub                             0x0800c725   Thumb Code     0  faddsub_clz.o(x$fpl$fsub)
    _fsub                                    0x0800c725   Thumb Code   234  faddsub_clz.o(x$fpl$fsub)
    _printf_fp_dec                           0x0800c80f   Thumb Code     4  printf1.o(x$fpl$printf1)
    __I$use$fp                               0x0800c812   Number         0  usenofp.o(x$fpl$usenofp)
    asc2_1206                                0x0800c812   Data        1140  lcd.o(.constdata)
    asc2_1608                                0x0800cc86   Data        1520  lcd.o(.constdata)
    asc2_2412                                0x0800d276   Data        3420  lcd.o(.constdata)
    Region$$Table$$Base                      0x0800e0a8   Number         0  anon$$obj.o(Region$$Table)
    Region$$Table$$Limit                     0x0800e0c8   Number         0  anon$$obj.o(Region$$Table)
    __ctype                                  0x0800e0d5   Data           0  lc_ctype_c.o(locale$$data)
    SystemCoreClock                          0x20000000   Data           4  system_stm32f10x.o(.data)
    AHBPrescTable                            0x20000004   Data          16  system_stm32f10x.o(.data)
    POINT_COLOR                              0x2000002c   Data           2  lcd.o(.data)
    BACK_COLOR                               0x2000002e   Data           2  lcd.o(.data)
    __stdout                                 0x20000030   Data           4  usart.o(.data)
    USART_RX_STA                             0x20000034   Data           2  usart.o(.data)
    i                                        0x20000038   Data           2  sydw.o(.data)
    j                                        0x2000003a   Data           2  sydw.o(.data)
    buff_len                                 0x2000003c   Data           1  sydw.o(.data)
    buff                                     0x20000040   Data           4  sydw.o(.data)
    buff_repeat                              0x20000044   Data           2  sydw.o(.data)
    buff_repeat_num                          0x20000046   Data           2  sydw.o(.data)
    buff_mov                                 0x20000048   Data           1  sydw.o(.data)
    tmp                                      0x2000004c   Data           4  sydw.o(.data)
    mode                                     0x20000050   Data           1  sydw.o(.data)
    select_channel                           0x20000051   Data           1  sydw.o(.data)
    len                                      0x20000052   Data           2  sydw.o(.data)
    dma_data                                 0x20000054   Data           4  sydw.o(.data)
    DMA_FLAG_END                             0x20000058   Data           1  sydw.o(.data)
    MIC_MAX_DIR                              0x20000059   Data           1  sydw.o(.data)
    MIC_S_DIR                                0x2000005a   Data           1  sydw.o(.data)
    LAST_MIC_S_DIR                           0x2000005b   Data           1  sydw.o(.data)
    MIC_GROUP_MAX_DIR                        0x2000005c   Data           2  sydw.o(.data)
    max_voice                                0x20000060   Data           4  sydw.o(.data)
    threshold                                0x20000064   Data           4  sydw.o(.data)
    led_data                                 0x20000068   Data          48  sydw.o(.data)
    LED_FLAG_LEVEL_ENABLE                    0x20000098   Data           1  sydw.o(.data)
    ang_stb_flag                             0x20000099   Data           1  sydw.o(.data)
    co_angle                                 0x2000009a   Data           2  sydw.o(.data)
    pre_angle                                0x2000009c   Data           4  sydw.o(.data)
    co_pre_angle                             0x200000a0   Data           4  sydw.o(.data)
    count10                                  0x200000a4   Data           1  sydw.o(.data)
    ang_stb_cnt                              0x200000a5   Data           1  sydw.o(.data)
    lem                                      0x200000a8   Data           1  timer.o(.data)
    flag                                     0x200000a9   Data           1  timer.o(.data)
    c_angle                                  0x200000aa   Data           2  timer.o(.data)
    line_cnt                                 0x200000ac   Data           1  timer.o(.data)
    v_dir                                    0x200000b0   Data           4  timer.o(.data)
    err_abs                                  0x200000b4   Data           2  timer.o(.data)
    err_v                                    0x200000b6   Data           2  timer.o(.data)
    USART3_RX_STA                            0x200000b8   Data           2  usart3.o(.data)
    adcx                                     0x200000bc   Data           2  adc.o(.data)
    adcy                                     0x200000be   Data           2  adc.o(.data)
    temp                                     0x200000c0   Data           4  adc.o(.data)
    temy                                     0x200000c4   Data           4  adc.o(.data)
    pid_angle                                0x200000c8   Data           2  pid.o(.data)
    Kp                                       0x200000cc   Data           4  pid.o(.data)
    Ki                                       0x200000d0   Data           4  pid.o(.data)
    Kd                                       0x200000d4   Data           4  pid.o(.data)
    v                                        0x200000d8   Data           4  pid.o(.data)
    err                                      0x200000dc   Data           4  pid.o(.data)
    last_err                                 0x200000e0   Data           4  pid.o(.data)
    former_err                               0x200000e4   Data           4  pid.o(.data)
    pwm                                      0x200000e8   Data           4  pid.o(.data)
    integral                                 0x200000ec   Data           4  pid.o(.data)
    add                                      0x200000f0   Data           4  pid.o(.data)
    dir                                      0x200000f4   Data           4  pid.o(.data)
    USART2_RX_STA                            0x200000f8   Data           2  uart2.o(.data)
    UART4_RX_STA                             0x200000fa   Data           2  uart4.o(.data)
    lcddev                                   0x200000fc   Data          14  lcd.o(.bss)
    USART_RX_BUF                             0x2000010a   Data         200  usart.o(.bss)
    s1                                       0x200001d2   Data         100  sydw.o(.bss)
    USART3_RX_BUF                            0x20000236   Data         200  usart3.o(.bss)
    USART3_TX_BUF                            0x200002fe   Data         200  usart3.o(.bss)
    USART2_RX_BUF                            0x200003c6   Data         200  uart2.o(.bss)
    UART4_RX_BUF                             0x2000048e   Data         200  uart4.o(.bss)
    __libspace_start                         0x20000558   Data          96  libspace.o(.bss)
    __temporary_stack_top$libspace           0x200005b8   Data           0  libspace.o(.bss)
    mem2base                                 0x68000000   Data          32  malloc.o(.ARM.__AT_0x68000000)
    mem2mapbase                              0x68000020   Data           2  malloc.o(.ARM.__AT_0x68000020)



==============================================================================

Memory Map of the image

  Image Entry point : 0x080000ed

  Load Region LR_IROM1 (Base: 0x08000000, Size: 0x0000e2f0, Max: 0x00080000, ABSOLUTE)

    Execution Region ER_IROM1 (Exec base: 0x08000000, Load base: 0x08000000, Size: 0x0000e1f4, Max: 0x00080000, ABSOLUTE)

    Exec Addr    Load Addr    Size         Type   Attr      Idx    E Section Name        Object

    0x08000000   0x08000000   0x000000ec   Data   RO            3    RESET               startup_stm32f10x_md.o
    0x080000ec   0x080000ec   0x00000008   Code   RO         2685  * !!!main             c_w.l(__main.o)
    0x080000f4   0x080000f4   0x00000034   Code   RO         3176    !!!scatter          c_w.l(__scatter.o)
    0x08000128   0x08000128   0x0000001a   Code   RO         3178    !!handler_copy      c_w.l(__scatter_copy.o)
    0x08000142   0x08000142   0x00000002   PAD
    0x08000144   0x08000144   0x0000001c   Code   RO         3180    !!handler_zi        c_w.l(__scatter_zi.o)
    0x08000160   0x08000160   0x00000000   Code   RO         2670    .ARM.Collect$$_printf_percent$$00000000  c_w.l(_printf_percent.o)
    0x08000160   0x08000160   0x00000006   Code   RO         2870    .ARM.Collect$$_printf_percent$$00000001  c_w.l(_printf_n.o)
    0x08000166   0x08000166   0x00000006   Code   RO         2872    .ARM.Collect$$_printf_percent$$00000002  c_w.l(_printf_p.o)
    0x0800016c   0x0800016c   0x00000006   Code   RO         2876    .ARM.Collect$$_printf_percent$$00000003  c_w.l(_printf_f.o)
    0x08000172   0x08000172   0x00000006   Code   RO         2877    .ARM.Collect$$_printf_percent$$00000004  c_w.l(_printf_e.o)
    0x08000178   0x08000178   0x00000006   Code   RO         2878    .ARM.Collect$$_printf_percent$$00000005  c_w.l(_printf_g.o)
    0x0800017e   0x0800017e   0x00000006   Code   RO         2879    .ARM.Collect$$_printf_percent$$00000006  c_w.l(_printf_a.o)
    0x08000184   0x08000184   0x0000000a   Code   RO         2884    .ARM.Collect$$_printf_percent$$00000007  c_w.l(_printf_ll.o)
    0x0800018e   0x0800018e   0x00000006   Code   RO         2874    .ARM.Collect$$_printf_percent$$00000008  c_w.l(_printf_i.o)
    0x08000194   0x08000194   0x00000006   Code   RO         2669    .ARM.Collect$$_printf_percent$$00000009  c_w.l(_printf_d.o)
    0x0800019a   0x0800019a   0x00000006   Code   RO         2875    .ARM.Collect$$_printf_percent$$0000000A  c_w.l(_printf_u.o)
    0x080001a0   0x080001a0   0x00000006   Code   RO         2873    .ARM.Collect$$_printf_percent$$0000000B  c_w.l(_printf_o.o)
    0x080001a6   0x080001a6   0x00000006   Code   RO         2871    .ARM.Collect$$_printf_percent$$0000000C  c_w.l(_printf_x.o)
    0x080001ac   0x080001ac   0x00000006   Code   RO         2881    .ARM.Collect$$_printf_percent$$0000000D  c_w.l(_printf_lli.o)
    0x080001b2   0x080001b2   0x00000006   Code   RO         2882    .ARM.Collect$$_printf_percent$$0000000E  c_w.l(_printf_lld.o)
    0x080001b8   0x080001b8   0x00000006   Code   RO         2883    .ARM.Collect$$_printf_percent$$0000000F  c_w.l(_printf_llu.o)
    0x080001be   0x080001be   0x00000006   Code   RO         2888    .ARM.Collect$$_printf_percent$$00000010  c_w.l(_printf_llo.o)
    0x080001c4   0x080001c4   0x00000006   Code   RO         2889    .ARM.Collect$$_printf_percent$$00000011  c_w.l(_printf_llx.o)
    0x080001ca   0x080001ca   0x0000000a   Code   RO         2885    .ARM.Collect$$_printf_percent$$00000012  c_w.l(_printf_l.o)
    0x080001d4   0x080001d4   0x00000006   Code   RO         2869    .ARM.Collect$$_printf_percent$$00000013  c_w.l(_printf_c.o)
    0x080001da   0x080001da   0x00000006   Code   RO         2668    .ARM.Collect$$_printf_percent$$00000014  c_w.l(_printf_s.o)
    0x080001e0   0x080001e0   0x00000006   Code   RO         2886    .ARM.Collect$$_printf_percent$$00000015  c_w.l(_printf_lc.o)
    0x080001e6   0x080001e6   0x00000006   Code   RO         2887    .ARM.Collect$$_printf_percent$$00000016  c_w.l(_printf_ls.o)
    0x080001ec   0x080001ec   0x00000004   Code   RO         2880    .ARM.Collect$$_printf_percent$$00000017  c_w.l(_printf_percent_end.o)
    0x080001f0   0x080001f0   0x00000002   Code   RO         3045    .ARM.Collect$$libinit$$00000000  c_w.l(libinit.o)
    0x080001f2   0x080001f2   0x00000000   Code   RO         3061    .ARM.Collect$$libinit$$00000002  c_w.l(libinit2.o)
    0x080001f2   0x080001f2   0x00000000   Code   RO         3063    .ARM.Collect$$libinit$$00000004  c_w.l(libinit2.o)
    0x080001f2   0x080001f2   0x00000000   Code   RO         3066    .ARM.Collect$$libinit$$0000000A  c_w.l(libinit2.o)
    0x080001f2   0x080001f2   0x00000000   Code   RO         3068    .ARM.Collect$$libinit$$0000000C  c_w.l(libinit2.o)
    0x080001f2   0x080001f2   0x00000000   Code   RO         3070    .ARM.Collect$$libinit$$0000000E  c_w.l(libinit2.o)
    0x080001f2   0x080001f2   0x00000006   Code   RO         3071    .ARM.Collect$$libinit$$0000000F  c_w.l(libinit2.o)
    0x080001f8   0x080001f8   0x00000000   Code   RO         3073    .ARM.Collect$$libinit$$00000011  c_w.l(libinit2.o)
    0x080001f8   0x080001f8   0x0000000c   Code   RO         3074    .ARM.Collect$$libinit$$00000012  c_w.l(libinit2.o)
    0x08000204   0x08000204   0x00000000   Code   RO         3075    .ARM.Collect$$libinit$$00000013  c_w.l(libinit2.o)
    0x08000204   0x08000204   0x00000000   Code   RO         3077    .ARM.Collect$$libinit$$00000015  c_w.l(libinit2.o)
    0x08000204   0x08000204   0x0000000a   Code   RO         3078    .ARM.Collect$$libinit$$00000016  c_w.l(libinit2.o)
    0x0800020e   0x0800020e   0x00000000   Code   RO         3079    .ARM.Collect$$libinit$$00000017  c_w.l(libinit2.o)
    0x0800020e   0x0800020e   0x00000000   Code   RO         3081    .ARM.Collect$$libinit$$00000019  c_w.l(libinit2.o)
    0x0800020e   0x0800020e   0x00000000   Code   RO         3083    .ARM.Collect$$libinit$$0000001B  c_w.l(libinit2.o)
    0x0800020e   0x0800020e   0x00000000   Code   RO         3085    .ARM.Collect$$libinit$$0000001D  c_w.l(libinit2.o)
    0x0800020e   0x0800020e   0x00000000   Code   RO         3087    .ARM.Collect$$libinit$$0000001F  c_w.l(libinit2.o)
    0x0800020e   0x0800020e   0x00000000   Code   RO         3089    .ARM.Collect$$libinit$$00000021  c_w.l(libinit2.o)
    0x0800020e   0x0800020e   0x00000000   Code   RO         3091    .ARM.Collect$$libinit$$00000023  c_w.l(libinit2.o)
    0x0800020e   0x0800020e   0x00000000   Code   RO         3093    .ARM.Collect$$libinit$$00000025  c_w.l(libinit2.o)
    0x0800020e   0x0800020e   0x00000000   Code   RO         3097    .ARM.Collect$$libinit$$0000002C  c_w.l(libinit2.o)
    0x0800020e   0x0800020e   0x00000000   Code   RO         3099    .ARM.Collect$$libinit$$0000002E  c_w.l(libinit2.o)
    0x0800020e   0x0800020e   0x00000000   Code   RO         3101    .ARM.Collect$$libinit$$00000030  c_w.l(libinit2.o)
    0x0800020e   0x0800020e   0x00000000   Code   RO         3103    .ARM.Collect$$libinit$$00000032  c_w.l(libinit2.o)
    0x0800020e   0x0800020e   0x00000002   Code   RO         3104    .ARM.Collect$$libinit$$00000033  c_w.l(libinit2.o)
    0x08000210   0x08000210   0x00000002   Code   RO         3132    .ARM.Collect$$libshutdown$$00000000  c_w.l(libshutdown.o)
    0x08000212   0x08000212   0x00000000   Code   RO         3159    .ARM.Collect$$libshutdown$$00000002  c_w.l(libshutdown2.o)
    0x08000212   0x08000212   0x00000000   Code   RO         3161    .ARM.Collect$$libshutdown$$00000004  c_w.l(libshutdown2.o)
    0x08000212   0x08000212   0x00000000   Code   RO         3164    .ARM.Collect$$libshutdown$$00000007  c_w.l(libshutdown2.o)
    0x08000212   0x08000212   0x00000000   Code   RO         3167    .ARM.Collect$$libshutdown$$0000000A  c_w.l(libshutdown2.o)
    0x08000212   0x08000212   0x00000000   Code   RO         3169    .ARM.Collect$$libshutdown$$0000000C  c_w.l(libshutdown2.o)
    0x08000212   0x08000212   0x00000000   Code   RO         3172    .ARM.Collect$$libshutdown$$0000000F  c_w.l(libshutdown2.o)
    0x08000212   0x08000212   0x00000002   Code   RO         3173    .ARM.Collect$$libshutdown$$00000010  c_w.l(libshutdown2.o)
    0x08000214   0x08000214   0x00000000   Code   RO         2809    .ARM.Collect$$rtentry$$00000000  c_w.l(__rtentry.o)
    0x08000214   0x08000214   0x00000000   Code   RO         2954    .ARM.Collect$$rtentry$$00000002  c_w.l(__rtentry2.o)
    0x08000214   0x08000214   0x00000006   Code   RO         2966    .ARM.Collect$$rtentry$$00000004  c_w.l(__rtentry4.o)
    0x0800021a   0x0800021a   0x00000000   Code   RO         2956    .ARM.Collect$$rtentry$$00000009  c_w.l(__rtentry2.o)
    0x0800021a   0x0800021a   0x00000004   Code   RO         2957    .ARM.Collect$$rtentry$$0000000A  c_w.l(__rtentry2.o)
    0x0800021e   0x0800021e   0x00000000   Code   RO         2959    .ARM.Collect$$rtentry$$0000000C  c_w.l(__rtentry2.o)
    0x0800021e   0x0800021e   0x00000008   Code   RO         2960    .ARM.Collect$$rtentry$$0000000D  c_w.l(__rtentry2.o)
    0x08000226   0x08000226   0x00000002   Code   RO         3050    .ARM.Collect$$rtexit$$00000000  c_w.l(rtexit.o)
    0x08000228   0x08000228   0x00000000   Code   RO         3108    .ARM.Collect$$rtexit$$00000002  c_w.l(rtexit2.o)
    0x08000228   0x08000228   0x00000004   Code   RO         3109    .ARM.Collect$$rtexit$$00000003  c_w.l(rtexit2.o)
    0x0800022c   0x0800022c   0x00000006   Code   RO         3110    .ARM.Collect$$rtexit$$00000004  c_w.l(rtexit2.o)
    0x08000232   0x08000232   0x00000002   PAD
    0x08000234   0x08000234   0x0000000c   Code   RO          878    .emb_text           sys.o
    0x08000240   0x08000240   0x00000040   Code   RO            4    .text               startup_stm32f10x_md.o
    0x08000280   0x08000280   0x000001e0   Code   RO           27    .text               system_stm32f10x.o
    0x08000460   0x08000460   0x0000035c   Code   RO          145    .text               stm32f10x_gpio.o
    0x080007bc   0x080007bc   0x000003a4   Code   RO          173    .text               stm32f10x_rcc.o
    0x08000b60   0x08000b60   0x0000030c   Code   RO          199    .text               stm32f10x_spi.o
    0x08000e6c   0x08000e6c   0x000000dc   Code   RO          223    .text               misc.o
    0x08000f48   0x08000f48   0x00000254   Code   RO          247    .text               stm32f10x_dma.o
    0x0800119c   0x0800119c   0x0000060c   Code   RO          271    .text               stm32f10x_fsmc.o
    0x080017a8   0x080017a8   0x00000408   Code   RO          295    .text               stm32f10x_usart.o
    0x08001bb0   0x08001bb0   0x0000011c   Code   RO          319    .text               stm32f10x_exti.o
    0x08001ccc   0x08001ccc   0x0000018c   Code   RO          343    .text               stm32f10x_dac.o
    0x08001e58   0x08001e58   0x00000e1a   Code   RO          367    .text               stm32f10x_tim.o
    0x08002c72   0x08002c72   0x0000001a   Code   RO          391    .text               stm32f10x_it.o
    0x08002c8c   0x08002c8c   0x0000044e   Code   RO          418    .text               stm32f10x_adc.o
    0x080030da   0x080030da   0x00000002   PAD
    0x080030dc   0x080030dc   0x00000150   Code   RO          442    .text               key.o
    0x0800322c   0x0800322c   0x0000014c   Code   RO          469    .text               sk9822.o
    0x08003378   0x08003378   0x00000144   Code   RO          517    .text               micarray.o
    0x080034bc   0x080034bc   0x000000d4   Code   RO          545    .text               delay.o
    0x08003590   0x08003590   0x00004a3a   Code   RO          577    .text               lcd.o
    0x08007fca   0x08007fca   0x00000002   PAD
    0x08007fcc   0x08007fcc   0x00000188   Code   RO          615    .text               usart.o
    0x08008154   0x08008154   0x00000084   Code   RO          684    .text               74lv4052.o
    0x080081d8   0x080081d8   0x0000059c   Code   RO          711    .text               sydw.o
    0x08008774   0x08008774   0x00000098   Code   RO          774    .text               servo.o
    0x0800880c   0x0800880c   0x00000064   Code   RO          801    .text               jd.o
    0x08008870   0x08008870   0x00000290   Code   RO          829    .text               timer.o
    0x08008b00   0x08008b00   0x000002bc   Code   RO          879    .text               sys.o
    0x08008dbc   0x08008dbc   0x00000174   Code   RO          906    .text               usart3.o
    0x08008f30   0x08008f30   0x000001cc   Code   RO         1013    .text               adc.o
    0x080090fc   0x080090fc   0x000005dc   Code   RO         1043    .text               pid.o
    0x080096d8   0x080096d8   0x0000012c   Code   RO         1073    .text               gpio.o
    0x08009804   0x08009804   0x00000170   Code   RO         1097    .text               uart2.o
    0x08009974   0x08009974   0x000000bc   Code   RO         1128    .text               dac.o
    0x08009a30   0x08009a30   0x00000170   Code   RO         1152    .text               uart4.o
    0x08009ba0   0x08009ba0   0x000004dc   Code   RO         1183    .text               main.o
    0x0800a07c   0x0800a07c   0x00000002   Code   RO         2626    .text               c_w.l(use_no_semi_2.o)
    0x0800a07e   0x0800a07e   0x00000002   PAD
    0x0800a080   0x0800a080   0x00000024   Code   RO         2636    .text               c_w.l(c89vsprintf.o)
    0x0800a0a4   0x0800a0a4   0x00000018   Code   RO         2638    .text               c_w.l(__2printf.o)
    0x0800a0bc   0x0800a0bc   0x00000052   Code   RO         2644    .text               c_w.l(_printf_str.o)
    0x0800a10e   0x0800a10e   0x00000002   PAD
    0x0800a110   0x0800a110   0x00000078   Code   RO         2646    .text               c_w.l(_printf_dec.o)
    0x0800a188   0x0800a188   0x00000188   Code   RO         2665    .text               c_w.l(__printf_flags_ss_wp.o)
    0x0800a310   0x0800a310   0x0000001a   Code   RO         2671    .text               c_w.l(atoi.o)
    0x0800a32a   0x0800a32a   0x0000003e   Code   RO         2675    .text               c_w.l(strlen.o)
    0x0800a368   0x0800a368   0x00000006   Code   RO         2683    .text               c_w.l(heapauxi.o)
    0x0800a36e   0x0800a36e   0x00000002   Code   RO         2807    .text               c_w.l(use_no_semi.o)
    0x0800a370   0x0800a370   0x00000008   Code   RO         2817    .text               c_w.l(rt_errno_addr_intlibspace.o)
    0x0800a378   0x0800a378   0x0000004e   Code   RO         2821    .text               c_w.l(_printf_pad.o)
    0x0800a3c6   0x0800a3c6   0x00000024   Code   RO         2823    .text               c_w.l(_printf_truncate.o)
    0x0800a3ea   0x0800a3ea   0x000000b2   Code   RO         2825    .text               c_w.l(_printf_intcommon.o)
    0x0800a49c   0x0800a49c   0x00000028   Code   RO         2827    .text               c_w.l(_printf_charcount.o)
    0x0800a4c4   0x0800a4c4   0x00000030   Code   RO         2829    .text               c_w.l(_printf_char_common.o)
    0x0800a4f4   0x0800a4f4   0x0000000a   Code   RO         2831    .text               c_w.l(_sputc.o)
    0x0800a4fe   0x0800a4fe   0x0000002c   Code   RO         2833    .text               c_w.l(_printf_char.o)
    0x0800a52a   0x0800a52a   0x00000002   PAD
    0x0800a52c   0x0800a52c   0x00000024   Code   RO         2835    .text               c_w.l(_printf_char_file.o)
    0x0800a550   0x0800a550   0x000000bc   Code   RO         2837    .text               c_w.l(_printf_wctomb.o)
    0x0800a60c   0x0800a60c   0x0000007c   Code   RO         2840    .text               c_w.l(_printf_longlong_dec.o)
    0x0800a688   0x0800a688   0x00000070   Code   RO         2846    .text               c_w.l(_printf_oct_int_ll.o)
    0x0800a6f8   0x0800a6f8   0x00000094   Code   RO         2866    .text               c_w.l(_printf_hex_int_ll_ptr.o)
    0x0800a78c   0x0800a78c   0x00000070   Code   RO         2890    .text               c_w.l(strtol.o)
    0x0800a7fc   0x0800a7fc   0x00000008   Code   RO         2950    .text               c_w.l(libspace.o)
    0x0800a804   0x0800a804   0x00000010   Code   RO         2968    .text               c_w.l(rt_ctype_table.o)
    0x0800a814   0x0800a814   0x0000008a   Code   RO         2972    .text               c_w.l(lludiv10.o)
    0x0800a89e   0x0800a89e   0x0000041e   Code   RO         2974    .text               c_w.l(_printf_fp_dec.o)
    0x0800acbc   0x0800acbc   0x0000002c   Code   RO         2978    .text               c_w.l(_printf_wchar.o)
    0x0800ace8   0x0800ace8   0x0000009e   Code   RO         2980    .text               c_w.l(_strtoul.o)
    0x0800ad86   0x0800ad86   0x00000008   Code   RO         2982    .text               c_w.l(ferror.o)
    0x0800ad8e   0x0800ad8e   0x00000040   Code   RO         2986    .text               c_w.l(_wcrtomb.o)
    0x0800adce   0x0800adce   0x0000004a   Code   RO         2992    .text               c_w.l(sys_stackheap_outer.o)
    0x0800ae18   0x0800ae18   0x00000008   Code   RO         2997    .text               c_w.l(rt_locale_intlibspace.o)
    0x0800ae20   0x0800ae20   0x00000080   Code   RO         2999    .text               c_w.l(_printf_fp_infnan.o)
    0x0800aea0   0x0800aea0   0x0000001c   Code   RO         3001    .text               c_w.l(_chval.o)
    0x0800aebc   0x0800aebc   0x000000e4   Code   RO         3003    .text               c_w.l(bigflt0.o)
    0x0800afa0   0x0800afa0   0x00000012   Code   RO         3034    .text               c_w.l(exit.o)
    0x0800afb2   0x0800afb2   0x00000002   PAD
    0x0800afb4   0x0800afb4   0x00000080   Code   RO         3058    .text               c_w.l(strcmpv7m.o)
    0x0800b034   0x0800b034   0x0000003e   Code   RO         3006    CL$$btod_d2e        c_w.l(btod.o)
    0x0800b072   0x0800b072   0x00000046   Code   RO         3008    CL$$btod_d2e_denorm_low  c_w.l(btod.o)
    0x0800b0b8   0x0800b0b8   0x00000060   Code   RO         3007    CL$$btod_d2e_norm_op1  c_w.l(btod.o)
    0x0800b118   0x0800b118   0x00000338   Code   RO         3016    CL$$btod_div_common  c_w.l(btod.o)
    0x0800b450   0x0800b450   0x000000dc   Code   RO         3013    CL$$btod_e2e        c_w.l(btod.o)
    0x0800b52c   0x0800b52c   0x0000002a   Code   RO         3010    CL$$btod_ediv       c_w.l(btod.o)
    0x0800b556   0x0800b556   0x0000002a   Code   RO         3009    CL$$btod_emul       c_w.l(btod.o)
    0x0800b580   0x0800b580   0x00000244   Code   RO         3015    CL$$btod_mult_common  c_w.l(btod.o)
    0x0800b7c4   0x0800b7c4   0x00000028   Code   RO         3048    i.__ARM_fpclassify  m_ws.l(fpclassify.o)
    0x0800b7ec   0x0800b7ec   0x0000000e   Code   RO         2658    i._is_digit         c_w.l(__printf_wp.o)
    0x0800b7fa   0x0800b7fa   0x00000002   PAD
    0x0800b7fc   0x0800b7fc   0x0000002c   Code   RO         3029    locale$$code        c_w.l(lc_ctype_c.o)
    0x0800b828   0x0800b828   0x0000002c   Code   RO         3032    locale$$code        c_w.l(lc_numeric_c.o)
    0x0800b854   0x0800b854   0x00000062   Code   RO         2687    x$fpl$d2f           fz_ws.l(d2f.o)
    0x0800b8b6   0x0800b8b6   0x00000002   PAD
    0x0800b8b8   0x0800b8b8   0x00000150   Code   RO         2689    x$fpl$dadd          fz_ws.l(daddsub_clz.o)
    0x0800ba08   0x0800ba08   0x000002b0   Code   RO         2696    x$fpl$ddiv          fz_ws.l(ddiv.o)
    0x0800bcb8   0x0800bcb8   0x0000005a   Code   RO         2701    x$fpl$dfixu         fz_ws.l(dfixu.o)
    0x0800bd12   0x0800bd12   0x0000002e   Code   RO         2706    x$fpl$dflt          fz_ws.l(dflt_clz.o)
    0x0800bd40   0x0800bd40   0x00000026   Code   RO         2705    x$fpl$dfltu         fz_ws.l(dflt_clz.o)
    0x0800bd66   0x0800bd66   0x00000002   PAD
    0x0800bd68   0x0800bd68   0x00000154   Code   RO         2711    x$fpl$dmul          fz_ws.l(dmul.o)
    0x0800bebc   0x0800bebc   0x0000009c   Code   RO         2894    x$fpl$dnaninf       fz_ws.l(dnaninf.o)
    0x0800bf58   0x0800bf58   0x0000000c   Code   RO         2896    x$fpl$dretinf       fz_ws.l(dretinf.o)
    0x0800bf64   0x0800bf64   0x000001d4   Code   RO         2691    x$fpl$dsub          fz_ws.l(daddsub_clz.o)
    0x0800c138   0x0800c138   0x00000056   Code   RO         2713    x$fpl$f2d           fz_ws.l(f2d.o)
    0x0800c18e   0x0800c18e   0x00000002   PAD
    0x0800c190   0x0800c190   0x000000c4   Code   RO         2715    x$fpl$fadd          fz_ws.l(faddsub_clz.o)
    0x0800c254   0x0800c254   0x00000018   Code   RO         2898    x$fpl$fcmpinf       fz_ws.l(fcmpi.o)
    0x0800c26c   0x0800c26c   0x00000184   Code   RO         2722    x$fpl$fdiv          fz_ws.l(fdiv.o)
    0x0800c3f0   0x0800c3f0   0x00000036   Code   RO         2727    x$fpl$ffix          fz_ws.l(ffix.o)
    0x0800c426   0x0800c426   0x00000002   PAD
    0x0800c428   0x0800c428   0x0000003e   Code   RO         2735    x$fpl$ffixu         fz_ws.l(ffixu.o)
    0x0800c466   0x0800c466   0x00000002   PAD
    0x0800c468   0x0800c468   0x00000030   Code   RO         2740    x$fpl$fflt          fz_ws.l(fflt_clz.o)
    0x0800c498   0x0800c498   0x00000026   Code   RO         2739    x$fpl$ffltu         fz_ws.l(fflt_clz.o)
    0x0800c4be   0x0800c4be   0x00000002   PAD
    0x0800c4c0   0x0800c4c0   0x00000068   Code   RO         2745    x$fpl$fleqf         fz_ws.l(fleqf.o)
    0x0800c528   0x0800c528   0x00000102   Code   RO         2747    x$fpl$fmul          fz_ws.l(fmul.o)
    0x0800c62a   0x0800c62a   0x0000008c   Code   RO         2900    x$fpl$fnaninf       fz_ws.l(fnaninf.o)
    0x0800c6b6   0x0800c6b6   0x0000000a   Code   RO         2902    x$fpl$fretinf       fz_ws.l(fretinf.o)
    0x0800c6c0   0x0800c6c0   0x00000062   Code   RO         2749    x$fpl$frleqf        fz_ws.l(frleqf.o)
    0x0800c722   0x0800c722   0x00000002   PAD
    0x0800c724   0x0800c724   0x000000ea   Code   RO         2717    x$fpl$fsub          fz_ws.l(faddsub_clz.o)
    0x0800c80e   0x0800c80e   0x00000004   Code   RO         2910    x$fpl$printf1       fz_ws.l(printf1.o)
    0x0800c812   0x0800c812   0x00000000   Code   RO         2916    x$fpl$usenofp       fz_ws.l(usenofp.o)
    0x0800c812   0x0800c812   0x000017c0   Data   RO          579    .constdata          lcd.o
    0x0800dfd2   0x0800dfd2   0x00000011   Data   RO         2666    .constdata          c_w.l(__printf_flags_ss_wp.o)
    0x0800dfe3   0x0800dfe3   0x00000001   PAD
    0x0800dfe4   0x0800dfe4   0x00000008   Data   RO         2838    .constdata          c_w.l(_printf_wctomb.o)
    0x0800dfec   0x0800dfec   0x00000028   Data   RO         2867    .constdata          c_w.l(_printf_hex_int_ll_ptr.o)
    0x0800e014   0x0800e014   0x00000094   Data   RO         3004    .constdata          c_w.l(bigflt0.o)
    0x0800e0a8   0x0800e0a8   0x00000020   Data   RO         3174    Region$$Table       anon$$obj.o
    0x0800e0c8   0x0800e0c8   0x00000110   Data   RO         3028    locale$$data        c_w.l(lc_ctype_c.o)
    0x0800e1d8   0x0800e1d8   0x0000001c   Data   RO         3031    locale$$data        c_w.l(lc_numeric_c.o)


    Execution Region RW_IRAM1 (Exec base: 0x20000000, Load base: 0x0800e1f4, Size: 0x00000bb8, Max: 0x00010000, ABSOLUTE)

    Exec Addr    Load Addr    Size         Type   Attr      Idx    E Section Name        Object

    0x20000000   0x0800e1f4   0x00000014   Data   RW           28    .data               system_stm32f10x.o
    0x20000014   0x0800e208   0x00000014   Data   RW          174    .data               stm32f10x_rcc.o
    0x20000028   0x0800e21c   0x00000004   Data   RW          546    .data               delay.o
    0x2000002c   0x0800e220   0x00000004   Data   RW          580    .data               lcd.o
    0x20000030   0x0800e224   0x00000006   Data   RW          617    .data               usart.o
    0x20000036   0x0800e22a   0x00000002   PAD
    0x20000038   0x0800e22c   0x0000006e   Data   RW          713    .data               sydw.o
    0x200000a6   0x0800e29a   0x00000002   PAD
    0x200000a8   0x0800e29c   0x00000010   Data   RW          830    .data               timer.o
    0x200000b8   0x0800e2ac   0x00000002   Data   RW          908    .data               usart3.o
    0x200000ba   0x0800e2ae   0x00000002   PAD
    0x200000bc   0x0800e2b0   0x0000000c   Data   RW         1014    .data               adc.o
    0x200000c8   0x0800e2bc   0x00000030   Data   RW         1044    .data               pid.o
    0x200000f8   0x0800e2ec   0x00000002   Data   RW         1099    .data               uart2.o
    0x200000fa   0x0800e2ee   0x00000002   Data   RW         1154    .data               uart4.o
    0x200000fc        -       0x0000000e   Zero   RW          578    .bss                lcd.o
    0x2000010a        -       0x000000c8   Zero   RW          616    .bss                usart.o
    0x200001d2        -       0x00000064   Zero   RW          712    .bss                sydw.o
    0x20000236        -       0x00000190   Zero   RW          907    .bss                usart3.o
    0x200003c6        -       0x000000c8   Zero   RW         1098    .bss                uart2.o
    0x2000048e        -       0x000000c8   Zero   RW         1153    .bss                uart4.o
    0x20000556   0x0800e2f0   0x00000002   PAD
    0x20000558        -       0x00000060   Zero   RW         2951    .bss                c_w.l(libspace.o)
    0x200005b8        -       0x00000200   Zero   RW            2    HEAP                startup_stm32f10x_md.o
    0x200007b8        -       0x00000400   Zero   RW            1    STACK               startup_stm32f10x_md.o



  Load Region LR$$.ARM.__AT_0x68000000 (Base: 0x68000000, Size: 0x00000000, Max: 0x00000020, ABSOLUTE)

    Execution Region ER$$.ARM.__AT_0x68000000 (Exec base: 0x68000000, Load base: 0x68000000, Size: 0x00000020, Max: 0x00000020, ABSOLUTE, UNINIT)

    Exec Addr    Load Addr    Size         Type   Attr      Idx    E Section Name        Object

    0x68000000        -       0x00000020   Zero   RW          651    .ARM.__AT_0x68000000  malloc.o



  Load Region LR$$.ARM.__AT_0x68000020 (Base: 0x68000020, Size: 0x00000000, Max: 0x00000004, ABSOLUTE)

    Execution Region ER$$.ARM.__AT_0x68000020 (Exec base: 0x68000020, Load base: 0x68000020, Size: 0x00000004, Max: 0x00000004, ABSOLUTE, UNINIT)

    Exec Addr    Load Addr    Size         Type   Attr      Idx    E Section Name        Object

    0x68000020        -       0x00000002   Zero   RW          652    .ARM.__AT_0x68000020  malloc.o


==============================================================================

Image component sizes


      Code (inc. data)   RO Data    RW Data    ZI Data      Debug   Object Name

       132          4          0          0          0        749   74lv4052.o
       460         12          0         12          0       2181   adc.o
         0          0          0          0          0       4508   core_cm3.o
       188         14          0          0          0        789   dac.o
       212         18          0          4          0       1043   delay.o
       300         10          0          0          0        750   gpio.o
       100         12          0          0          0        552   jd.o
       336         10          0          0          0       1042   key.o
     19002        144       6080          4         14      21842   lcd.o
      1244        198          0          0          0       2275   main.o
         0          0          0          0         34       1621   malloc.o
       324         22          0          0          0        999   micarray.o
       220         22          0          0          0       1937   misc.o
      1500        172          0         48          0       2771   pid.o
       152          8          0          0          0        885   servo.o
       332         14          0          0          0       2083   sk9822.o
        64         26        236          0       1536        944   startup_stm32f10x_md.o
      1102         26          0          0          0      11033   stm32f10x_adc.o
       396          6          0          0          0       3802   stm32f10x_dac.o
       596          8          0          0          0       4502   stm32f10x_dma.o
       284         10          0          0          0       2395   stm32f10x_exti.o
      1548         18          0          0          0       5515   stm32f10x_fsmc.o
       860         38          0          0          0       5869   stm32f10x_gpio.o
        26          0          0          0          0       1210   stm32f10x_it.o
       932         36          0         20          0       9084   stm32f10x_rcc.o
       780         14          0          0          0       6750   stm32f10x_spi.o
      3610         88          0          0          0      22980   stm32f10x_tim.o
      1032         22          0          0          0       8596   stm32f10x_usart.o
      1436        150          0        110        100       4270   sydw.o
       712         44          0          0          0       2819   sys.o
       480         38          0         20          0     292287   system_stm32f10x.o
       656        132          0         16          0       1662   timer.o
       368         18          0          2        200       2125   uart2.o
       368         18          0          2        200       2107   uart4.o
       392         16          0          6        200       3726   usart.o
       372         22          0          2        400       2518   usart3.o

    ----------------------------------------------------------------------
     40520       1390       6348        252       2688     440221   Object Totals
         0          0         32          0          0          0   (incl. Generated)
         4          0          0          6          4          0   (incl. Padding)

    ----------------------------------------------------------------------

      Code (inc. data)   RO Data    RW Data    ZI Data      Debug   Library Member Name

        24          4          0          0          0         84   __2printf.o
         8          0          0          0          0         68   __main.o
       392          4         17          0          0         92   __printf_flags_ss_wp.o
        14          0          0          0          0         68   __printf_wp.o
         0          0          0          0          0          0   __rtentry.o
        12          0          0          0          0          0   __rtentry2.o
         6          0          0          0          0          0   __rtentry4.o
        52          8          0          0          0          0   __scatter.o
        26          0          0          0          0          0   __scatter_copy.o
        28          0          0          0          0          0   __scatter_zi.o
        28          0          0          0          0         68   _chval.o
         6          0          0          0          0          0   _printf_a.o
         6          0          0          0          0          0   _printf_c.o
        44          0          0          0          0        108   _printf_char.o
        48          6          0          0          0         96   _printf_char_common.o
        36          4          0          0          0         80   _printf_char_file.o
        40          0          0          0          0         68   _printf_charcount.o
         6          0          0          0          0          0   _printf_d.o
       120         16          0          0          0         92   _printf_dec.o
         6          0          0          0          0          0   _printf_e.o
         6          0          0          0          0          0   _printf_f.o
      1054          0          0          0          0        216   _printf_fp_dec.o
       128         16          0          0          0         84   _printf_fp_infnan.o
         6          0          0          0          0          0   _printf_g.o
       148          4         40          0          0        160   _printf_hex_int_ll_ptr.o
         6          0          0          0          0          0   _printf_i.o
       178          0          0          0          0         88   _printf_intcommon.o
        10          0          0          0          0          0   _printf_l.o
         6          0          0          0          0          0   _printf_lc.o
        10          0          0          0          0          0   _printf_ll.o
         6          0          0          0          0          0   _printf_lld.o
         6          0          0          0          0          0   _printf_lli.o
         6          0          0          0          0          0   _printf_llo.o
         6          0          0          0          0          0   _printf_llu.o
         6          0          0          0          0          0   _printf_llx.o
       124         16          0          0          0         92   _printf_longlong_dec.o
         6          0          0          0          0          0   _printf_ls.o
         6          0          0          0          0          0   _printf_n.o
         6          0          0          0          0          0   _printf_o.o
       112         10          0          0          0        124   _printf_oct_int_ll.o
         6          0          0          0          0          0   _printf_p.o
        78          0          0          0          0        108   _printf_pad.o
         0          0          0          0          0          0   _printf_percent.o
         4          0          0          0          0          0   _printf_percent_end.o
         6          0          0          0          0          0   _printf_s.o
        82          0          0          0          0         80   _printf_str.o
        36          0          0          0          0         84   _printf_truncate.o
         6          0          0          0          0          0   _printf_u.o
        44          0          0          0          0        108   _printf_wchar.o
       188          6          8          0          0         92   _printf_wctomb.o
         6          0          0          0          0          0   _printf_x.o
        10          0          0          0          0         68   _sputc.o
       158          0          0          0          0         92   _strtoul.o
        64          0          0          0          0         92   _wcrtomb.o
        26          0          0          0          0         80   atoi.o
       228          4        148          0          0         96   bigflt0.o
      1936        128          0          0          0        672   btod.o
        36          4          0          0          0         76   c89vsprintf.o
        18          0          0          0          0         80   exit.o
         8          0          0          0          0         68   ferror.o
         6          0          0          0          0        152   heapauxi.o
        44         10        272          0          0         76   lc_ctype_c.o
        44         10         28          0          0         76   lc_numeric_c.o
         2          0          0          0          0          0   libinit.o
        30          0          0          0          0          0   libinit2.o
         2          0          0          0          0          0   libshutdown.o
         2          0          0          0          0          0   libshutdown2.o
         8          4          0          0         96         68   libspace.o
       138          0          0          0          0         80   lludiv10.o
        16          4          0          0          0         76   rt_ctype_table.o
         8          4          0          0          0         68   rt_errno_addr_intlibspace.o
         8          4          0          0          0         68   rt_locale_intlibspace.o
         2          0          0          0          0          0   rtexit.o
        10          0          0          0          0          0   rtexit2.o
       128          0          0          0          0         68   strcmpv7m.o
        62          0          0          0          0         76   strlen.o
       112          0          0          0          0         88   strtol.o
        74          0          0          0          0         80   sys_stackheap_outer.o
         2          0          0          0          0         68   use_no_semi.o
         2          0          0          0          0         68   use_no_semi_2.o
        98          4          0          0          0         92   d2f.o
       804         16          0          0          0        272   daddsub_clz.o
       688        140          0          0          0        208   ddiv.o
        90          4          0          0          0         92   dfixu.o
        84          0          0          0          0        136   dflt_clz.o
       340         12          0          0          0        104   dmul.o
       156          4          0          0          0         92   dnaninf.o
        12          0          0          0          0         68   dretinf.o
        86          4          0          0          0         84   f2d.o
       430          8          0          0          0        168   faddsub_clz.o
        24          0          0          0          0         68   fcmpi.o
       388         76          0          0          0         96   fdiv.o
        54          4          0          0          0         84   ffix.o
        62          4          0          0          0         84   ffixu.o
        86          0          0          0          0        136   fflt_clz.o
       104          4          0          0          0         84   fleqf.o
       258          4          0          0          0         84   fmul.o
       140          4          0          0          0         84   fnaninf.o
        10          0          0          0          0         68   fretinf.o
        98          0          0          0          0         68   frleqf.o
         4          0          0          0          0         68   printf1.o
         0          0          0          0          0          0   usenofp.o
        40          0          0          0          0         68   fpclassify.o

    ----------------------------------------------------------------------
     10462        554        514          0         96       6804   Library Totals
        28          0          1          0          0          0   (incl. Padding)

    ----------------------------------------------------------------------

      Code (inc. data)   RO Data    RW Data    ZI Data      Debug   Library Name

      6378        266        513          0         96       4496   c_w.l
      4016        288          0          0          0       2240   fz_ws.l
        40          0          0          0          0         68   m_ws.l

    ----------------------------------------------------------------------
     10462        554        514          0         96       6804   Library Totals

    ----------------------------------------------------------------------

==============================================================================


      Code (inc. data)   RO Data    RW Data    ZI Data      Debug   

     50982       1944       6862        252       2784     440157   Grand Totals
     50982       1944       6862        252       2784     440157   ELF Image Totals
     50982       1944       6862        252          0          0   ROM Totals

==============================================================================

    Total RO  Size (Code + RO Data)                57844 (  56.49kB)
    Total RW  Size (RW Data + ZI Data)              3036 (   2.96kB)
    Total ROM Size (Code + RO Data + RW Data)      58096 (  56.73kB)

==============================================================================

