------------------------------------------------------------
Timing Analyzer Summary
------------------------------------------------------------

Type  : Slow 1200mV 85C Model Setup 'sys_rst'
Slack : -4.670
TNS   : -82.858

Type  : Slow 1200mV 85C Model Setup 'pll_inst|altpll_component|auto_generated|pll1|clk[0]'
Slack : -3.080
TNS   : -598.501

Type  : Slow 1200mV 85C Model Setup 'bclk'
Slack : -2.354
TNS   : -94.044

Type  : Slow 1200mV 85C Model Setup 'pll_inst|altpll_component|auto_generated|pll1|clk[2]'
Slack : -1.712
TNS   : -192.986

Type  : Slow 1200mV 85C Model Setup 'sys_clk'
Slack : 14.444
TNS   : 0.000

Type  : Slow 1200mV 85C Model Hold 'sys_rst'
Slack : -2.028
TNS   : -7.595

Type  : Slow 1200mV 85C Model Hold 'sys_clk'
Slack : 0.409
TNS   : 0.000

Type  : Slow 1200mV 85C Model Hold 'pll_inst|altpll_component|auto_generated|pll1|clk[0]'
Slack : 0.430
TNS   : 0.000

Type  : Slow 1200mV 85C Model Hold 'pll_inst|altpll_component|auto_generated|pll1|clk[2]'
Slack : 0.432
TNS   : 0.000

Type  : Slow 1200mV 85C Model Hold 'bclk'
Slack : 0.524
TNS   : 0.000

Type  : Slow 1200mV 85C Model Recovery 'pll_inst|altpll_component|auto_generated|pll1|clk[0]'
Slack : -2.736
TNS   : -7974.622

Type  : Slow 1200mV 85C Model Recovery 'pll_inst|altpll_component|auto_generated|pll1|clk[2]'
Slack : -2.045
TNS   : -4145.551

Type  : Slow 1200mV 85C Model Recovery 'sys_clk'
Slack : -0.464
TNS   : -54.588

Type  : Slow 1200mV 85C Model Removal 'sys_clk'
Slack : -0.085
TNS   : -23.506

Type  : Slow 1200mV 85C Model Removal 'pll_inst|altpll_component|auto_generated|pll1|clk[2]'
Slack : 1.497
TNS   : 0.000

Type  : Slow 1200mV 85C Model Removal 'pll_inst|altpll_component|auto_generated|pll1|clk[0]'
Slack : 1.502
TNS   : 0.000

Type  : Slow 1200mV 85C Model Minimum Pulse Width 'bclk'
Slack : -3.000
TNS   : -90.733

Type  : Slow 1200mV 85C Model Minimum Pulse Width 'sys_rst'
Slack : -3.000
TNS   : -3.000

Type  : Slow 1200mV 85C Model Minimum Pulse Width 'sys_clk'
Slack : 9.467
TNS   : 0.000

Type  : Slow 1200mV 85C Model Minimum Pulse Width 'pll_inst|altpll_component|auto_generated|pll1|clk[2]'
Slack : 2083.022
TNS   : 0.000

Type  : Slow 1200mV 85C Model Minimum Pulse Width 'pll_inst|altpll_component|auto_generated|pll1|clk[0]'
Slack : 12499.689
TNS   : 0.000

Type  : Slow 1200mV 0C Model Setup 'sys_rst'
Slack : -4.580
TNS   : -81.503

Type  : Slow 1200mV 0C Model Setup 'pll_inst|altpll_component|auto_generated|pll1|clk[0]'
Slack : -2.759
TNS   : -524.189

Type  : Slow 1200mV 0C Model Setup 'bclk'
Slack : -2.118
TNS   : -82.163

Type  : Slow 1200mV 0C Model Setup 'pll_inst|altpll_component|auto_generated|pll1|clk[2]'
Slack : -1.474
TNS   : -150.948

Type  : Slow 1200mV 0C Model Setup 'sys_clk'
Slack : 15.027
TNS   : 0.000

Type  : Slow 1200mV 0C Model Hold 'sys_rst'
Slack : -1.771
TNS   : -6.606

Type  : Slow 1200mV 0C Model Hold 'pll_inst|altpll_component|auto_generated|pll1|clk[2]'
Slack : 0.308
TNS   : 0.000

Type  : Slow 1200mV 0C Model Hold 'pll_inst|altpll_component|auto_generated|pll1|clk[0]'
Slack : 0.380
TNS   : 0.000

Type  : Slow 1200mV 0C Model Hold 'sys_clk'
Slack : 0.396
TNS   : 0.000

Type  : Slow 1200mV 0C Model Hold 'bclk'
Slack : 0.485
TNS   : 0.000

Type  : Slow 1200mV 0C Model Recovery 'pll_inst|altpll_component|auto_generated|pll1|clk[0]'
Slack : -2.329
TNS   : -6648.606

Type  : Slow 1200mV 0C Model Recovery 'pll_inst|altpll_component|auto_generated|pll1|clk[2]'
Slack : -1.643
TNS   : -3181.316

Type  : Slow 1200mV 0C Model Recovery 'sys_clk'
Slack : -0.379
TNS   : -43.825

Type  : Slow 1200mV 0C Model Removal 'sys_clk'
Slack : -0.082
TNS   : -22.887

Type  : Slow 1200mV 0C Model Removal 'pll_inst|altpll_component|auto_generated|pll1|clk[2]'
Slack : 1.242
TNS   : 0.000

Type  : Slow 1200mV 0C Model Removal 'pll_inst|altpll_component|auto_generated|pll1|clk[0]'
Slack : 1.248
TNS   : 0.000

Type  : Slow 1200mV 0C Model Minimum Pulse Width 'bclk'
Slack : -3.000
TNS   : -90.733

Type  : Slow 1200mV 0C Model Minimum Pulse Width 'sys_rst'
Slack : -3.000
TNS   : -3.000

Type  : Slow 1200mV 0C Model Minimum Pulse Width 'sys_clk'
Slack : 9.499
TNS   : 0.000

Type  : Slow 1200mV 0C Model Minimum Pulse Width 'pll_inst|altpll_component|auto_generated|pll1|clk[2]'
Slack : 2082.994
TNS   : 0.000

Type  : Slow 1200mV 0C Model Minimum Pulse Width 'pll_inst|altpll_component|auto_generated|pll1|clk[0]'
Slack : 12499.661
TNS   : 0.000

Type  : Fast 1200mV 0C Model Setup 'sys_rst'
Slack : -1.603
TNS   : -27.783

Type  : Fast 1200mV 0C Model Setup 'pll_inst|altpll_component|auto_generated|pll1|clk[0]'
Slack : -1.545
TNS   : -284.323

Type  : Fast 1200mV 0C Model Setup 'pll_inst|altpll_component|auto_generated|pll1|clk[2]'
Slack : -0.677
TNS   : -73.377

Type  : Fast 1200mV 0C Model Setup 'bclk'
Slack : -0.408
TNS   : -8.654

Type  : Fast 1200mV 0C Model Setup 'sys_clk'
Slack : 17.472
TNS   : 0.000

Type  : Fast 1200mV 0C Model Hold 'sys_rst'
Slack : -1.106
TNS   : -4.210

Type  : Fast 1200mV 0C Model Hold 'sys_clk'
Slack : 0.138
TNS   : 0.000

Type  : Fast 1200mV 0C Model Hold 'pll_inst|altpll_component|auto_generated|pll1|clk[0]'
Slack : 0.177
TNS   : 0.000

Type  : Fast 1200mV 0C Model Hold 'pll_inst|altpll_component|auto_generated|pll1|clk[2]'
Slack : 0.178
TNS   : 0.000

Type  : Fast 1200mV 0C Model Hold 'bclk'
Slack : 0.212
TNS   : 0.000

Type  : Fast 1200mV 0C Model Recovery 'pll_inst|altpll_component|auto_generated|pll1|clk[0]'
Slack : -1.489
TNS   : -4611.782

Type  : Fast 1200mV 0C Model Recovery 'pll_inst|altpll_component|auto_generated|pll1|clk[2]'
Slack : -0.938
TNS   : -1959.989

Type  : Fast 1200mV 0C Model Recovery 'sys_clk'
Slack : -0.316
TNS   : -74.050

Type  : Fast 1200mV 0C Model Removal 'sys_clk'
Slack : -0.048
TNS   : -13.335

Type  : Fast 1200mV 0C Model Removal 'pll_inst|altpll_component|auto_generated|pll1|clk[2]'
Slack : 0.773
TNS   : 0.000

Type  : Fast 1200mV 0C Model Removal 'pll_inst|altpll_component|auto_generated|pll1|clk[0]'
Slack : 0.775
TNS   : 0.000

Type  : Fast 1200mV 0C Model Minimum Pulse Width 'bclk'
Slack : -3.000
TNS   : -67.689

Type  : Fast 1200mV 0C Model Minimum Pulse Width 'sys_rst'
Slack : -3.000
TNS   : -3.000

Type  : Fast 1200mV 0C Model Minimum Pulse Width 'sys_clk'
Slack : 9.371
TNS   : 0.000

Type  : Fast 1200mV 0C Model Minimum Pulse Width 'pll_inst|altpll_component|auto_generated|pll1|clk[2]'
Slack : 2083.099
TNS   : 0.000

Type  : Fast 1200mV 0C Model Minimum Pulse Width 'pll_inst|altpll_component|auto_generated|pll1|clk[0]'
Slack : 12499.733
TNS   : 0.000

------------------------------------------------------------
