<html>
<body>
<pre>
<h1>礦ision Build Log</h1>
<h2>Tool Versions:</h2>
IDE-Version: μVision V5.31.0.0
Copyright (C) 2020 ARM Ltd and ARM Germany GmbH. All rights reserved.
License Information: 1 1, 11, LIC=03C6R-KWZEL-9UW4U-S2U3T-ZYPS2-FJVLU
 
Tool Versions:
Toolchain:       MDK-ARM Plus  Version: 5.31.0.0
Toolchain Path:  D:\qq\keil5\ARM\ARMCC\Bin
C Compiler:      Armcc.exe V5.06 update 6 (build 750)
Assembler:       Armasm.exe V5.06 update 6 (build 750)
Linker/Locator:  ArmLink.exe V5.06 update 6 (build 750)
Library Manager: ArmAr.exe V5.06 update 6 (build 750)
Hex Converter:   FromElf.exe V5.06 update 6 (build 750)
CPU DLL:         SARMCM3.DLL V5.31.0.0
Dialog DLL:      DARMSTM.DLL V1.68.0.0
Target DLL:      STLink\ST-LINKIII-KEIL_SWO.dll V3.0.7.0
Dialog DLL:      TARMSTM.DLL V1.66.0.0
 
<h2>Project:</h2>
D:\qq\li\声源定位\声源定位A2.0(1)\声源定位A2.0\CT117E-LCD\Project\CT117E-LCD.uvprojx
Project File Date:  05/28/2022

<h2>Output:</h2>
*** Using Compiler 'V5.06 update 6 (build 750)', folder: 'D:\qq\keil5\ARM\ARMCC\Bin'
Rebuild target 'Target 1'
assembling startup_stm32f10x_md.s...
compiling core_cm3.c...
compiling stm32f10x_spi.c...
compiling system_stm32f10x.c...
compiling stm32f10x_gpio.c...
compiling misc.c...
compiling stm32f10x_rcc.c...
compiling stm32f10x_dma.c...
compiling stm32f10x_fsmc.c...
compiling stm32f10x_usart.c...
compiling stm32f10x_dac.c...
compiling stm32f10x_it.c...
compiling stm32f10x_exti.c...
compiling stm32f10x_tim.c...
compiling stm32f10x_adc.c...
compiling key.c...
compiling SK9822.c...
compiling MicArray.c...
compiling led.c...
compiling delay.c...
compiling usart.c...
compiling malloc.c...
compiling lcd.c...
compiling 74LV4052.c...
compiling servo.c...
compiling sydw.c...
..\Inc\sydw.h(53): warning:  #1-D: last line of file ends without a newline
  #endif
..\Sre\sydw.c: 1 warning, 0 errors
compiling jd.c...
..\Inc\jd.h(8): warning:  #1-D: last line of file ends without a newline
  #endif
..\Sre\jd.c(11): warning:  #1-D: last line of file ends without a newline
  	} 	
..\Sre\jd.c: 2 warnings, 0 errors
compiling timer.c...
..\Inc\sydw.h(53): warning:  #1-D: last line of file ends without a newline
  #endif
..\Inc\jd.h(8): warning:  #1-D: last line of file ends without a newline
  #endif
..\Inc\pid.h(20): warning:  #1-D: last line of file ends without a newline
  #endif
..\Inc\GPIO.h(21): warning:  #1-D: last line of file ends without a newline
  #endif
..\Inc\dac.h(23): warning:  #1-D: last line of file ends without a newline
  #endif
..\Sre\timer.c(127): warning:  #1-D: last line of file ends without a newline
  }
..\Sre\timer.c: 6 warnings, 0 errors
compiling sys.c...
compiling usart3.c...
..\Inc\usart3.h(16): warning:  #1-D: last line of file ends without a newline
  #endif
..\Sre\usart3.c: 1 warning, 0 errors
compiling beep.c...
..\Inc\beep.h(7): warning:  #1295-D: Deprecated declaration Drive_Beep - give arg types
  void Drive_Beep();
..\Inc\beep.h(9): warning:  #1-D: last line of file ends without a newline
  #endif
..\Sre\beep.c: 2 warnings, 0 errors
compiling esp8266.c...
..\Inc\esp8266.h(18): warning:  #1-D: last line of file ends without a newline
  #endif
..\Inc\usart3.h(16): warning:  #1-D: last line of file ends without a newline
  #endif
..\Sre\esp8266.c(123): warning:  #1-D: last line of file ends without a newline
  } 
..\Sre\esp8266.c: 3 warnings, 0 errors
compiling adc.c...
compiling pid.c...
..\Inc\pid.h(20): warning:  #1-D: last line of file ends without a newline
  #endif
..\Sre\pid.c(185): warning:  #1-D: last line of file ends without a newline
  }
..\Sre\pid.c: 2 warnings, 0 errors
assembling cr4_fft_256_stm32.s...
compiling uart2.c...
compiling GPIO.c...
..\Inc\GPIO.h(21): warning:  #1-D: last line of file ends without a newline
  #endif
..\Sre\GPIO.c(63): warning:  #1-D: last line of file ends without a newline
  }
..\Sre\GPIO.c: 2 warnings, 0 errors
assembling cr4_fft_1024_stm32.s...
compiling dac.c...
..\Inc\dac.h(23): warning:  #1-D: last line of file ends without a newline
  #endif
..\Sre\dac.c(51): warning:  #1-D: last line of file ends without a newline
  }
..\Sre\dac.c: 2 warnings, 0 errors
compiling uart4.c...
compiling BayesFunctions.c...
compiling main.c...
..\Inc\sydw.h(53): warning:  #1-D: last line of file ends without a newline
  #endif
..\Inc\jd.h(8): warning:  #1-D: last line of file ends without a newline
  #endif
..\Inc\usart3.h(16): warning:  #1-D: last line of file ends without a newline
  #endif
..\Inc\esp8266.h(18): warning:  #1-D: last line of file ends without a newline
  #endif
..\Inc\beep.h(7): warning:  #1295-D: Deprecated declaration Drive_Beep - give arg types
  void Drive_Beep();
..\Inc\beep.h(9): warning:  #1-D: last line of file ends without a newline
  #endif
..\Inc\pid.h(20): warning:  #1-D: last line of file ends without a newline
  #endif
..\Inc\GPIO.h(21): warning:  #1-D: last line of file ends without a newline
  #endif
..\Inc\dac.h(23): warning:  #1-D: last line of file ends without a newline
  #endif
..\Sre\main.c(102): warning:  #167-D: argument of type "u8 *" is incompatible with parameter of type "const char *"
  							u_angle = atoi(angle_cnt);
..\Sre\main.c(108): warning:  #186-D: pointless comparison of unsigned integer with zero
  							if(u_angle<0||u_angle>360)
..\Sre\main.c(28): warning:  #550-D: variable "len4"  was set but never used
  		u8 len,len4;
..\Sre\main.c(30): warning:  #177-D: variable "jj"  was declared but never referenced
  		u8* jj; 
..\Sre\main.c: 13 warnings, 0 errors
compiling ComplexMathFunctions.c...
compiling ControllerFunctions.c...
compiling BasicMathFunctions.c...
compiling FastMathFunctions.c...
compiling DistanceFunctions.c...
compiling SVMFunctions.c...
compiling MatrixFunctions.c...
compiling StatisticsFunctions.c...
compiling CommonTables.c...
compiling SupportFunctions.c...
compiling TransformFunctions.c...
compiling FilteringFunctions.c...
linking...
Program Size: Code=50982 RO-data=6862 RW-data=252 ZI-data=2784  
FromELF: creating hex file...
"..\Output\CT117E-LCD.axf" - 0 Error(s), 34 Warning(s).

<h2>Software Packages used:</h2>

Package Vendor: ARM
                http://www.keil.com/pack/ARM.CMSIS.5.7.0.pack
                ARM.CMSIS.5.7.0
                CMSIS (Cortex Microcontroller Software Interface Standard)
   * Component: CORE Version: 5.4.0
   * Component: DSP Variant: Source Version: 1.8.0

Package Vendor: Keil
                http://www.keil.com/pack/Keil.STM32F1xx_DFP.2.3.0.pack
                Keil.STM32F1xx_DFP.2.3.0
                STMicroelectronics STM32F1 Series Device Support, Drivers and Examples

<h2>Collection of Component include folders:</h2>
  .\RTE\_Target_1
  D:\qq\keil5\Arm\Packs\ARM\CMSIS\5.7.0\CMSIS\Core\Include
  D:\qq\keil5\Arm\Packs\ARM\CMSIS\5.7.0\CMSIS\DSP\Include
  D:\qq\keil5\Arm\Packs\ARM\CMSIS\5.7.0\CMSIS\DSP\PrivateInclude
  D:\qq\keil5\Arm\Packs\Keil\STM32F1xx_DFP\2.3.0\Device\Include

<h2>Collection of Component Files used:</h2>

   * Component: ARM::CMSIS:CORE:5.4.0

   * Component: ARM::CMSIS:DSP:Source:1.8.0
      Source file:   CMSIS\DSP\Source\ComplexMathFunctions\ComplexMathFunctions.c
      Include file:  CMSIS\DSP\Include\arm_math.h
      Source file:   CMSIS\DSP\Source\StatisticsFunctions\StatisticsFunctions.c
      Source file:   CMSIS\DSP\Source\BasicMathFunctions\BasicMathFunctions.c
      Source file:   CMSIS\DSP\Source\CommonTables\CommonTables.c
      Source file:   CMSIS\DSP\Source\DistanceFunctions\DistanceFunctions.c
      Source file:   CMSIS\DSP\Source\FastMathFunctions\FastMathFunctions.c
      Source file:   CMSIS\DSP\Source\SupportFunctions\SupportFunctions.c
      Source file:   CMSIS\DSP\Source\MatrixFunctions\MatrixFunctions.c
      Source file:   CMSIS\DSP\Source\SVMFunctions\SVMFunctions.c
      Source file:   CMSIS\DSP\Source\TransformFunctions\TransformFunctions.c
      Source file:   CMSIS\DSP\Source\BayesFunctions\BayesFunctions.c
      Source file:   CMSIS\DSP\Source\ControllerFunctions\ControllerFunctions.c
      Source file:   CMSIS\DSP\Source\FilteringFunctions\FilteringFunctions.c
Build Time Elapsed:  00:00:11
</pre>
</body>
</html>
