<html>
<body>
<pre>
<h1>µVision Build Log</h1>
<h2>Tool Versions:</h2>
IDE-Version: ¦ÌVision V5.31.0.0
Copyright (C) 2020 ARM Ltd and ARM Germany GmbH. All rights reserved.
License Information: 1 LSW, 1, LIC=UJWP0-BB8Y9-QDXKD-8S6E9-FI8FC-K75JI
 
Tool Versions:
Toolchain:       MDK-ARM Plus  Version: 5.31.0.0
Toolchain Path:  D:\Keil\ARM\ARMCC\Bin
C Compiler:      Armcc.exe V5.06 update 6 (build 750)
Assembler:       Armasm.exe V5.06 update 6 (build 750)
Linker/Locator:  ArmLink.exe V5.06 update 6 (build 750)
Library Manager: ArmAr.exe V5.06 update 6 (build 750)
Hex Converter:   FromElf.exe V5.06 update 6 (build 750)
CPU DLL:         SARMCM3.DLL V5.31.0.0
Dialog DLL:      DARMSTM.DLL V1.68.0.0
Target DLL:      STLink\ST-LINKIII-KEIL_SWO.dll V3.0.7.0
Dialog DLL:      TARMSTM.DLL V1.66.0.0
 
<h2>Project:</h2>
C:\Users\LSW\Desktop\32\ÉùÔ´¶¨Î»A2.0\CT117E-LCD\Project\CT117E-LCD.uvprojx
Project File Date:  07/17/2022

<h2>Output:</h2>
*** Using Compiler 'V5.06 update 6 (build 750)', folder: 'D:\Keil\ARM\ARMCC\Bin'
Rebuild target 'Target 1'
assembling startup_stm32f10x_md.s...
compiling core_cm3.c...
compiling misc.c...
compiling stm32f10x_gpio.c...
compiling system_stm32f10x.c...
compiling stm32f10x_dma.c...
compiling stm32f10x_spi.c...
compiling stm32f10x_rcc.c...
compiling stm32f10x_fsmc.c...
compiling stm32f10x_dac.c...
compiling stm32f10x_adc.c...
compiling stm32f10x_exti.c...
compiling stm32f10x_usart.c...
compiling stm32f10x_it.c...
compiling key.c...
compiling stm32f10x_tim.c...
compiling SK9822.c...
compiling MicArray.c...
compiling led.c...
compiling delay.c...
compiling malloc.c...
compiling usart.c...
compiling lcd.c...
compiling servo.c...
compiling 74LV4052.c...
compiling sydw.c...
..\Inc\sydw.h(53): warning:  #1-D: last line of file ends without a newline
  #endif
..\Sre\sydw.c: 1 warning, 0 errors
compiling jd.c...
..\Inc\jd.h(8): warning:  #1-D: last line of file ends without a newline
  #endif
..\Sre\jd.c(11): warning:  #1-D: last line of file ends without a newline
  	} 	
..\Sre\jd.c: 2 warnings, 0 errors
compiling sys.c...
compiling timer.c...
..\Inc\sydw.h(53): warning:  #1-D: last line of file ends without a newline
  #endif
..\Inc\jd.h(8): warning:  #1-D: last line of file ends without a newline
  #endif
..\Inc\pid.h(20): warning:  #1-D: last line of file ends without a newline
  #endif
..\Inc\GPIO.h(25): warning:  #1-D: last line of file ends without a newline
  #endif
..\Inc\dac.h(23): warning:  #1-D: last line of file ends without a newline
  #endif
..\Inc\Draw.h(8): warning:  #1-D: last line of file ends without a newline
  #endif
..\Sre\timer.c(126): warning:  #1-D: last line of file ends without a newline
  }
..\Sre\timer.c: 7 warnings, 0 errors
compiling usart3.c...
..\Inc\usart3.h(16): warning:  #1-D: last line of file ends without a newline
  #endif
..\Sre\usart3.c: 1 warning, 0 errors
compiling beep.c...
..\Inc\beep.h(7): warning:  #1295-D: Deprecated declaration Drive_Beep - give arg types
  void Drive_Beep();
..\Inc\beep.h(9): warning:  #1-D: last line of file ends without a newline
  #endif
..\Sre\beep.c: 2 warnings, 0 errors
compiling pid.c...
..\Inc\pid.h(20): warning:  #1-D: last line of file ends without a newline
  #endif
..\Sre\pid.c(185): warning:  #1-D: last line of file ends without a newline
  }
..\Sre\pid.c: 2 warnings, 0 errors
compiling GPIO.c...
..\Inc\GPIO.h(25): warning:  #1-D: last line of file ends without a newline
  #endif
..\Sre\GPIO.c(81): warning:  #1-D: last line of file ends without a newline
  }
..\Sre\GPIO.c: 2 warnings, 0 errors
compiling esp8266.c...
..\Inc\esp8266.h(19): warning:  #1-D: last line of file ends without a newline
  #endif
..\Inc\usart3.h(16): warning:  #1-D: last line of file ends without a newline
  #endif
..\Sre\esp8266.c(154): warning:  #1-D: last line of file ends without a newline
  } 
..\Sre\esp8266.c: 3 warnings, 0 errors
compiling adc.c...
compiling dac.c...
..\Inc\dac.h(23): warning:  #1-D: last line of file ends without a newline
  #endif
..\Sre\dac.c(51): warning:  #1-D: last line of file ends without a newline
  }
..\Sre\dac.c: 2 warnings, 0 errors
compiling uart2.c...
assembling cr4_fft_256_stm32.s...
assembling cr4_fft_1024_stm32.s...
compiling BayesFunctions.c...
compiling BasicMathFunctions.c...
compiling Draw.c...
..\Inc\Draw.h(8): warning:  #1-D: last line of file ends without a newline
  #endif
..\Inc\Draw.c: 1 warning, 0 errors
compiling uart4.c...
compiling ComplexMathFunctions.c...
compiling main.c...
..\Inc\sydw.h(53): warning:  #1-D: last line of file ends without a newline
  #endif
..\Inc\jd.h(8): warning:  #1-D: last line of file ends without a newline
  #endif
..\Inc\usart3.h(16): warning:  #1-D: last line of file ends without a newline
  #endif
..\Inc\esp8266.h(19): warning:  #1-D: last line of file ends without a newline
  #endif
..\Inc\beep.h(7): warning:  #1295-D: Deprecated declaration Drive_Beep - give arg types
  void Drive_Beep();
..\Inc\beep.h(9): warning:  #1-D: last line of file ends without a newline
  #endif
..\Inc\pid.h(20): warning:  #1-D: last line of file ends without a newline
  #endif
..\Inc\GPIO.h(25): warning:  #1-D: last line of file ends without a newline
  #endif
..\Inc\dac.h(23): warning:  #1-D: last line of file ends without a newline
  #endif
..\Sre\main.c(120): warning:  #167-D: argument of type "u8 *" is incompatible with parameter of type "const char *"
  								u_angle = atoi(angle_cnt);
..\Sre\main.c(121): warning:  #186-D: pointless comparison of unsigned integer with zero
  								if(u_angle<0||u_angle>360);
..\Sre\main.c(142): warning:  #167-D: argument of type "u8 *" is incompatible with parameter of type "const char *"
  							u_angle = atoi(angle_cnt);
..\Sre\main.c(145): warning:  #186-D: pointless comparison of unsigned integer with zero
  								if(u_angle<0||u_angle>360);
..\Sre\main.c(169): warning:  #223-D: function "delay_s" declared implicitly
  							delay_s(5);
..\Sre\main.c(189): warning:  #223-D: function "delay_s" declared implicitly
  													delay_s(30);break;
..\Sre\main.c(204): warning:  #167-D: argument of type "u8 *" is incompatible with parameter of type "const char *"
  								u_angle = atoi(angle_cnt);
..\Sre\main.c(207): warning:  #186-D: pointless comparison of unsigned integer with zero
  									if(u_angle<0||u_angle>360);
..\Sre\main.c(247): warning:  #223-D: function "delay_s" declared implicitly
  						delay_s(2);
..\Sre\main.c(28): warning:  #177-D: variable "len4"  was declared but never referenced
  		u8 len,len4,beep_flag=1,moku_flag=0;
..\Sre\main.c: 19 warnings, 0 errors
compiling ControllerFunctions.c...
compiling DistanceFunctions.c...
compiling FastMathFunctions.c...
compiling MatrixFunctions.c...
compiling SVMFunctions.c...
compiling CommonTables.c...
compiling StatisticsFunctions.c...
compiling SupportFunctions.c...
compiling FilteringFunctions.c...
compiling TransformFunctions.c...
linking...
Program Size: Code=55302 RO-data=6862 RW-data=264 ZI-data=2988  
FromELF: creating hex file...
"..\Output\CT117E-LCD.axf" - 0 Error(s), 42 Warning(s).

<h2>Software Packages used:</h2>

Package Vendor: ARM
                http://www.keil.com/pack/ARM.CMSIS.5.7.0.pack
                ARM.CMSIS.5.7.0
                CMSIS (Cortex Microcontroller Software Interface Standard)
   * Component: CORE Version: 5.4.0
   * Component: DSP Variant: Source Version: 1.8.0

Package Vendor: Keil
                http://www.keil.com/pack/Keil.STM32F1xx_DFP.2.3.0.pack
                Keil.STM32F1xx_DFP.2.3.0
                STMicroelectronics STM32F1 Series Device Support, Drivers and Examples

<h2>Collection of Component include folders:</h2>
  .\RTE\_Target_1
  D:\Keil\ARM\PACK\ARM\CMSIS\5.7.0\CMSIS\Core\Include
  D:\Keil\ARM\PACK\ARM\CMSIS\5.7.0\CMSIS\DSP\Include
  D:\Keil\ARM\PACK\ARM\CMSIS\5.7.0\CMSIS\DSP\PrivateInclude
  D:\Keil\ARM\PACK\Keil\STM32F1xx_DFP\2.3.0\Device\Include

<h2>Collection of Component Files used:</h2>

   * Component: ARM::CMSIS:CORE:5.4.0

   * Component: ARM::CMSIS:DSP:Source:1.8.0
      Source file:   CMSIS\DSP\Source\BasicMathFunctions\BasicMathFunctions.c
      Source file:   CMSIS\DSP\Source\CommonTables\CommonTables.c
      Include file:  CMSIS\DSP\Include\arm_math.h
      Source file:   CMSIS\DSP\Source\BayesFunctions\BayesFunctions.c
      Source file:   CMSIS\DSP\Source\DistanceFunctions\DistanceFunctions.c
      Source file:   CMSIS\DSP\Source\SupportFunctions\SupportFunctions.c
      Source file:   CMSIS\DSP\Source\ControllerFunctions\ControllerFunctions.c
      Source file:   CMSIS\DSP\Source\ComplexMathFunctions\ComplexMathFunctions.c
      Source file:   CMSIS\DSP\Source\FilteringFunctions\FilteringFunctions.c
      Source file:   CMSIS\DSP\Source\MatrixFunctions\MatrixFunctions.c
      Source file:   CMSIS\DSP\Source\StatisticsFunctions\StatisticsFunctions.c
      Source file:   CMSIS\DSP\Source\TransformFunctions\TransformFunctions.c
      Source file:   CMSIS\DSP\Source\FastMathFunctions\FastMathFunctions.c
      Source file:   CMSIS\DSP\Source\SVMFunctions\SVMFunctions.c
Build Time Elapsed:  00:00:15
</pre>
</body>
</html>
